Component: ARM Compiler 5.06 update 1 (build 61) Tool: armlink [4d35a8]

==============================================================================

Section Cross References

    main.o(.text) refers to delay.o(.text) for delay_init
    main.o(.text) refers to usart.o(.text) for uart_init
    main.o(.text) refers to led.o(.text) for LED_Init
    main.o(.text) refers to iic.o(.text) for IIC_Init
    main.o(.text) refers to mpu6050.o(.text) for MPU6050_initialize
    main.o(.text) refers to pid.o(.text) for PID_Init
    main.o(.text) refers to time.o(.text) for TIM3_Config
    main.o(.text) refers to misc.o(.text) for NVIC_PriorityGroupConfig
    main.o(.text) refers to motor.o(.text) for MiniBalance_Motor_Init
    main.o(.text) refers to encoder.o(.text) for Encoder_Init_TIM2
    system_stm32f10x.o(.text) refers to system_stm32f10x.o(.data) for SystemCoreClock
    startup_stm32f10x_md.o(RESET) refers to startup_stm32f10x_md.o(STACK) for __initial_sp
    startup_stm32f10x_md.o(RESET) refers to startup_stm32f10x_md.o(.text) for Reset_Handler
    startup_stm32f10x_md.o(RESET) refers to stm32f10x_it.o(.text) for NMI_Handler
    startup_stm32f10x_md.o(RESET) refers to encoder.o(.text) for TIM2_IRQHandler
    startup_stm32f10x_md.o(RESET) refers to time.o(.text) for TIM3_IRQHandler
    startup_stm32f10x_md.o(RESET) refers to usart.o(.text) for USART1_IRQHandler
    startup_stm32f10x_md.o(.text) refers to system_stm32f10x.o(.text) for SystemInit
    startup_stm32f10x_md.o(.text) refers to entry.o(.ARM.Collect$$$$00000000) for __main
    stm32f10x_adc.o(.text) refers to stm32f10x_rcc.o(.text) for RCC_APB2PeriphResetCmd
    stm32f10x_bkp.o(.text) refers to stm32f10x_rcc.o(.text) for RCC_BackupResetCmd
    stm32f10x_can.o(.text) refers to stm32f10x_rcc.o(.text) for RCC_APB1PeriphResetCmd
    stm32f10x_cec.o(.text) refers to stm32f10x_rcc.o(.text) for RCC_APB1PeriphResetCmd
    stm32f10x_dac.o(.text) refers to stm32f10x_rcc.o(.text) for RCC_APB1PeriphResetCmd
    stm32f10x_gpio.o(.text) refers to stm32f10x_rcc.o(.text) for RCC_APB2PeriphResetCmd
    stm32f10x_i2c.o(.text) refers to stm32f10x_rcc.o(.text) for RCC_APB1PeriphResetCmd
    stm32f10x_pwr.o(.text) refers to stm32f10x_rcc.o(.text) for RCC_APB1PeriphResetCmd
    stm32f10x_rcc.o(.text) refers to stm32f10x_rcc.o(.data) for APBAHBPrescTable
    stm32f10x_spi.o(.text) refers to stm32f10x_rcc.o(.text) for RCC_APB2PeriphResetCmd
    stm32f10x_tim.o(.text) refers to stm32f10x_rcc.o(.text) for RCC_APB2PeriphResetCmd
    stm32f10x_usart.o(.text) refers to stm32f10x_rcc.o(.text) for RCC_APB2PeriphResetCmd
    stm32f10x_wwdg.o(.text) refers to stm32f10x_rcc.o(.text) for RCC_APB1PeriphResetCmd
    delay.o(.text) refers to misc.o(.text) for SysTick_CLKSourceConfig
    delay.o(.text) refers to system_stm32f10x.o(.data) for SystemCoreClock
    delay.o(.text) refers to delay.o(.data) for fac_us
    usart.o(.text) refers to stm32f10x_rcc.o(.text) for RCC_APB2PeriphClockCmd
    usart.o(.text) refers to stm32f10x_gpio.o(.text) for GPIO_Init
    usart.o(.text) refers to misc.o(.text) for NVIC_Init
    usart.o(.text) refers to stm32f10x_usart.o(.text) for USART_Init
    usart.o(.text) refers to usart.o(.data) for USART_RX_STA
    usart.o(.text) refers to usart.o(.bss) for USART_RX_BUF
    led.o(.text) refers to stm32f10x_rcc.o(.text) for RCC_APB2PeriphClockCmd
    led.o(.text) refers to stm32f10x_gpio.o(.text) for GPIO_Init
    time.o(.text) refers to stm32f10x_rcc.o(.text) for RCC_APB1PeriphClockCmd
    time.o(.text) refers to stm32f10x_tim.o(.text) for TIM_TimeBaseInit
    time.o(.text) refers to misc.o(.text) for NVIC_Init
    time.o(.text) refers to pid.o(.text) for calculation
    mpu6050.o(.text) refers to inv_mpu.o(.text) for mpu_run_self_test
    mpu6050.o(.text) refers to fflti.o(.text) for __aeabi_i2f
    mpu6050.o(.text) refers to fmul.o(.text) for __aeabi_fmul
    mpu6050.o(.text) refers to ffixi.o(.text) for __aeabi_f2iz
    mpu6050.o(.text) refers to inv_mpu_dmp_motion_driver.o(.text) for dmp_set_gyro_bias
    mpu6050.o(.text) refers to printfa.o(i.__0printf) for __2printf
    mpu6050.o(.text) refers to iic.o(.text) for IICwriteBits
    mpu6050.o(.text) refers to fdiv.o(.text) for __aeabi_fdiv
    mpu6050.o(.text) refers to mpu6050.o(.bss) for MPU6050_FIFO
    mpu6050.o(.text) refers to mpu6050.o(.data) for gyro_orientation
    mpu6050.o(.text) refers to fadd.o(.text) for __aeabi_fadd
    mpu6050.o(.text) refers to f2d.o(.text) for __aeabi_f2d
    mpu6050.o(.text) refers to asin.o(i.asin) for asin
    mpu6050.o(.text) refers to dmul.o(.text) for __aeabi_dmul
    mpu6050.o(.text) refers to d2f.o(.text) for __aeabi_d2f
    mpu6050.o(.text) refers to atan2.o(i.atan2) for atan2
    mpu6050.o(.text) refers to cfrcmple.o(.text) for __aeabi_cfrcmple
    mpu6050.o(.text) refers to dadd.o(.text) for __aeabi_dadd
    iic.o(.text) refers to delay.o(.text) for delay_us
    iic.o(.text) refers to stm32f10x_rcc.o(.text) for RCC_APB2PeriphClockCmd
[...]
    ../clib/microlib/init/entry.s            0x00000000   Number         0  entry5.o ABSOLUTE
    ../clib/microlib/init/entry.s            0x00000000   Number         0  entry7b.o ABSOLUTE
    ../clib/microlib/init/entry.s            0x00000000   Number         0  entry8a.o ABSOLUTE
    ../clib/microlib/init/entry.s            0x00000000   Number         0  entry10b.o ABSOLUTE
    ../clib/microlib/init/entry.s            0x00000000   Number         0  entry11a.o ABSOLUTE
    ../clib/microlib/init/entry.s            0x00000000   Number         0  entry11b.o ABSOLUTE
    ../clib/microlib/longlong.c              0x00000000   Number         0  llshl.o ABSOLUTE
    ../clib/microlib/longlong.c              0x00000000   Number         0  llushr.o ABSOLUTE
    ../clib/microlib/longlong.c              0x00000000   Number         0  llsshr.o ABSOLUTE
    ../clib/microlib/printf/printf.c         0x00000000   Number         0  printf4.o ABSOLUTE
    ../clib/microlib/printf/printf.c         0x00000000   Number         0  printfa.o ABSOLUTE
    ../clib/microlib/printf/printf.c         0x00000000   Number         0  printf8.o ABSOLUTE
    ../clib/microlib/printf/printf.c         0x00000000   Number         0  printf7.o ABSOLUTE
    ../clib/microlib/printf/printf.c         0x00000000   Number         0  printf6.o ABSOLUTE
    ../clib/microlib/printf/printf.c         0x00000000   Number         0  printfb.o ABSOLUTE
    ../clib/microlib/printf/printf.c         0x00000000   Number         0  printf5.o ABSOLUTE
    ../clib/microlib/printf/printf.c         0x00000000   Number         0  printf3.o ABSOLUTE
    ../clib/microlib/printf/printf.c         0x00000000   Number         0  printf2.o ABSOLUTE
    ../clib/microlib/printf/printf.c         0x00000000   Number         0  printf1.o ABSOLUTE
    ../clib/microlib/printf/printf.c         0x00000000   Number         0  printf0.o ABSOLUTE
    ../clib/microlib/printf/stubs.s          0x00000000   Number         0  stubs.o ABSOLUTE
    ../clib/microlib/string/memcmp.c         0x00000000   Number         0  memcmp.o ABSOLUTE
    ../clib/microlib/string/memset.c         0x00000000   Number         0  memseta.o ABSOLUTE
    ../clib/microlib/stubs.s                 0x00000000   Number         0  iusefp.o ABSOLUTE
    ../clib/microlib/stubs.s                 0x00000000   Number         0  useno.o ABSOLUTE
    ../fplib/microlib/d2f.c                  0x00000000   Number         0  d2f.o ABSOLUTE
    ../fplib/microlib/f2d.c                  0x00000000   Number         0  f2d.o ABSOLUTE
    ../fplib/microlib/fpadd.c                0x00000000   Number         0  fadd.o ABSOLUTE
    ../fplib/microlib/fpadd.c                0x00000000   Number         0  dadd.o ABSOLUTE
    ../fplib/microlib/fpdiv.c                0x00000000   Number         0  fdiv.o ABSOLUTE
    ../fplib/microlib/fpdiv.c                0x00000000   Number         0  ddiv.o ABSOLUTE
    ../fplib/microlib/fpepilogue.c           0x00000000   Number         0  depilogue.o ABSOLUTE
    ../fplib/microlib/fpepilogue.c           0x00000000   Number         0  fepilogue.o ABSOLUTE
    ../fplib/microlib/fpfix.c                0x00000000   Number         0  dfixi.o ABSOLUTE
    ../fplib/microlib/fpfix.c                0x00000000   Number         0  ffixui.o ABSOLUTE
    ../fplib/microlib/fpfix.c                0x00000000   Number         0  ffixi.o ABSOLUTE
    ../fplib/microlib/fpfix.c                0x00000000   Number         0  dfixul.o ABSOLUTE
    ../fplib/microlib/fpflt.c                0x00000000   Number         0  ffltui.o ABSOLUTE
    ../fplib/microlib/fpflt.c                0x00000000   Number         0  fflti.o ABSOLUTE
    ../fplib/microlib/fpflt.c                0x00000000   Number         0  dflti.o ABSOLUTE
    ../fplib/microlib/fpmul.c                0x00000000   Number         0  fmul.o ABSOLUTE
    ../fplib/microlib/fpmul.c                0x00000000   Number         0  dmul.o ABSOLUTE
    ../fplib/microlib/fpscalb.c              0x00000000   Number         0  dscalb.o ABSOLUTE
    ../fplib/microlib/fpsqrt.c               0x00000000   Number         0  dsqrt.o ABSOLUTE
    ../mathlib/asin.c                        0x00000000   Number         0  asin_x.o ABSOLUTE
    ../mathlib/asin.c                        0x00000000   Number         0  asin.o ABSOLUTE
    ../mathlib/atan.c                        0x00000000   Number         0  atan.o ABSOLUTE
    ../mathlib/atan.c                        0x00000000   Number         0  atan_x.o ABSOLUTE
    ../mathlib/atan2.c                       0x00000000   Number         0  atan2.o ABSOLUTE
    ../mathlib/atan2.c                       0x00000000   Number         0  atan2_x.o ABSOLUTE
    ../mathlib/dunder.c                      0x00000000   Number         0  dunder.o ABSOLUTE
    ../mathlib/fpclassify.c                  0x00000000   Number         0  fpclassify.o ABSOLUTE
    ../mathlib/poly.c                        0x00000000   Number         0  poly.o ABSOLUTE
    ../mathlib/qnan.c                        0x00000000   Number         0  qnan.o ABSOLUTE
    ../mathlib/sqrt.c                        0x00000000   Number         0  sqrt.o ABSOLUTE
    ../mathlib/sqrt.c                        0x00000000   Number         0  sqrt_x.o ABSOLUTE
    ..\CORE\core_cm3.c                       0x00000000   Number         0  core_cm3.o ABSOLUTE
    ..\CORE\startup_stm32f10x_md.s           0x00000000   Number         0  startup_stm32f10x_md.o ABSOLUTE
    ..\HARDWARE\Encoder\encoder.c            0x00000000   Number         0  encoder.o ABSOLUTE
    ..\HARDWARE\LED\led.c                    0x00000000   Number         0  led.o ABSOLUTE
    ..\HARDWARE\MOTOR\motor.c                0x00000000   Number         0  motor.o ABSOLUTE
    ..\HARDWARE\MPU6050\DMP\inv_mpu.c        0x00000000   Number         0  inv_mpu.o ABSOLUTE
    ..\HARDWARE\MPU6050\DMP\inv_mpu_dmp_motion_driver.c 0x00000000   Number         0  inv_mpu_dmp_motion_driver.o ABSOLUTE
    ..\HARDWARE\MPU6050\IIC\IIC.c            0x00000000   Number         0  iic.o ABSOLUTE
    ..\HARDWARE\MPU6050\MPU6050.c            0x00000000   Number         0  mpu6050.o ABSOLUTE
    ..\HARDWARE\PID\pid.c                    0x00000000   Number         0  pid.o ABSOLUTE
    ..\HARDWARE\TIME23\TIME.c                0x00000000   Number         0  time.o ABSOLUTE
    ..\STM32F10x_FWLib\src\misc.c            0x00000000   Number         0  misc.o ABSOLUTE
    ..\STM32F10x_FWLib\src\stm32f10x_adc.c   0x00000000   Number         0  stm32f10x_adc.o ABSOLUTE
    ..\STM32F10x_FWLib\src\stm32f10x_bkp.c   0x00000000   Number         0  stm32f10x_bkp.o ABSOLUTE
    ..\STM32F10x_FWLib\src\stm32f10x_can.c   0x00000000   Number         0  stm32f10x_can.o ABSOLUTE
    ..\STM32F10x_FWLib\src\stm32f10x_cec.c   0x00000000   Number         0  stm32f10x_cec.o ABSOLUTE
    ..\STM32F10x_FWLib\src\stm32f10x_crc.c   0x00000000   Number         0  stm32f10x_crc.o ABSOLUTE
    ..\STM32F10x_FWLib\src\stm32f10x_dac.c   0x00000000   Number         0  stm32f10x_dac.o ABSOLUTE
    ..\STM32F10x_FWLib\src\stm32f10x_dbgmcu.c 0x00000000   Number         0  stm32f10x_dbgmcu.o ABSOLUTE
    ..\STM32F10x_FWLib\src\stm32f10x_dma.c   0x00000000   Number         0  stm32f10x_dma.o ABSOLUTE
    ..\STM32F10x_FWLib\src\stm32f10x_exti.c  0x00000000   Number         0  stm32f10x_exti.o ABSOLUTE
    ..\STM32F10x_FWLib\src\stm32f10x_flash.c 0x00000000   Number         0  stm32f10x_flash.o ABSOLUTE
    ..\STM32F10x_FWLib\src\stm32f10x_fsmc.c  0x00000000   Number         0  stm32f10x_fsmc.o ABSOLUTE
    ..\STM32F10x_FWLib\src\stm32f10x_gpio.c  0x00000000   Number         0  stm32f10x_gpio.o ABSOLUTE
    ..\STM32F10x_FWLib\src\stm32f10x_i2c.c   0x00000000   Number         0  stm32f10x_i2c.o ABSOLUTE
    ..\STM32F10x_FWLib\src\stm32f10x_iwdg.c  0x00000000   Number         0  stm32f10x_iwdg.o ABSOLUTE
    ..\STM32F10x_FWLib\src\stm32f10x_pwr.c   0x00000000   Number         0  stm32f10x_pwr.o ABSOLUTE
    ..\STM32F10x_FWLib\src\stm32f10x_rcc.c   0x00000000   Number         0  stm32f10x_rcc.o ABSOLUTE
    ..\STM32F10x_FWLib\src\stm32f10x_rtc.c   0x00000000   Number         0  stm32f10x_rtc.o ABSOLUTE
    ..\STM32F10x_FWLib\src\stm32f10x_sdio.c  0x00000000   Number         0  stm32f10x_sdio.o ABSOLUTE
    ..\STM32F10x_FWLib\src\stm32f10x_spi.c   0x00000000   Number         0  stm32f10x_spi.o ABSOLUTE
    ..\STM32F10x_FWLib\src\stm32f10x_tim.c   0x00000000   Number         0  stm32f10x_tim.o ABSOLUTE
    ..\STM32F10x_FWLib\src\stm32f10x_usart.c 0x00000000   Number         0  stm32f10x_usart.o ABSOLUTE
    ..\STM32F10x_FWLib\src\stm32f10x_wwdg.c  0x00000000   Number         0  stm32f10x_wwdg.o ABSOLUTE
    ..\SYSTEM\delay\delay.c                  0x00000000   Number         0  delay.o ABSOLUTE
    ..\SYSTEM\sys\sys.c                      0x00000000   Number         0  sys.o ABSOLUTE
    ..\SYSTEM\usart\usart.c                  0x00000000   Number         0  usart.o ABSOLUTE
    ..\\CORE\\core_cm3.c                     0x00000000   Number         0  core_cm3.o ABSOLUTE
    ..\\SYSTEM\\sys\\sys.c                   0x00000000   Number         0  sys.o ABSOLUTE
    cdcmple.s                                0x00000000   Number         0  cdcmple.o ABSOLUTE
    cdrcmple.s                               0x00000000   Number         0  cdrcmple.o ABSOLUTE
    cfcmple.s                                0x00000000   Number         0  cfcmple.o ABSOLUTE
    cfrcmple.s                               0x00000000   Number         0  cfrcmple.o ABSOLUTE
    dc.s                                     0x00000000   Number         0  dc.o ABSOLUTE
    handlers.s                               0x00000000   Number         0  handlers.o ABSOLUTE
    init.s                                   0x00000000   Number         0  init.o ABSOLUTE
    main.c                                   0x00000000   Number         0  main.o ABSOLUTE
    stm32f10x_it.c                           0x00000000   Number         0  stm32f10x_it.o ABSOLUTE
    system_stm32f10x.c                       0x00000000   Number         0  system_stm32f10x.o ABSOLUTE
    RESET                                    0x08000000   Section      236  startup_stm32f10x_md.o(RESET)
    .ARM.Collect$$$$00000000                 0x080000ec   Section        0  entry.o(.ARM.Collect$$$$00000000)
    .ARM.Collect$$$$00000001                 0x080000ec   Section        4  entry2.o(.ARM.Collect$$$$00000001)
    .ARM.Collect$$$$00000004                 0x080000f0   Section        4  entry5.o(.ARM.Collect$$$$00000004)
    .ARM.Collect$$$$00000008                 0x080000f4   Section        0  entry7b.o(.ARM.Collect$$$$00000008)
    .ARM.Collect$$$$0000000A                 0x080000f4   Section        0  entry8b.o(.ARM.Collect$$$$0000000A)
    .ARM.Collect$$$$0000000B                 0x080000f4   Section        8  entry9a.o(.ARM.Collect$$$$0000000B)
    .ARM.Collect$$$$0000000D                 0x080000fc   Section        0  entry10a.o(.ARM.Collect$$$$0000000D)
    .ARM.Collect$$$$0000000F                 0x080000fc   Section        0  entry11a.o(.ARM.Collect$$$$0000000F)
    .ARM.Collect$$$$00002712                 0x080000fc   Section        4  entry2.o(.ARM.Collect$$$$00002712)
    __lit__00000000                          0x080000fc   Data           4  entry2.o(.ARM.Collect$$$$00002712)
    .text                                    0x08000100   Section        0  main.o(.text)
    .text                                    0x08000152   Section        0  stm32f10x_it.o(.text)
    .text                                    0x0800016c   Section        0  system_stm32f10x.o(.text)
    SetSysClockTo72                          0x0800016d   Thumb Code   214  system_stm32f10x.o(.text)
    SetSysClock                              0x08000243   Thumb Code     8  system_stm32f10x.o(.text)
    .text                                    0x0800034c   Section       36  startup_stm32f10x_md.o(.text)
    .text                                    0x08000370   Section        0  misc.o(.text)
    .text                                    0x0800044c   Section        0  stm32f10x_gpio.o(.text)
    .text                                    0x080007a8   Section        0  stm32f10x_rcc.o(.text)
    .text                                    0x08000b4c   Section        0  stm32f10x_tim.o(.text)
    TI4_Config                               0x08000ff3   Thumb Code   130  stm32f10x_tim.o(.text)
    TI3_Config                               0x08001087   Thumb Code   122  stm32f10x_tim.o(.text)
    TI2_Config                               0x0800111b   Thumb Code   130  stm32f10x_tim.o(.text)
    TI1_Config                               0x080011af   Thumb Code   108  stm32f10x_tim.o(.text)
    .text                                    0x08001968   Section        0  stm32f10x_usart.o(.text)
    .text                                    0x08001d70   Section        0  delay.o(.text)
    .text                                    0x08001e44   Section        0  usart.o(.text)
    .text                                    0x08001f84   Section        0  led.o(.text)
    .text                                    0x08001fe4   Section        0  time.o(.text)
    .text                                    0x0800205c   Section        0  mpu6050.o(.text)
    inv_row_2_scale                          0x0800205d   Thumb Code    78  mpu6050.o(.text)
    inv_orientation_matrix_to_scalar         0x080020ab   Thumb Code    40  mpu6050.o(.text)
    run_self_test                            0x080020d3   Thumb Code   150  mpu6050.o(.text)
    .text                                    0x080029dc   Section        0  iic.o(.text)
    .text                                    0x08002f14   Section        0  inv_mpu.o(.text)
    set_int_enable                           0x08002f15   Thumb Code   138  inv_mpu.o(.text)
    get_accel_prod_shift                     0x0800415d   Thumb Code   168  inv_mpu.o(.text)
    accel_self_test                          0x08004205   Thumb Code   164  inv_mpu.o(.text)
    gyro_self_test                           0x080042a9   Thumb Code   280  inv_mpu.o(.text)
    get_st_biases                            0x080043c1   Thumb Code  1136  inv_mpu.o(.text)
    .text                                    0x08004da4   Section        0  inv_mpu_dmp_motion_driver.o(.text)
    decode_gesture                           0x08005859   Thumb Code    94  inv_mpu_dmp_motion_driver.o(.text)
    .text                                    0x08005b14   Section        0  motor.o(.text)
    .text                                    0x08005cfc   Section        0  pid.o(.text)
    .text                                    0x08005f0c   Section        0  encoder.o(.text)
    .text                                    0x080060b0   Section        0  ldiv.o(.text)
    .text                                    0x08006112   Section        0  memseta.o(.text)
    .text                                    0x08006136   Section        0  memcmp.o(.text)
    .text                                    0x08006150   Section        0  fadd.o(.text)
    .text                                    0x08006200   Section        0  fmul.o(.text)
    .text                                    0x08006264   Section        0  fdiv.o(.text)
    .text                                    0x080062e0   Section        0  dadd.o(.text)
    .text                                    0x0800642e   Section        0  dmul.o(.text)
    .text                                    0x08006512   Section        0  fflti.o(.text)
    .text                                    0x08006524   Section        0  ffltui.o(.text)
    .text                                    0x0800652e   Section        0  dflti.o(.text)
    .text                                    0x08006550   Section        0  ffixi.o(.text)
    .text                                    0x08006582   Section        0  ffixui.o(.text)
    .text                                    0x080065aa   Section        0  dfixi.o(.text)
    .text                                    0x080065e8   Section        0  f2d.o(.text)
    .text                                    0x0800660e   Section        0  d2f.o(.text)
    .text                                    0x08006648   Section       20  cfcmple.o(.text)
    .text                                    0x0800665c   Section       20  cfrcmple.o(.text)
    .text                                    0x08006670   Section        0  uidiv.o(.text)
    .text                                    0x0800669c   Section        0  uldiv.o(.text)
    .text                                    0x080066fe   Section        0  llshl.o(.text)
    .text                                    0x0800671c   Section        0  llushr.o(.text)
    .text                                    0x0800673c   Section        0  llsshr.o(.text)
    .text                                    0x08006760   Section        0  fepilogue.o(.text)
    .text                                    0x08006760   Section        0  iusefp.o(.text)
    .text                                    0x080067ce   Section        0  depilogue.o(.text)
    .text                                    0x08006888   Section        0  ddiv.o(.text)
    .text                                    0x08006966   Section        0  dscalb.o(.text)
    .text                                    0x08006994   Section        0  dfixul.o(.text)
    .text                                    0x080069c4   Section       48  cdrcmple.o(.text)
    .text                                    0x080069f4   Section       36  init.o(.text)
    .text                                    0x08006a18   Section        0  dsqrt.o(.text)
    i.__0printf                              0x08006abc   Section        0  printfa.o(i.__0printf)
    i.__ARM_fpclassify                       0x08006adc   Section        0  fpclassify.o(i.__ARM_fpclassify)
    i.__kernel_poly                          0x08006b04   Section        0  poly.o(i.__kernel_poly)
    i.__mathlib_dbl_infnan                   0x08006bae   Section        0  dunder.o(i.__mathlib_dbl_infnan)
    i.__mathlib_dbl_infnan2                  0x08006bb4   Section        0  dunder.o(i.__mathlib_dbl_infnan2)
    i.__mathlib_dbl_invalid                  0x08006bb8   Section        0  dunder.o(i.__mathlib_dbl_invalid)
    i.__mathlib_dbl_underflow                0x08006bc4   Section        0  dunder.o(i.__mathlib_dbl_underflow)
    i.__scatterload_copy                     0x08006bd4   Section       14  handlers.o(i.__scatterload_copy)
    i.__scatterload_null                     0x08006be2   Section        2  handlers.o(i.__scatterload_null)
    i.__scatterload_zeroinit                 0x08006be4   Section       14  handlers.o(i.__scatterload_zeroinit)
    i.__set_errno                            0x08006bf4   Section        0  errno.o(i.__set_errno)
    i._fp_digits                             0x08006c00   Section        0  printfa.o(i._fp_digits)
    _fp_digits                               0x08006c01   Thumb Code   334  printfa.o(i._fp_digits)
    i._printf_core                           0x08006d64   Section        0  printfa.o(i._printf_core)
    _printf_core                             0x08006d65   Thumb Code  1744  printfa.o(i._printf_core)
    i._printf_post_padding                   0x08007440   Section        0  printfa.o(i._printf_post_padding)
    _printf_post_padding                     0x08007441   Thumb Code    36  printfa.o(i._printf_post_padding)
    i._printf_pre_padding                    0x08007464   Section        0  printfa.o(i._printf_pre_padding)
    _printf_pre_padding                      0x08007465   Thumb Code    46  printfa.o(i._printf_pre_padding)
    i.asin                                   0x08007494   Section        0  asin.o(i.asin)
    i.atan                                   0x08007704   Section        0  atan.o(i.atan)
    i.atan2                                  0x08007924   Section        0  atan2.o(i.atan2)
    i.sqrt                                   0x08007aa4   Section        0  sqrt.o(i.sqrt)
    .constdata                               0x08007af0   Section       80  inv_mpu.o(.constdata)
    .constdata                               0x08007b40   Section     3062  inv_mpu_dmp_motion_driver.o(.constdata)
    dmp_memory                               0x08007b40   Data        3062  inv_mpu_dmp_motion_driver.o(.constdata)
    .constdata                               0x08008738   Section       80  asin.o(.constdata)
    pS                                       0x08008738   Data          48  asin.o(.constdata)
    qS                                       0x08008768   Data          32  asin.o(.constdata)
    .constdata                               0x08008788   Section      152  atan.o(.constdata)
    atanhi                                   0x08008788   Data          32  atan.o(.constdata)
    atanlo                                   0x080087a8   Data          32  atan.o(.constdata)
    aTodd                                    0x080087c8   Data          40  atan.o(.constdata)
    aTeven                                   0x080087f0   Data          48  atan.o(.constdata)
    .constdata                               0x08008820   Section        8  qnan.o(.constdata)
    .conststring                             0x08008828   Section       78  inv_mpu.o(.conststring)
    .data                                    0x20000000   Section       36  main.o(.data)
    .data                                    0x20000024   Section       20  system_stm32f10x.o(.data)
    .data                                    0x20000038   Section       20  stm32f10x_rcc.o(.data)
    APBAHBPrescTable                         0x20000038   Data          16  stm32f10x_rcc.o(.data)
    ADCPrescTable                            0x20000048   Data           4  stm32f10x_rcc.o(.data)
    .data                                    0x2000004c   Section        4  delay.o(.data)
    fac_us                                   0x2000004c   Data           1  delay.o(.data)
    fac_ms                                   0x2000004e   Data           2  delay.o(.data)
    .data                                    0x20000050   Section        6  usart.o(.data)
    .data                                    0x20000058   Section       48  mpu6050.o(.data)
    gyro_orientation                         0x20000078   Data           9  mpu6050.o(.data)
    .data                                    0x20000088   Section       44  inv_mpu.o(.data)
    st                                       0x20000088   Data          44  inv_mpu.o(.data)
    .data                                    0x200000b4   Section        9  motor.o(.data)
    .data                                    0x200000c0   Section        4  pid.o(.data)
    vel                                      0x200000c0   Data           4  pid.o(.data)
    .data                                    0x200000c4   Section        4  errno.o(.data)
    _errno                                   0x200000c4   Data           4  errno.o(.data)
    .bss                                     0x200000c8   Section      200  usart.o(.bss)
    .bss                                     0x20000190   Section      146  mpu6050.o(.bss)
    .bss                                     0x20000224   Section       16  inv_mpu_dmp_motion_driver.o(.bss)
    dmp                                      0x20000224   Data          16  inv_mpu_dmp_motion_driver.o(.bss)
    .bss                                     0x20000234   Section       48  pid.o(.bss)
    STACK                                    0x20000268   Section     1024  startup_stm32f10x_md.o(STACK)

    Global Symbols

    Symbol Name                              Value     Ov Type        Size  Object(Section)

    BuildAttributes$$THM_ISAv4$P$D$K$B$S$PE$A:L22UL41UL21$X:L11$S22US41US21$IEEE1$IW$USESV6$~STKCKD$USESV7$~SHL$OTIME$ROPI$IEEEX$EBA8$MICROLIB$REQ8$PRES8$EABIv2 0x00000000   Number         0  anon$$obj.o ABSOLUTE
    __ARM_use_no_argv                        0x00000000   Number         0  main.o ABSOLUTE
    __use_no_errno                           0x00000000   Number         0  useno.o ABSOLUTE
    __use_no_exception_handling              0x00000000   Number         0  useno.o ABSOLUTE
    __use_no_fp                              0x00000000   Number         0  useno.o ABSOLUTE
    __use_no_heap                            0x00000000   Number         0  useno.o ABSOLUTE
    __use_no_heap_region                     0x00000000   Number         0  useno.o ABSOLUTE
    __use_no_semihosting                     0x00000000   Number         0  useno.o ABSOLUTE
    __use_no_semihosting_swi                 0x00000000   Number         0  useno.o ABSOLUTE
    __use_no_signal_handling                 0x00000000   Number         0  useno.o ABSOLUTE
    _printf_a                                0x00000000   Number         0  stubs.o ABSOLUTE
    _printf_c                                0x00000000   Number         0  stubs.o ABSOLUTE
    _printf_charcount                        0x00000000   Number         0  stubs.o ABSOLUTE
    _printf_d                                0x00000000   Number         0  stubs.o ABSOLUTE
    _printf_e                                0x00000000   Number         0  stubs.o ABSOLUTE
    _printf_f                                0x00000000   Number         0  stubs.o ABSOLUTE
    _printf_flags                            0x00000000   Number         0  stubs.o ABSOLUTE
    _printf_fp_dec                           0x00000000   Number         0  stubs.o ABSOLUTE
    _printf_fp_hex                           0x00000000   Number         0  stubs.o ABSOLUTE
    _printf_g                                0x00000000   Number         0  stubs.o ABSOLUTE
    _printf_i                                0x00000000   Number         0  stubs.o ABSOLUTE
    _printf_int_dec                          0x00000000   Number         0  stubs.o ABSOLUTE
    _printf_l                                0x00000000   Number         0  stubs.o ABSOLUTE
    _printf_lc                               0x00000000   Number         0  stubs.o ABSOLUTE
    _printf_ll                               0x00000000   Number         0  stubs.o ABSOLUTE
    _printf_lld                              0x00000000   Number         0  stubs.o ABSOLUTE
    _printf_lli                              0x00000000   Number         0  stubs.o ABSOLUTE
    _printf_llo                              0x00000000   Number         0  stubs.o ABSOLUTE
    _printf_llu                              0x00000000   Number         0  stubs.o ABSOLUTE
    _printf_llx                              0x00000000   Number         0  stubs.o ABSOLUTE
    _printf_longlong_dec                     0x00000000   Number         0  stubs.o ABSOLUTE
    _printf_longlong_hex                     0x00000000   Number         0  stubs.o ABSOLUTE
    _printf_longlong_oct                     0x00000000   Number         0  stubs.o ABSOLUTE
    _printf_ls                               0x00000000   Number         0  stubs.o ABSOLUTE
    _printf_mbtowc                           0x00000000   Number         0  stubs.o ABSOLUTE
    _printf_n                                0x00000000   Number         0  stubs.o ABSOLUTE
    _printf_o                                0x00000000   Number         0  stubs.o ABSOLUTE
    _printf_p                                0x00000000   Number         0  stubs.o ABSOLUTE
    _printf_percent                          0x00000000   Number         0  stubs.o ABSOLUTE
    _printf_pre_padding                      0x00000000   Number         0  stubs.o ABSOLUTE
    _printf_return_value                     0x00000000   Number         0  stubs.o ABSOLUTE
    _printf_s                                0x00000000   Number         0  stubs.o ABSOLUTE
    _printf_sizespec                         0x00000000   Number         0  stubs.o ABSOLUTE
    _printf_str                              0x00000000   Number         0  stubs.o ABSOLUTE
    _printf_truncate_signed                  0x00000000   Number         0  stubs.o ABSOLUTE
    _printf_truncate_unsigned                0x00000000   Number         0  stubs.o ABSOLUTE
    _printf_u                                0x00000000   Number         0  stubs.o ABSOLUTE
    _printf_wc                               0x00000000   Number         0  stubs.o ABSOLUTE
    _printf_wctomb                           0x00000000   Number         0  stubs.o ABSOLUTE
    _printf_widthprec                        0x00000000   Number         0  stubs.o ABSOLUTE
    _printf_x                                0x00000000   Number         0  stubs.o ABSOLUTE
    __cpp_initialize__aeabi_                  - Undefined Weak Reference
    __cxa_finalize                            - Undefined Weak Reference
    __decompress                              - Undefined Weak Reference
    _clock_init                               - Undefined Weak Reference
    _microlib_exit                            - Undefined Weak Reference
    __Vectors_Size                           0x000000ec   Number         0  startup_stm32f10x_md.o ABSOLUTE
    __Vectors                                0x08000000   Data           4  startup_stm32f10x_md.o(RESET)
    __Vectors_End                            0x080000ec   Data           0  startup_stm32f10x_md.o(RESET)
    __main                                   0x080000ed   Thumb Code     0  entry.o(.ARM.Collect$$$$00000000)
    _main_stk                                0x080000ed   Thumb Code     0  entry2.o(.ARM.Collect$$$$00000001)
    _main_scatterload                        0x080000f1   Thumb Code     0  entry5.o(.ARM.Collect$$$$00000004)
    __main_after_scatterload                 0x080000f5   Thumb Code     0  entry5.o(.ARM.Collect$$$$00000004)
    _main_clock                              0x080000f5   Thumb Code     0  entry7b.o(.ARM.Collect$$$$00000008)
    _main_cpp_init                           0x080000f5   Thumb Code     0  entry8b.o(.ARM.Collect$$$$0000000A)
    _main_init                               0x080000f5   Thumb Code     0  entry9a.o(.ARM.Collect$$$$0000000B)
    __rt_final_cpp                           0x080000fd   Thumb Code     0  entry10a.o(.ARM.Collect$$$$0000000D)
    __rt_final_exit                          0x080000fd   Thumb Code     0  entry11a.o(.ARM.Collect$$$$0000000F)
    main                                     0x08000101   Thumb Code    82  main.o(.text)
    NMI_Handler                              0x08000153   Thumb Code     2  stm32f10x_it.o(.text)
    HardFault_Handler                        0x08000155   Thumb Code     4  stm32f10x_it.o(.text)
    MemManage_Handler                        0x08000159   Thumb Code     4  stm32f10x_it.o(.text)
    BusFault_Handler                         0x0800015d   Thumb Code     4  stm32f10x_it.o(.text)
    UsageFault_Handler                       0x08000161   Thumb Code     4  stm32f10x_it.o(.text)
    SVC_Handler                              0x08000165   Thumb Code     2  stm32f10x_it.o(.text)
    DebugMon_Handler                         0x08000167   Thumb Code     2  stm32f10x_it.o(.text)
    PendSV_Handler                           0x08000169   Thumb Code     2  stm32f10x_it.o(.text)
    SysTick_Handler                          0x0800016b   Thumb Code     2  stm32f10x_it.o(.text)
    SystemInit                               0x0800024b   Thumb Code    78  system_stm32f10x.o(.text)
    SystemCoreClockUpdate                    0x08000299   Thumb Code   142  system_stm32f10x.o(.text)
    Reset_Handler                            0x0800034d   Thumb Code     8  startup_stm32f10x_md.o(.text)
    ADC1_2_IRQHandler                        0x08000367   Thumb Code     0  startup_stm32f10x_md.o(.text)
    CAN1_RX1_IRQHandler                      0x08000367   Thumb Code     0  startup_stm32f10x_md.o(.text)
    CAN1_SCE_IRQHandler                      0x08000367   Thumb Code     0  startup_stm32f10x_md.o(.text)
    DMA1_Channel1_IRQHandler                 0x08000367   Thumb Code     0  startup_stm32f10x_md.o(.text)
    DMA1_Channel2_IRQHandler                 0x08000367   Thumb Code     0  startup_stm32f10x_md.o(.text)
    DMA1_Channel3_IRQHandler                 0x08000367   Thumb Code     0  startup_stm32f10x_md.o(.text)
    DMA1_Channel4_IRQHandler                 0x08000367   Thumb Code     0  startup_stm32f10x_md.o(.text)
    DMA1_Channel5_IRQHandler                 0x08000367   Thumb Code     0  startup_stm32f10x_md.o(.text)
    DMA1_Channel6_IRQHandler                 0x08000367   Thumb Code     0  startup_stm32f10x_md.o(.text)
    DMA1_Channel7_IRQHandler                 0x08000367   Thumb Code     0  startup_stm32f10x_md.o(.text)
    EXTI0_IRQHandler                         0x08000367   Thumb Code     0  startup_stm32f10x_md.o(.text)
    EXTI15_10_IRQHandler                     0x08000367   Thumb Code     0  startup_stm32f10x_md.o(.text)
    EXTI1_IRQHandler                         0x08000367   Thumb Code     0  startup_stm32f10x_md.o(.text)
    EXTI2_IRQHandler                         0x08000367   Thumb Code     0  startup_stm32f10x_md.o(.text)
    EXTI3_IRQHandler                         0x08000367   Thumb Code     0  startup_stm32f10x_md.o(.text)
    EXTI4_IRQHandler                         0x08000367   Thumb Code     0  startup_stm32f10x_md.o(.text)
    EXTI9_5_IRQHandler                       0x08000367   Thumb Code     0  startup_stm32f10x_md.o(.text)
    FLASH_IRQHandler                         0x08000367   Thumb Code     0  startup_stm32f10x_md.o(.text)
    I2C1_ER_IRQHandler                       0x08000367   Thumb Code     0  startup_stm32f10x_md.o(.text)
    I2C1_EV_IRQHandler                       0x08000367   Thumb Code     0  startup_stm32f10x_md.o(.text)
    I2C2_ER_IRQHandler                       0x08000367   Thumb Code     0  startup_stm32f10x_md.o(.text)
    I2C2_EV_IRQHandler                       0x08000367   Thumb Code     0  startup_stm32f10x_md.o(.text)
    PVD_IRQHandler                           0x08000367   Thumb Code     0  startup_stm32f10x_md.o(.text)
    RCC_IRQHandler                           0x08000367   Thumb Code     0  startup_stm32f10x_md.o(.text)
    RTCAlarm_IRQHandler                      0x08000367   Thumb Code     0  startup_stm32f10x_md.o(.text)
    RTC_IRQHandler                           0x08000367   Thumb Code     0  startup_stm32f10x_md.o(.text)
    SPI1_IRQHandler                          0x08000367   Thumb Code     0  startup_stm32f10x_md.o(.text)
    SPI2_IRQHandler                          0x08000367   Thumb Code     0  startup_stm32f10x_md.o(.text)
    TAMPER_IRQHandler                        0x08000367   Thumb Code     0  startup_stm32f10x_md.o(.text)
    TIM1_BRK_IRQHandler                      0x08000367   Thumb Code     0  startup_stm32f10x_md.o(.text)
    TIM1_CC_IRQHandler                       0x08000367   Thumb Code     0  startup_stm32f10x_md.o(.text)
    TIM1_TRG_COM_IRQHandler                  0x08000367   Thumb Code     0  startup_stm32f10x_md.o(.text)
    TIM1_UP_IRQHandler                       0x08000367   Thumb Code     0  startup_stm32f10x_md.o(.text)
    USART2_IRQHandler                        0x08000367   Thumb Code     0  startup_stm32f10x_md.o(.text)
    USART3_IRQHandler                        0x08000367   Thumb Code     0  startup_stm32f10x_md.o(.text)
    USBWakeUp_IRQHandler                     0x08000367   Thumb Code     0  startup_stm32f10x_md.o(.text)
    USB_HP_CAN1_TX_IRQHandler                0x08000367   Thumb Code     0  startup_stm32f10x_md.o(.text)
    USB_LP_CAN1_RX0_IRQHandler               0x08000367   Thumb Code     0  startup_stm32f10x_md.o(.text)
    WWDG_IRQHandler                          0x08000367   Thumb Code     0  startup_stm32f10x_md.o(.text)
    NVIC_PriorityGroupConfig                 0x08000371   Thumb Code    10  misc.o(.text)
    NVIC_Init                                0x0800037b   Thumb Code   100  misc.o(.text)
    NVIC_SetVectorTable                      0x080003df   Thumb Code    14  misc.o(.text)
    NVIC_SystemLPConfig                      0x080003ed   Thumb Code    34  misc.o(.text)
    SysTick_CLKSourceConfig                  0x0800040f   Thumb Code    40  misc.o(.text)
    GPIO_DeInit                              0x0800044d   Thumb Code   172  stm32f10x_gpio.o(.text)
    GPIO_AFIODeInit                          0x080004f9   Thumb Code    20  stm32f10x_gpio.o(.text)
    GPIO_Init                                0x0800050d   Thumb Code   278  stm32f10x_gpio.o(.text)
    GPIO_StructInit                          0x08000623   Thumb Code    16  stm32f10x_gpio.o(.text)
    GPIO_ReadInputDataBit                    0x08000633   Thumb Code    18  stm32f10x_gpio.o(.text)
    GPIO_ReadInputData                       0x08000645   Thumb Code     8  stm32f10x_gpio.o(.text)
    GPIO_ReadOutputDataBit                   0x0800064d   Thumb Code    18  stm32f10x_gpio.o(.text)
    GPIO_ReadOutputData                      0x0800065f   Thumb Code     8  stm32f10x_gpio.o(.text)
    GPIO_SetBits                             0x08000667   Thumb Code     4  stm32f10x_gpio.o(.text)
    GPIO_ResetBits                           0x0800066b   Thumb Code     4  stm32f10x_gpio.o(.text)
    GPIO_WriteBit                            0x0800066f   Thumb Code    10  stm32f10x_gpio.o(.text)
    GPIO_Write                               0x08000679   Thumb Code     4  stm32f10x_gpio.o(.text)
    GPIO_PinLockConfig                       0x0800067d   Thumb Code    18  stm32f10x_gpio.o(.text)
    GPIO_EventOutputConfig                   0x0800068f   Thumb Code    26  stm32f10x_gpio.o(.text)
    GPIO_EventOutputCmd                      0x080006a9   Thumb Code     6  stm32f10x_gpio.o(.text)
    GPIO_PinRemapConfig                      0x080006af   Thumb Code   138  stm32f10x_gpio.o(.text)
    GPIO_EXTILineConfig                      0x08000739   Thumb Code    66  stm32f10x_gpio.o(.text)
    GPIO_ETH_MediaInterfaceConfig            0x0800077b   Thumb Code     8  stm32f10x_gpio.o(.text)
    RCC_DeInit                               0x080007a9   Thumb Code    64  stm32f10x_rcc.o(.text)
    RCC_HSEConfig                            0x080007e9   Thumb Code    70  stm32f10x_rcc.o(.text)
    RCC_GetFlagStatus                        0x0800082f   Thumb Code    56  stm32f10x_rcc.o(.text)
    RCC_WaitForHSEStartUp                    0x08000867   Thumb Code    56  stm32f10x_rcc.o(.text)
    RCC_AdjustHSICalibrationValue            0x0800089f   Thumb Code    20  stm32f10x_rcc.o(.text)
    RCC_HSICmd                               0x080008b3   Thumb Code     6  stm32f10x_rcc.o(.text)
    RCC_PLLConfig                            0x080008b9   Thumb Code    24  stm32f10x_rcc.o(.text)
    RCC_PLLCmd                               0x080008d1   Thumb Code     6  stm32f10x_rcc.o(.text)
    RCC_SYSCLKConfig                         0x080008d7   Thumb Code    18  stm32f10x_rcc.o(.text)
    RCC_GetSYSCLKSource                      0x080008e9   Thumb Code    10  stm32f10x_rcc.o(.text)
    RCC_HCLKConfig                           0x080008f3   Thumb Code    18  stm32f10x_rcc.o(.text)
    RCC_PCLK1Config                          0x08000905   Thumb Code    18  stm32f10x_rcc.o(.text)
    RCC_PCLK2Config                          0x08000917   Thumb Code    20  stm32f10x_rcc.o(.text)
    RCC_ITConfig                             0x0800092b   Thumb Code    26  stm32f10x_rcc.o(.text)
    RCC_USBCLKConfig                         0x08000945   Thumb Code     8  stm32f10x_rcc.o(.text)
    RCC_ADCCLKConfig                         0x0800094d   Thumb Code    18  stm32f10x_rcc.o(.text)
    RCC_LSEConfig                            0x0800095f   Thumb Code    50  stm32f10x_rcc.o(.text)
    RCC_LSICmd                               0x08000991   Thumb Code     6  stm32f10x_rcc.o(.text)
    RCC_RTCCLKConfig                         0x08000997   Thumb Code    12  stm32f10x_rcc.o(.text)
    RCC_RTCCLKCmd                            0x080009a3   Thumb Code     8  stm32f10x_rcc.o(.text)
    RCC_GetClocksFreq                        0x080009ab   Thumb Code   192  stm32f10x_rcc.o(.text)
    RCC_AHBPeriphClockCmd                    0x08000a6b   Thumb Code    26  stm32f10x_rcc.o(.text)
    RCC_APB2PeriphClockCmd                   0x08000a85   Thumb Code    26  stm32f10x_rcc.o(.text)
    RCC_APB1PeriphClockCmd                   0x08000a9f   Thumb Code    26  stm32f10x_rcc.o(.text)
    RCC_APB2PeriphResetCmd                   0x08000ab9   Thumb Code    26  stm32f10x_rcc.o(.text)
    RCC_APB1PeriphResetCmd                   0x08000ad3   Thumb Code    26  stm32f10x_rcc.o(.text)
    RCC_BackupResetCmd                       0x08000aed   Thumb Code     8  stm32f10x_rcc.o(.text)
    RCC_ClockSecuritySystemCmd               0x08000af5   Thumb Code     6  stm32f10x_rcc.o(.text)
    RCC_MCOConfig                            0x08000afb   Thumb Code     6  stm32f10x_rcc.o(.text)
    RCC_ClearFlag                            0x08000b01   Thumb Code    14  stm32f10x_rcc.o(.text)
    RCC_GetITStatus                          0x08000b0f   Thumb Code    20  stm32f10x_rcc.o(.text)
    RCC_ClearITPendingBit                    0x08000b23   Thumb Code     6  stm32f10x_rcc.o(.text)
    TIM_DeInit                               0x08000b4d   Thumb Code   424  stm32f10x_tim.o(.text)
    TIM_TimeBaseInit                         0x08000cf5   Thumb Code   122  stm32f10x_tim.o(.text)
    TIM_OC1Init                              0x08000d6f   Thumb Code   132  stm32f10x_tim.o(.text)
    TIM_OC2Init                              0x08000df3   Thumb Code   154  stm32f10x_tim.o(.text)
    TIM_OC3Init                              0x08000e8d   Thumb Code   150  stm32f10x_tim.o(.text)
    TIM_OC4Init                              0x08000f23   Thumb Code   182  stm32f10x_tim.o(.text)
    TIM_SetIC4Prescaler                      0x08000fd9   Thumb Code    26  stm32f10x_tim.o(.text)
    TIM_SetIC3Prescaler                      0x08001075   Thumb Code    18  stm32f10x_tim.o(.text)
    TIM_SetIC2Prescaler                      0x08001101   Thumb Code    26  stm32f10x_tim.o(.text)
    TIM_SetIC1Prescaler                      0x0800119d   Thumb Code    18  stm32f10x_tim.o(.text)
    TIM_ICInit                               0x0800121b   Thumb Code   150  stm32f10x_tim.o(.text)
    TIM_PWMIConfig                           0x080012b1   Thumb Code   124  stm32f10x_tim.o(.text)
    TIM_BDTRConfig                           0x0800132d   Thumb Code    32  stm32f10x_tim.o(.text)
    TIM_TimeBaseStructInit                   0x0800134d   Thumb Code    18  stm32f10x_tim.o(.text)
    TIM_OCStructInit                         0x0800135f   Thumb Code    20  stm32f10x_tim.o(.text)
    TIM_ICStructInit                         0x08001373   Thumb Code    18  stm32f10x_tim.o(.text)
    TIM_BDTRStructInit                       0x08001385   Thumb Code    40  stm32f10x_tim.o(.text)
    TIM_Cmd                                  0x080013ad   Thumb Code    24  stm32f10x_tim.o(.text)
    TIM_CtrlPWMOutputs                       0x080013c5   Thumb Code    30  stm32f10x_tim.o(.text)
    TIM_ITConfig                             0x080013e3   Thumb Code    18  stm32f10x_tim.o(.text)
    TIM_GenerateEvent                        0x080013f5   Thumb Code     4  stm32f10x_tim.o(.text)
    TIM_DMAConfig                            0x080013f9   Thumb Code    10  stm32f10x_tim.o(.text)
    TIM_DMACmd                               0x08001403   Thumb Code    18  stm32f10x_tim.o(.text)
    TIM_InternalClockConfig                  0x08001415   Thumb Code    12  stm32f10x_tim.o(.text)
    TIM_SelectInputTrigger                   0x08001421   Thumb Code    18  stm32f10x_tim.o(.text)
    TIM_ITRxExternalClockConfig              0x08001433   Thumb Code    24  stm32f10x_tim.o(.text)
    TIM_TIxExternalClockConfig               0x0800144b   Thumb Code    62  stm32f10x_tim.o(.text)
    TIM_ETRConfig                            0x08001489   Thumb Code    28  stm32f10x_tim.o(.text)
    TIM_ETRClockMode1Config                  0x080014a5   Thumb Code    54  stm32f10x_tim.o(.text)
    TIM_ETRClockMode2Config                  0x080014db   Thumb Code    32  stm32f10x_tim.o(.text)
    TIM_PrescalerConfig                      0x080014fb   Thumb Code     6  stm32f10x_tim.o(.text)
    TIM_CounterModeConfig                    0x08001501   Thumb Code    18  stm32f10x_tim.o(.text)
    TIM_EncoderInterfaceConfig               0x08001513   Thumb Code    66  stm32f10x_tim.o(.text)
    TIM_ForcedOC1Config                      0x08001555   Thumb Code    18  stm32f10x_tim.o(.text)
    TIM_ForcedOC2Config                      0x08001567   Thumb Code    26  stm32f10x_tim.o(.text)
    TIM_ForcedOC3Config                      0x08001581   Thumb Code    18  stm32f10x_tim.o(.text)
    TIM_ForcedOC4Config                      0x08001593   Thumb Code    26  stm32f10x_tim.o(.text)
    TIM_ARRPreloadConfig                     0x080015ad   Thumb Code    24  stm32f10x_tim.o(.text)
    TIM_SelectCOM                            0x080015c5   Thumb Code    24  stm32f10x_tim.o(.text)
    TIM_SelectCCDMA                          0x080015dd   Thumb Code    24  stm32f10x_tim.o(.text)
    TIM_CCPreloadControl                     0x080015f5   Thumb Code    24  stm32f10x_tim.o(.text)
    TIM_OC1PreloadConfig                     0x0800160d   Thumb Code    18  stm32f10x_tim.o(.text)
    TIM_OC2PreloadConfig                     0x0800161f   Thumb Code    26  stm32f10x_tim.o(.text)
    TIM_OC3PreloadConfig                     0x08001639   Thumb Code    18  stm32f10x_tim.o(.text)
    TIM_OC4PreloadConfig                     0x0800164b   Thumb Code    26  stm32f10x_tim.o(.text)
    TIM_OC1FastConfig                        0x08001665   Thumb Code    18  stm32f10x_tim.o(.text)
    TIM_OC2FastConfig                        0x08001677   Thumb Code    26  stm32f10x_tim.o(.text)
    TIM_OC3FastConfig                        0x08001691   Thumb Code    18  stm32f10x_tim.o(.text)
    TIM_OC4FastConfig                        0x080016a3   Thumb Code    26  stm32f10x_tim.o(.text)
    TIM_ClearOC1Ref                          0x080016bd   Thumb Code    18  stm32f10x_tim.o(.text)
    TIM_ClearOC2Ref                          0x080016cf   Thumb Code    24  stm32f10x_tim.o(.text)
    TIM_ClearOC3Ref                          0x080016e7   Thumb Code    18  stm32f10x_tim.o(.text)
    TIM_ClearOC4Ref                          0x080016f9   Thumb Code    24  stm32f10x_tim.o(.text)
    TIM_OC1PolarityConfig                    0x08001711   Thumb Code    18  stm32f10x_tim.o(.text)
    TIM_OC1NPolarityConfig                   0x08001723   Thumb Code    18  stm32f10x_tim.o(.text)
    TIM_OC2PolarityConfig                    0x08001735   Thumb Code    26  stm32f10x_tim.o(.text)
    TIM_OC2NPolarityConfig                   0x0800174f   Thumb Code    26  stm32f10x_tim.o(.text)
    TIM_OC3PolarityConfig                    0x08001769   Thumb Code    26  stm32f10x_tim.o(.text)
    TIM_OC3NPolarityConfig                   0x08001783   Thumb Code    26  stm32f10x_tim.o(.text)
    TIM_OC4PolarityConfig                    0x0800179d   Thumb Code    26  stm32f10x_tim.o(.text)
    TIM_CCxCmd                               0x080017b7   Thumb Code    30  stm32f10x_tim.o(.text)
    TIM_CCxNCmd                              0x080017d5   Thumb Code    30  stm32f10x_tim.o(.text)
    TIM_SelectOCxM                           0x080017f3   Thumb Code    82  stm32f10x_tim.o(.text)
    TIM_UpdateDisableConfig                  0x08001845   Thumb Code    24  stm32f10x_tim.o(.text)
    TIM_UpdateRequestConfig                  0x0800185d   Thumb Code    24  stm32f10x_tim.o(.text)
    TIM_SelectHallSensor                     0x08001875   Thumb Code    24  stm32f10x_tim.o(.text)
    TIM_SelectOnePulseMode                   0x0800188d   Thumb Code    18  stm32f10x_tim.o(.text)
    TIM_SelectOutputTrigger                  0x0800189f   Thumb Code    18  stm32f10x_tim.o(.text)
    TIM_SelectSlaveMode                      0x080018b1   Thumb Code    18  stm32f10x_tim.o(.text)
    TIM_SelectMasterSlaveMode                0x080018c3   Thumb Code    18  stm32f10x_tim.o(.text)
    TIM_SetCounter                           0x080018d5   Thumb Code     4  stm32f10x_tim.o(.text)
    TIM_SetAutoreload                        0x080018d9   Thumb Code     4  stm32f10x_tim.o(.text)
    TIM_SetCompare1                          0x080018dd   Thumb Code     4  stm32f10x_tim.o(.text)
    TIM_SetCompare2                          0x080018e1   Thumb Code     4  stm32f10x_tim.o(.text)
    TIM_SetCompare3                          0x080018e5   Thumb Code     4  stm32f10x_tim.o(.text)
    TIM_SetCompare4                          0x080018e9   Thumb Code     6  stm32f10x_tim.o(.text)
    TIM_SetClockDivision                     0x080018ef   Thumb Code    18  stm32f10x_tim.o(.text)
    TIM_GetCapture1                          0x08001901   Thumb Code     6  stm32f10x_tim.o(.text)
    TIM_GetCapture2                          0x08001907   Thumb Code     6  stm32f10x_tim.o(.text)
    TIM_GetCapture3                          0x0800190d   Thumb Code     6  stm32f10x_tim.o(.text)
    TIM_GetCapture4                          0x08001913   Thumb Code     8  stm32f10x_tim.o(.text)
    TIM_GetCounter                           0x0800191b   Thumb Code     6  stm32f10x_tim.o(.text)
    TIM_GetPrescaler                         0x08001921   Thumb Code     6  stm32f10x_tim.o(.text)
    TIM_GetFlagStatus                        0x08001927   Thumb Code    18  stm32f10x_tim.o(.text)
    TIM_ClearFlag                            0x08001939   Thumb Code     6  stm32f10x_tim.o(.text)
    TIM_GetITStatus                          0x0800193f   Thumb Code    34  stm32f10x_tim.o(.text)
    TIM_ClearITPendingBit                    0x08001961   Thumb Code     6  stm32f10x_tim.o(.text)
    USART_DeInit                             0x08001969   Thumb Code   134  stm32f10x_usart.o(.text)
    USART_Init                               0x080019ef   Thumb Code   210  stm32f10x_usart.o(.text)
    USART_StructInit                         0x08001ac1   Thumb Code    24  stm32f10x_usart.o(.text)
    USART_ClockInit                          0x08001ad9   Thumb Code    34  stm32f10x_usart.o(.text)
    USART_ClockStructInit                    0x08001afb   Thumb Code    12  stm32f10x_usart.o(.text)
    USART_Cmd                                0x08001b07   Thumb Code    24  stm32f10x_usart.o(.text)
    USART_ITConfig                           0x08001b1f   Thumb Code    74  stm32f10x_usart.o(.text)
    USART_DMACmd                             0x08001b69   Thumb Code    18  stm32f10x_usart.o(.text)
    USART_SetAddress                         0x08001b7b   Thumb Code    18  stm32f10x_usart.o(.text)
    USART_WakeUpConfig                       0x08001b8d   Thumb Code    18  stm32f10x_usart.o(.text)
    USART_ReceiverWakeUpCmd                  0x08001b9f   Thumb Code    24  stm32f10x_usart.o(.text)
    USART_LINBreakDetectLengthConfig         0x08001bb7   Thumb Code    18  stm32f10x_usart.o(.text)
    USART_LINCmd                             0x08001bc9   Thumb Code    24  stm32f10x_usart.o(.text)
    USART_SendData                           0x08001be1   Thumb Code     8  stm32f10x_usart.o(.text)
    USART_ReceiveData                        0x08001be9   Thumb Code    10  stm32f10x_usart.o(.text)
    USART_SendBreak                          0x08001bf3   Thumb Code    10  stm32f10x_usart.o(.text)
    USART_SetGuardTime                       0x08001bfd   Thumb Code    16  stm32f10x_usart.o(.text)
    USART_SetPrescaler                       0x08001c0d   Thumb Code    16  stm32f10x_usart.o(.text)
    USART_SmartCardCmd                       0x08001c1d   Thumb Code    24  stm32f10x_usart.o(.text)
    USART_SmartCardNACKCmd                   0x08001c35   Thumb Code    24  stm32f10x_usart.o(.text)
    USART_HalfDuplexCmd                      0x08001c4d   Thumb Code    24  stm32f10x_usart.o(.text)
    USART_OverSampling8Cmd                   0x08001c65   Thumb Code    22  stm32f10x_usart.o(.text)
    USART_OneBitMethodCmd                    0x08001c7b   Thumb Code    24  stm32f10x_usart.o(.text)
    USART_IrDAConfig                         0x08001c93   Thumb Code    18  stm32f10x_usart.o(.text)
    USART_IrDACmd                            0x08001ca5   Thumb Code    24  stm32f10x_usart.o(.text)
    USART_GetFlagStatus                      0x08001cbd   Thumb Code    26  stm32f10x_usart.o(.text)
    USART_ClearFlag                          0x08001cd7   Thumb Code    18  stm32f10x_usart.o(.text)
    USART_GetITStatus                        0x08001ce9   Thumb Code    84  stm32f10x_usart.o(.text)
    USART_ClearITPendingBit                  0x08001d3d   Thumb Code    52  stm32f10x_usart.o(.text)
    delay_init                               0x08001d71   Thumb Code    50  delay.o(.text)
    delay_us                                 0x08001da3   Thumb Code    72  delay.o(.text)
    delay_ms                                 0x08001deb   Thumb Code    72  delay.o(.text)
    _sys_exit                                0x08001e45   Thumb Code     6  usart.o(.text)
    fputc                                    0x08001e4b   Thumb Code    24  usart.o(.text)
    uart_init                                0x08001e63   Thumb Code   152  usart.o(.text)
    USART1_IRQHandler                        0x08001efb   Thumb Code   122  usart.o(.text)
    LED_Init                                 0x08001f85   Thumb Code    84  led.o(.text)
    TIM3_Config                              0x08001fe5   Thumb Code    88  time.o(.text)
    TIM3_IRQHandler                          0x0800203d   Thumb Code    28  time.o(.text)
    MPU6050_newValues                        0x08002169   Thumb Code   494  mpu6050.o(.text)
    MPU6050_setClockSource                   0x08002357   Thumb Code    20  mpu6050.o(.text)
    MPU6050_setFullScaleGyroRange            0x0800236b   Thumb Code    20  mpu6050.o(.text)
    MPU6050_setFullScaleAccelRange           0x0800237f   Thumb Code    20  mpu6050.o(.text)
    MPU6050_setSleepEnabled                  0x08002393   Thumb Code    18  mpu6050.o(.text)
    MPU6050_getDeviceID                      0x080023a5   Thumb Code    20  mpu6050.o(.text)
    MPU6050_testConnection                   0x080023b9   Thumb Code    18  mpu6050.o(.text)
    MPU6050_setI2CMasterModeEnabled          0x080023cb   Thumb Code    18  mpu6050.o(.text)
    MPU6050_setI2CBypassEnabled              0x080023dd   Thumb Code    18  mpu6050.o(.text)
    MPU6050_initialize                       0x080023ef   Thumb Code    40  mpu6050.o(.text)
    DMP_Init                                 0x08002417   Thumb Code   194  mpu6050.o(.text)
    Read_DMP                                 0x080024d9   Thumb Code   976  mpu6050.o(.text)
    MPU_Get_Gyroscope                        0x080028a9   Thumb Code    80  mpu6050.o(.text)
    MPU_Get_Accelerometer                    0x080028f9   Thumb Code    80  mpu6050.o(.text)
    Read_Temperature                         0x08002949   Thumb Code   110  mpu6050.o(.text)
    IIC_Delay                                0x080029dd   Thumb Code    10  iic.o(.text)
    IIC_Init                                 0x080029e7   Thumb Code    50  iic.o(.text)
    IIC_Start                                0x08002a19   Thumb Code    94  iic.o(.text)
    IIC_Stop                                 0x08002a77   Thumb Code    66  iic.o(.text)
    IIC_Wait_Ack                             0x08002ab9   Thumb Code    94  iic.o(.text)
    IIC_Ack                                  0x08002b17   Thumb Code    70  iic.o(.text)
    IIC_NAck                                 0x08002b5d   Thumb Code    70  iic.o(.text)
    IIC_Send_Byte                            0x08002ba3   Thumb Code   102  iic.o(.text)
    IIC_Read_Byte                            0x08002c09   Thumb Code   100  iic.o(.text)
    i2cWrite                                 0x08002c6d   Thumb Code    96  iic.o(.text)
    i2cRead                                  0x08002ccd   Thumb Code   118  iic.o(.text)
    I2C_ReadOneByte                          0x08002d43   Thumb Code    70  iic.o(.text)
    IICreadBytes                             0x08002d89   Thumb Code   112  iic.o(.text)
    IICwriteBytes                            0x08002df9   Thumb Code    70  iic.o(.text)
    IICreadByte                              0x08002e3f   Thumb Code    22  iic.o(.text)
    IICwriteByte                             0x08002e55   Thumb Code    20  iic.o(.text)
    IICwriteBits                             0x08002e69   Thumb Code   106  iic.o(.text)
    IICwriteBit                              0x08002ed3   Thumb Code    64  iic.o(.text)
    mpu_reg_dump                             0x08002f9f   Thumb Code    72  inv_mpu.o(.text)
    mpu_read_reg                             0x08002fe7   Thumb Code    66  inv_mpu.o(.text)
    mpu_set_int_latched                      0x08003029   Thumb Code   102  inv_mpu.o(.text)
    mpu_set_sensors                          0x0800308f   Thumb Code   202  inv_mpu.o(.text)
    mpu_set_bypass                           0x08003159   Thumb Code   328  inv_mpu.o(.text)
    mpu_reset_fifo                           0x080032a1   Thumb Code   444  inv_mpu.o(.text)
    mpu_configure_fifo                       0x0800345d   Thumb Code   106  inv_mpu.o(.text)
    mpu_set_lpf                              0x080034c7   Thumb Code   126  inv_mpu.o(.text)
    mpu_lp_accel_mode                        0x08003545   Thumb Code   218  inv_mpu.o(.text)
    mpu_set_sample_rate                      0x0800361f   Thumb Code   152  inv_mpu.o(.text)
    mpu_set_accel_fsr                        0x080036b7   Thumb Code   132  inv_mpu.o(.text)
    mpu_set_gyro_fsr                         0x0800373b   Thumb Code   132  inv_mpu.o(.text)
    mpu_init                                 0x080037bf   Thumb Code   416  inv_mpu.o(.text)
    myget_ms                                 0x0800395f   Thumb Code     2  inv_mpu.o(.text)
    mpu_get_gyro_reg                         0x08003961   Thumb Code   110  inv_mpu.o(.text)
    mpu_get_accel_reg                        0x080039cf   Thumb Code   110  inv_mpu.o(.text)
    mpu_get_temperature                      0x08003a3d   Thumb Code   150  inv_mpu.o(.text)
    mpu_set_accel_bias                       0x08003ad3   Thumb Code   468  inv_mpu.o(.text)
    mpu_get_gyro_fsr                         0x08003ca7   Thumb Code    64  inv_mpu.o(.text)
    mpu_get_accel_fsr                        0x08003ce7   Thumb Code    72  inv_mpu.o(.text)
    mpu_get_lpf                              0x08003d2f   Thumb Code    74  inv_mpu.o(.text)
    mpu_get_sample_rate                      0x08003d79   Thumb Code    26  inv_mpu.o(.text)
    mpu_get_compass_sample_rate              0x08003d93   Thumb Code    10  inv_mpu.o(.text)
    mpu_set_compass_sample_rate              0x08003d9d   Thumb Code     8  inv_mpu.o(.text)
    mpu_get_gyro_sens                        0x08003da5   Thumb Code    58  inv_mpu.o(.text)
    mpu_get_accel_sens                       0x08003ddf   Thumb Code    78  inv_mpu.o(.text)
    mpu_get_fifo_config                      0x08003e2d   Thumb Code    12  inv_mpu.o(.text)
    mpu_get_power_state                      0x08003e39   Thumb Code    22  inv_mpu.o(.text)
    mpu_get_int_status                       0x08003e4f   Thumb Code    64  inv_mpu.o(.text)
    mpu_read_fifo                            0x08003e8f   Thumb Code   520  inv_mpu.o(.text)
    mpu_read_fifo_stream                     0x08004097   Thumb Code   186  inv_mpu.o(.text)
    mpu_set_int_level                        0x08004151   Thumb Code    12  inv_mpu.o(.text)
    mpu_set_dmp_state                        0x08004831   Thumb Code   138  inv_mpu.o(.text)
    mpu_run_self_test                        0x080048bb   Thumb Code   278  inv_mpu.o(.text)
    mpu_write_mem                            0x080049d1   Thumb Code   122  inv_mpu.o(.text)
    mpu_read_mem                             0x08004a4b   Thumb Code   122  inv_mpu.o(.text)
    mpu_load_firmware                        0x08004ac5   Thumb Code   190  inv_mpu.o(.text)
    mpu_get_dmp_state                        0x08004b83   Thumb Code    14  inv_mpu.o(.text)
    mpu_get_compass_reg                      0x08004b91   Thumb Code     8  inv_mpu.o(.text)
    mpu_get_compass_fsr                      0x08004b99   Thumb Code     8  inv_mpu.o(.text)
    mpu_lp_motion_interrupt                  0x08004ba1   Thumb Code   512  inv_mpu.o(.text)
    dmp_load_motion_driver_firmware          0x08004da5   Thumb Code    20  inv_mpu_dmp_motion_driver.o(.text)
    dmp_set_orientation                      0x08004db9   Thumb Code   290  inv_mpu_dmp_motion_driver.o(.text)
    dmp_set_gyro_bias                        0x08004edb   Thumb Code   294  inv_mpu_dmp_motion_driver.o(.text)
    dmp_set_accel_bias                       0x08005001   Thumb Code   300  inv_mpu_dmp_motion_driver.o(.text)
    dmp_set_fifo_rate                        0x0800512d   Thumb Code   136  inv_mpu_dmp_motion_driver.o(.text)
    dmp_get_fifo_rate                        0x080051b5   Thumb Code    12  inv_mpu_dmp_motion_driver.o(.text)
    dmp_set_tap_thresh                       0x080051c1   Thumb Code   396  inv_mpu_dmp_motion_driver.o(.text)
    dmp_set_tap_axes                         0x0800534d   Thumb Code    70  inv_mpu_dmp_motion_driver.o(.text)
    dmp_set_tap_count                        0x08005393   Thumb Code    38  inv_mpu_dmp_motion_driver.o(.text)
    dmp_set_tap_time                         0x080053b9   Thumb Code    38  inv_mpu_dmp_motion_driver.o(.text)
    dmp_set_tap_time_multi                   0x080053df   Thumb Code    38  inv_mpu_dmp_motion_driver.o(.text)
    dmp_set_shake_reject_thresh              0x08005405   Thumb Code    56  inv_mpu_dmp_motion_driver.o(.text)
    dmp_set_shake_reject_time                0x0800543d   Thumb Code    38  inv_mpu_dmp_motion_driver.o(.text)
    dmp_set_shake_reject_timeout             0x08005463   Thumb Code    38  inv_mpu_dmp_motion_driver.o(.text)
    dmp_get_pedometer_step_count             0x08005489   Thumb Code    66  inv_mpu_dmp_motion_driver.o(.text)
    dmp_set_pedometer_step_count             0x080054cb   Thumb Code    42  inv_mpu_dmp_motion_driver.o(.text)
    dmp_get_pedometer_walk_time              0x080054f5   Thumb Code    72  inv_mpu_dmp_motion_driver.o(.text)
    dmp_set_pedometer_walk_time              0x0800553d   Thumb Code    48  inv_mpu_dmp_motion_driver.o(.text)
    dmp_enable_6x_lp_quat                    0x0800556d   Thumb Code    84  inv_mpu_dmp_motion_driver.o(.text)
    dmp_enable_lp_quat                       0x080055c1   Thumb Code    60  inv_mpu_dmp_motion_driver.o(.text)
    dmp_enable_gyro_cal                      0x080055fd   Thumb Code    62  inv_mpu_dmp_motion_driver.o(.text)
    dmp_enable_feature                       0x0800563b   Thumb Code   530  inv_mpu_dmp_motion_driver.o(.text)
    dmp_get_enabled_features                 0x0800584d   Thumb Code    12  inv_mpu_dmp_motion_driver.o(.text)
    dmp_set_interrupt_mode                   0x080058b7   Thumb Code    66  inv_mpu_dmp_motion_driver.o(.text)
    dmp_read_fifo                            0x080058f9   Thumb Code   514  inv_mpu_dmp_motion_driver.o(.text)
    dmp_register_tap_cb                      0x08005afb   Thumb Code    10  inv_mpu_dmp_motion_driver.o(.text)
    dmp_register_android_orient_cb           0x08005b05   Thumb Code    10  inv_mpu_dmp_motion_driver.o(.text)
    MiniBalance_Motor_Init                   0x08005b15   Thumb Code    40  motor.o(.text)
    MiniBalance_PWM_Init                     0x08005b3d   Thumb Code   184  motor.o(.text)
    myabs                                    0x08005bf5   Thumb Code    14  motor.o(.text)
    Set_Pwm                                  0x08005c03   Thumb Code   110  motor.o(.text)
    Xianfu_Pwm                               0x08005c71   Thumb Code    62  motor.o(.text)
    Turn_Off                                 0x08005caf   Thumb Code    46  motor.o(.text)
    PID_Init                                 0x08005cfd   Thumb Code    46  pid.o(.text)
    balance                                  0x08005d2b   Thumb Code    88  pid.o(.text)
    velocity                                 0x08005d83   Thumb Code   162  pid.o(.text)
    calculation                              0x08005e25   Thumb Code   142  pid.o(.text)
    Encoder_Init_TIM2                        0x08005f0d   Thumb Code   154  encoder.o(.text)
    Encoder_Init_TIM4                        0x08005fa7   Thumb Code   148  encoder.o(.text)
    Read_Encoder                             0x0800603b   Thumb Code    56  encoder.o(.text)
    TIM4_IRQHandler                          0x08006073   Thumb Code    24  encoder.o(.text)
    TIM2_IRQHandler                          0x0800608b   Thumb Code    24  encoder.o(.text)
    __aeabi_ldivmod                          0x080060b1   Thumb Code    98  ldiv.o(.text)
    __aeabi_memset                           0x08006113   Thumb Code    14  memseta.o(.text)
    __aeabi_memset4                          0x08006113   Thumb Code     0  memseta.o(.text)
    __aeabi_memset8                          0x08006113   Thumb Code     0  memseta.o(.text)
    __aeabi_memclr                           0x08006121   Thumb Code     4  memseta.o(.text)
    __aeabi_memclr4                          0x08006121   Thumb Code     0  memseta.o(.text)
    __aeabi_memclr8                          0x08006121   Thumb Code     0  memseta.o(.text)
    _memset$wrapper                          0x08006125   Thumb Code    18  memseta.o(.text)
    memcmp                                   0x08006137   Thumb Code    26  memcmp.o(.text)
    __aeabi_fadd                             0x08006151   Thumb Code   164  fadd.o(.text)
    __aeabi_fsub                             0x080061f5   Thumb Code     6  fadd.o(.text)
    __aeabi_frsub                            0x080061fb   Thumb Code     6  fadd.o(.text)
    __aeabi_fmul                             0x08006201   Thumb Code   100  fmul.o(.text)
    __aeabi_fdiv                             0x08006265   Thumb Code   124  fdiv.o(.text)
    __aeabi_dadd                             0x080062e1   Thumb Code   322  dadd.o(.text)
    __aeabi_dsub                             0x08006423   Thumb Code     6  dadd.o(.text)
    __aeabi_drsub                            0x08006429   Thumb Code     6  dadd.o(.text)
    __aeabi_dmul                             0x0800642f   Thumb Code   228  dmul.o(.text)
    __aeabi_i2f                              0x08006513   Thumb Code    18  fflti.o(.text)
    __aeabi_ui2f                             0x08006525   Thumb Code    10  ffltui.o(.text)
    __aeabi_i2d                              0x0800652f   Thumb Code    34  dflti.o(.text)
    __aeabi_f2iz                             0x08006551   Thumb Code    50  ffixi.o(.text)
    __aeabi_f2uiz                            0x08006583   Thumb Code    40  ffixui.o(.text)
    __aeabi_d2iz                             0x080065ab   Thumb Code    62  dfixi.o(.text)
    __aeabi_f2d                              0x080065e9   Thumb Code    38  f2d.o(.text)
    __aeabi_d2f                              0x0800660f   Thumb Code    56  d2f.o(.text)
    __aeabi_cfcmpeq                          0x08006649   Thumb Code     0  cfcmple.o(.text)
    __aeabi_cfcmple                          0x08006649   Thumb Code    20  cfcmple.o(.text)
    __aeabi_cfrcmple                         0x0800665d   Thumb Code    20  cfrcmple.o(.text)
    __aeabi_uidiv                            0x08006671   Thumb Code     0  uidiv.o(.text)
    __aeabi_uidivmod                         0x08006671   Thumb Code    44  uidiv.o(.text)
    __aeabi_uldivmod                         0x0800669d   Thumb Code    98  uldiv.o(.text)
    __aeabi_llsl                             0x080066ff   Thumb Code    30  llshl.o(.text)
    _ll_shift_l                              0x080066ff   Thumb Code     0  llshl.o(.text)
    __aeabi_llsr                             0x0800671d   Thumb Code    32  llushr.o(.text)
    _ll_ushift_r                             0x0800671d   Thumb Code     0  llushr.o(.text)
    __aeabi_lasr                             0x0800673d   Thumb Code    36  llsshr.o(.text)
    _ll_sshift_r                             0x0800673d   Thumb Code     0  llsshr.o(.text)
    __I$use$fp                               0x08006761   Thumb Code     0  iusefp.o(.text)
    _float_round                             0x08006761   Thumb Code    18  fepilogue.o(.text)
    _float_epilogue                          0x08006773   Thumb Code    92  fepilogue.o(.text)
    _double_round                            0x080067cf   Thumb Code    30  depilogue.o(.text)
    _double_epilogue                         0x080067ed   Thumb Code   156  depilogue.o(.text)
    __aeabi_ddiv                             0x08006889   Thumb Code   222  ddiv.o(.text)
    __ARM_scalbn                             0x08006967   Thumb Code    46  dscalb.o(.text)
    scalbn                                   0x08006967   Thumb Code     0  dscalb.o(.text)
    __aeabi_d2ulz                            0x08006995   Thumb Code    48  dfixul.o(.text)
    __aeabi_cdrcmple                         0x080069c5   Thumb Code    48  cdrcmple.o(.text)
    __scatterload                            0x080069f5   Thumb Code    28  init.o(.text)
    __scatterload_rt2                        0x080069f5   Thumb Code     0  init.o(.text)
    _dsqrt                                   0x08006a19   Thumb Code   162  dsqrt.o(.text)
    __0printf                                0x08006abd   Thumb Code    22  printfa.o(i.__0printf)
    __1printf                                0x08006abd   Thumb Code     0  printfa.o(i.__0printf)
    __2printf                                0x08006abd   Thumb Code     0  printfa.o(i.__0printf)
    __c89printf                              0x08006abd   Thumb Code     0  printfa.o(i.__0printf)
    printf                                   0x08006abd   Thumb Code     0  printfa.o(i.__0printf)
    __ARM_fpclassify                         0x08006add   Thumb Code    40  fpclassify.o(i.__ARM_fpclassify)
    __kernel_poly                            0x08006b05   Thumb Code   170  poly.o(i.__kernel_poly)
    __mathlib_dbl_infnan                     0x08006baf   Thumb Code     6  dunder.o(i.__mathlib_dbl_infnan)
    __mathlib_dbl_infnan2                    0x08006bb5   Thumb Code     4  dunder.o(i.__mathlib_dbl_infnan2)
    __mathlib_dbl_invalid                    0x08006bb9   Thumb Code    12  dunder.o(i.__mathlib_dbl_invalid)
    __mathlib_dbl_underflow                  0x08006bc5   Thumb Code    10  dunder.o(i.__mathlib_dbl_underflow)
    __scatterload_copy                       0x08006bd5   Thumb Code    14  handlers.o(i.__scatterload_copy)
    __scatterload_null                       0x08006be3   Thumb Code     2  handlers.o(i.__scatterload_null)
    __scatterload_zeroinit                   0x08006be5   Thumb Code    14  handlers.o(i.__scatterload_zeroinit)
    __set_errno                              0x08006bf5   Thumb Code     6  errno.o(i.__set_errno)
    asin                                     0x08007495   Thumb Code   572  asin.o(i.asin)
    atan                                     0x08007705   Thumb Code   474  atan.o(i.atan)
    atan2                                    0x08007925   Thumb Code   346  atan2.o(i.atan2)
    sqrt                                     0x08007aa5   Thumb Code    76  sqrt.o(i.sqrt)
    hw                                       0x08007af0   Data          12  inv_mpu.o(.constdata)
    reg                                      0x08007afc   Data          27  inv_mpu.o(.constdata)
    test                                     0x08007b18   Data          40  inv_mpu.o(.constdata)
    __mathlib_zero                           0x08008820   Data           8  qnan.o(.constdata)
    Region$$Table$$Base                      0x08008878   Number         0  anon$$obj.o(Region$$Table)
    Region$$Table$$Limit                     0x08008898   Number         0  anon$$obj.o(Region$$Table)
    temp                                     0x20000000   Data           4  main.o(.data)
    aacx                                     0x20000004   Data           2  main.o(.data)
    aacy                                     0x20000006   Data           2  main.o(.data)
    aacz                                     0x20000008   Data           2  main.o(.data)
    gyrox                                    0x2000000a   Data           2  main.o(.data)
    gyroy                                    0x2000000c   Data           2  main.o(.data)
    gyroz                                    0x2000000e   Data           2  main.o(.data)
    Pitch                                    0x20000010   Data           4  main.o(.data)
    Roll                                     0x20000014   Data           4  main.o(.data)
    Yaw                                      0x20000018   Data           4  main.o(.data)
    Encoder_Left                             0x2000001c   Data           4  main.o(.data)
    Encoder_Right                            0x20000020   Data           4  main.o(.data)
    SystemCoreClock                          0x20000024   Data           4  system_stm32f10x.o(.data)
    AHBPrescTable                            0x20000028   Data          16  system_stm32f10x.o(.data)
    __stdout                                 0x20000050   Data           4  usart.o(.data)
    USART_RX_STA                             0x20000054   Data           2  usart.o(.data)
    gyro                                     0x20000058   Data           6  mpu6050.o(.data)
    accel                                    0x2000005e   Data           6  mpu6050.o(.data)
    sensors                                  0x20000064   Data           2  mpu6050.o(.data)
    q0                                       0x20000068   Data           4  mpu6050.o(.data)
    q1                                       0x2000006c   Data           4  mpu6050.o(.data)
    q2                                       0x20000070   Data           4  mpu6050.o(.data)
    q3                                       0x20000074   Data           4  mpu6050.o(.data)
    Gx_offset                                0x20000082   Data           2  mpu6050.o(.data)
    Gy_offset                                0x20000084   Data           2  mpu6050.o(.data)
    Gz_offset                                0x20000086   Data           2  mpu6050.o(.data)
    Moto1                                    0x200000b4   Data           4  motor.o(.data)
    Moto2                                    0x200000b8   Data           4  motor.o(.data)
    stop_flag                                0x200000bc   Data           1  motor.o(.data)
    USART_RX_BUF                             0x200000c8   Data         200  usart.o(.bss)
    buffer                                   0x20000190   Data          14  mpu6050.o(.bss)
    MPU6050_FIFO                             0x2000019e   Data         132  mpu6050.o(.bss)
    pid                                      0x20000234   Data          48  pid.o(.bss)
    __initial_sp                             0x20000668   Data           0  startup_stm32f10x_md.o(STACK)



==============================================================================

Memory Map of the image

  Image Entry point : 0x080000ed

  Load Region LR_IROM1 (Base: 0x08000000, Size: 0x00008960, Max: 0x00010000, ABSOLUTE)

    Execution Region ER_IROM1 (Exec base: 0x08000000, Load base: 0x08000000, Size: 0x00008898, Max: 0x00010000, ABSOLUTE)

    Exec Addr    Load Addr    Size         Type   Attr      Idx    E Section Name        Object

    0x08000000   0x08000000   0x000000ec   Data   RO          223    RESET               startup_stm32f10x_md.o
    0x080000ec   0x080000ec   0x00000000   Code   RO          743  * .ARM.Collect$$$$00000000  mc_w.l(entry.o)
    0x080000ec   0x080000ec   0x00000004   Code   RO         1080    .ARM.Collect$$$$00000001  mc_w.l(entry2.o)
    0x080000f0   0x080000f0   0x00000004   Code   RO         1083    .ARM.Collect$$$$00000004  mc_w.l(entry5.o)
    0x080000f4   0x080000f4   0x00000000   Code   RO         1085    .ARM.Collect$$$$00000008  mc_w.l(entry7b.o)
    0x080000f4   0x080000f4   0x00000000   Code   RO         1087    .ARM.Collect$$$$0000000A  mc_w.l(entry8b.o)
    0x080000f4   0x080000f4   0x00000008   Code   RO         1088    .ARM.Collect$$$$0000000B  mc_w.l(entry9a.o)
    0x080000fc   0x080000fc   0x00000000   Code   RO         1090    .ARM.Collect$$$$0000000D  mc_w.l(entry10a.o)
    0x080000fc   0x080000fc   0x00000000   Code   RO         1092    .ARM.Collect$$$$0000000F  mc_w.l(entry11a.o)
    0x080000fc   0x080000fc   0x00000004   Code   RO         1081    .ARM.Collect$$$$00002712  mc_w.l(entry2.o)
    0x08000100   0x08000100   0x00000052   Code   RO            1    .text               main.o
    0x08000152   0x08000152   0x0000001a   Code   RO          151    .text               stm32f10x_it.o
    0x0800016c   0x0800016c   0x000001e0   Code   RO          192    .text               system_stm32f10x.o
    0x0800034c   0x0800034c   0x00000024   Code   RO          224    .text               startup_stm32f10x_md.o
    0x08000370   0x08000370   0x000000dc   Code   RO          228    .text               misc.o
    0x0800044c   0x0800044c   0x0000035c   Code   RO          372    .text               stm32f10x_gpio.o
    0x080007a8   0x080007a8   0x000003a4   Code   RO          420    .text               stm32f10x_rcc.o
    0x08000b4c   0x08000b4c   0x00000e1a   Code   RO          470    .text               stm32f10x_tim.o
    0x08001966   0x08001966   0x00000002   PAD
    0x08001968   0x08001968   0x00000408   Code   RO          482    .text               stm32f10x_usart.o
    0x08001d70   0x08001d70   0x000000d4   Code   RO          506    .text               delay.o
    0x08001e44   0x08001e44   0x00000140   Code   RO          536    .text               usart.o
    0x08001f84   0x08001f84   0x00000060   Code   RO          559    .text               led.o
    0x08001fe4   0x08001fe4   0x00000078   Code   RO          571    .text               time.o
    0x0800205c   0x0800205c   0x00000980   Code   RO          590    .text               mpu6050.o
    0x080029dc   0x080029dc   0x00000536   Code   RO          614    .text               iic.o
    0x08002f12   0x08002f12   0x00000002   PAD
    0x08002f14   0x08002f14   0x00001e90   Code   RO          626    .text               inv_mpu.o
    0x08004da4   0x08004da4   0x00000d70   Code   RO          653    .text               inv_mpu_dmp_motion_driver.o
    0x08005b14   0x08005b14   0x000001e8   Code   RO          674    .text               motor.o
    0x08005cfc   0x08005cfc   0x00000210   Code   RO          689    .text               pid.o
    0x08005f0c   0x08005f0c   0x000001a4   Code   RO          713    .text               encoder.o
    0x080060b0   0x080060b0   0x00000062   Code   RO          746    .text               mc_w.l(ldiv.o)
    0x08006112   0x08006112   0x00000024   Code   RO          748    .text               mc_w.l(memseta.o)
    0x08006136   0x08006136   0x0000001a   Code   RO          750    .text               mc_w.l(memcmp.o)
    0x08006150   0x08006150   0x000000b0   Code   RO         1013    .text               mf_w.l(fadd.o)
    0x08006200   0x08006200   0x00000064   Code   RO         1015    .text               mf_w.l(fmul.o)
    0x08006264   0x08006264   0x0000007c   Code   RO         1017    .text               mf_w.l(fdiv.o)
    0x080062e0   0x080062e0   0x0000014e   Code   RO         1019    .text               mf_w.l(dadd.o)
    0x0800642e   0x0800642e   0x000000e4   Code   RO         1021    .text               mf_w.l(dmul.o)
    0x08006512   0x08006512   0x00000012   Code   RO         1023    .text               mf_w.l(fflti.o)
    0x08006524   0x08006524   0x0000000a   Code   RO         1025    .text               mf_w.l(ffltui.o)
    0x0800652e   0x0800652e   0x00000022   Code   RO         1027    .text               mf_w.l(dflti.o)
    0x08006550   0x08006550   0x00000032   Code   RO         1029    .text               mf_w.l(ffixi.o)
    0x08006582   0x08006582   0x00000028   Code   RO         1031    .text               mf_w.l(ffixui.o)
    0x080065aa   0x080065aa   0x0000003e   Code   RO         1033    .text               mf_w.l(dfixi.o)
    0x080065e8   0x080065e8   0x00000026   Code   RO         1035    .text               mf_w.l(f2d.o)
    0x0800660e   0x0800660e   0x00000038   Code   RO         1037    .text               mf_w.l(d2f.o)
    0x08006646   0x08006646   0x00000002   PAD
    0x08006648   0x08006648   0x00000014   Code   RO         1039    .text               mf_w.l(cfcmple.o)
    0x0800665c   0x0800665c   0x00000014   Code   RO         1041    .text               mf_w.l(cfrcmple.o)
    0x08006670   0x08006670   0x0000002c   Code   RO         1094    .text               mc_w.l(uidiv.o)
    0x0800669c   0x0800669c   0x00000062   Code   RO         1096    .text               mc_w.l(uldiv.o)
    0x080066fe   0x080066fe   0x0000001e   Code   RO         1098    .text               mc_w.l(llshl.o)
    0x0800671c   0x0800671c   0x00000020   Code   RO         1100    .text               mc_w.l(llushr.o)
    0x0800673c   0x0800673c   0x00000024   Code   RO         1102    .text               mc_w.l(llsshr.o)
    0x08006760   0x08006760   0x00000000   Code   RO         1111    .text               mc_w.l(iusefp.o)
    0x08006760   0x08006760   0x0000006e   Code   RO         1112    .text               mf_w.l(fepilogue.o)
    0x080067ce   0x080067ce   0x000000ba   Code   RO         1114    .text               mf_w.l(depilogue.o)
    0x08006888   0x08006888   0x000000de   Code   RO         1116    .text               mf_w.l(ddiv.o)
    0x08006966   0x08006966   0x0000002e   Code   RO         1118    .text               mf_w.l(dscalb.o)
    0x08006994   0x08006994   0x00000030   Code   RO         1120    .text               mf_w.l(dfixul.o)
    0x080069c4   0x080069c4   0x00000030   Code   RO         1122    .text               mf_w.l(cdrcmple.o)
    0x080069f4   0x080069f4   0x00000024   Code   RO         1124    .text               mc_w.l(init.o)
    0x08006a18   0x08006a18   0x000000a2   Code   RO         1126    .text               mf_w.l(dsqrt.o)
    0x08006aba   0x08006aba   0x00000002   PAD
    0x08006abc   0x08006abc   0x00000020   Code   RO          985    i.__0printf         mc_w.l(printfa.o)
    0x08006adc   0x08006adc   0x00000028   Code   RO         1067    i.__ARM_fpclassify  m_ws.l(fpclassify.o)
    0x08006b04   0x08006b04   0x000000aa   Code   RO         1069    i.__kernel_poly     m_ws.l(poly.o)
    0x08006bae   0x08006bae   0x00000006   Code   RO         1054    i.__mathlib_dbl_infnan  m_ws.l(dunder.o)
    0x08006bb4   0x08006bb4   0x00000004   Code   RO         1055    i.__mathlib_dbl_infnan2  m_ws.l(dunder.o)
    0x08006bb8   0x08006bb8   0x0000000c   Code   RO         1056    i.__mathlib_dbl_invalid  m_ws.l(dunder.o)
    0x08006bc4   0x08006bc4   0x00000010   Code   RO         1059    i.__mathlib_dbl_underflow  m_ws.l(dunder.o)
    0x08006bd4   0x08006bd4   0x0000000e   Code   RO         1132    i.__scatterload_copy  mc_w.l(handlers.o)
    0x08006be2   0x08006be2   0x00000002   Code   RO         1133    i.__scatterload_null  mc_w.l(handlers.o)
    0x08006be4   0x08006be4   0x0000000e   Code   RO         1134    i.__scatterload_zeroinit  mc_w.l(handlers.o)
    0x08006bf2   0x08006bf2   0x00000002   PAD
    0x08006bf4   0x08006bf4   0x0000000c   Code   RO         1106    i.__set_errno       mc_w.l(errno.o)
    0x08006c00   0x08006c00   0x00000164   Code   RO          992    i._fp_digits        mc_w.l(printfa.o)
    0x08006d64   0x08006d64   0x000006dc   Code   RO          993    i._printf_core      mc_w.l(printfa.o)
    0x08007440   0x08007440   0x00000024   Code   RO          994    i._printf_post_padding  mc_w.l(printfa.o)
    0x08007464   0x08007464   0x0000002e   Code   RO          995    i._printf_pre_padding  mc_w.l(printfa.o)
    0x08007492   0x08007492   0x00000002   PAD
    0x08007494   0x08007494   0x00000270   Code   RO          726    i.asin              m_ws.l(asin.o)
    0x08007704   0x08007704   0x00000220   Code   RO         1044    i.atan              m_ws.l(atan.o)
    0x08007924   0x08007924   0x00000180   Code   RO          736    i.atan2             m_ws.l(atan2.o)
    0x08007aa4   0x08007aa4   0x0000004c   Code   RO         1073    i.sqrt              m_ws.l(sqrt.o)
    0x08007af0   0x08007af0   0x00000050   Data   RO          627    .constdata          inv_mpu.o
    0x08007b40   0x08007b40   0x00000bf6   Data   RO          655    .constdata          inv_mpu_dmp_motion_driver.o
    0x08008736   0x08008736   0x00000002   PAD
    0x08008738   0x08008738   0x00000050   Data   RO          727    .constdata          m_ws.l(asin.o)
    0x08008788   0x08008788   0x00000098   Data   RO         1045    .constdata          m_ws.l(atan.o)
    0x08008820   0x08008820   0x00000008   Data   RO         1071    .constdata          m_ws.l(qnan.o)
    0x08008828   0x08008828   0x0000004e   Data   RO          628    .conststring        inv_mpu.o
    0x08008876   0x08008876   0x00000002   PAD
    0x08008878   0x08008878   0x00000020   Data   RO         1130    Region$$Table       anon$$obj.o


    Execution Region RW_IRAM1 (Exec base: 0x20000000, Load base: 0x08008898, Size: 0x00000668, Max: 0x00005000, ABSOLUTE)

    Exec Addr    Load Addr    Size         Type   Attr      Idx    E Section Name        Object

    0x20000000   0x08008898   0x00000024   Data   RW            2    .data               main.o
    0x20000024   0x080088bc   0x00000014   Data   RW          193    .data               system_stm32f10x.o
    0x20000038   0x080088d0   0x00000014   Data   RW          421    .data               stm32f10x_rcc.o
    0x2000004c   0x080088e4   0x00000004   Data   RW          507    .data               delay.o
    0x20000050   0x080088e8   0x00000006   Data   RW          538    .data               usart.o
    0x20000056   0x080088ee   0x00000002   PAD
    0x20000058   0x080088f0   0x00000030   Data   RW          592    .data               mpu6050.o
    0x20000088   0x08008920   0x0000002c   Data   RW          629    .data               inv_mpu.o
    0x200000b4   0x0800894c   0x00000009   Data   RW          675    .data               motor.o
    0x200000bd   0x08008955   0x00000003   PAD
    0x200000c0   0x08008958   0x00000004   Data   RW          691    .data               pid.o
    0x200000c4   0x0800895c   0x00000004   Data   RW         1107    .data               mc_w.l(errno.o)
    0x200000c8        -       0x000000c8   Zero   RW          537    .bss                usart.o
    0x20000190        -       0x00000092   Zero   RW          591    .bss                mpu6050.o
    0x20000222   0x08008960   0x00000002   PAD
    0x20000224        -       0x00000010   Zero   RW          654    .bss                inv_mpu_dmp_motion_driver.o
    0x20000234        -       0x00000030   Zero   RW          690    .bss                pid.o
    0x20000264   0x08008960   0x00000004   PAD
    0x20000268        -       0x00000400   Zero   RW          221    STACK               startup_stm32f10x_md.o


==============================================================================

Image component sizes


      Code (inc. data)   RO Data    RW Data    ZI Data      Debug   Object Name

         0          0          0          0          0         32   core_cm3.o
       212         18          0          4          0       1079   delay.o
       420         14          0          0          0       1523   encoder.o
      1334         12          0          0          0       5956   iic.o
      7824        172        158         44          0      21895   inv_mpu.o
      3440        126       3062          0         16      15351   inv_mpu_dmp_motion_driver.o
        96         12          0          0          0        527   led.o
        82          0          0         36          0     253045   main.o
       220         22          0          0          0       1833   misc.o
       488         32          0          9          0       2212   motor.o
      2432        444          0         48        146      21635   mpu6050.o
       528         90          0          4         48       1426   pid.o
        36          8        236          0       1024        812   startup_stm32f10x_md.o
       860         38          0          0          0       5769   stm32f10x_gpio.o
        26          0          0          0          0       1198   stm32f10x_it.o
       932         36          0         20          0       8968   stm32f10x_rcc.o
      3610         88          0          0          0      22876   stm32f10x_tim.o
      1032         22          0          0          0       8492   stm32f10x_usart.o
       480         38          0         20          0       1791   system_stm32f10x.o
       120          4          0          0          0        802   time.o
       320         16          0          6        200       3226   usart.o

    ----------------------------------------------------------------------
     24496       1192       3492        196       1440     380448   Object Totals
         0          0         32          0          0          0   (incl. Generated)
         4          0          4          5          6          0   (incl. Padding)

    ----------------------------------------------------------------------

      Code (inc. data)   RO Data    RW Data    ZI Data      Debug   Library Member Name

       624         52         80          0          0        168   asin.o
       544         70        152          0          0        124   atan.o
       384         38          0          0          0        144   atan2.o
        38          6          0          0          0        272   dunder.o
        40          0          0          0          0         68   fpclassify.o
       170          0          0          0          0         96   poly.o
         0          0          8          0          0          0   qnan.o
        76          0          0          0          0         84   sqrt.o
         0          0          0          0          0          0   entry.o
         0          0          0          0          0          0   entry10a.o
         0          0          0          0          0          0   entry11a.o
         8          4          0          0          0          0   entry2.o
         4          0          0          0          0          0   entry5.o
         0          0          0          0          0          0   entry7b.o
         0          0          0          0          0          0   entry8b.o
         8          4          0          0          0          0   entry9a.o
        12          6          0          4          0         68   errno.o
        30          0          0          0          0          0   handlers.o
        36          8          0          0          0         68   init.o
         0          0          0          0          0          0   iusefp.o
        98          0          0          0          0         84   ldiv.o
        30          0          0          0          0         68   llshl.o
        36          0          0          0          0         68   llsshr.o
        32          0          0          0          0         68   llushr.o
        26          0          0          0          0         80   memcmp.o
        36          0          0          0          0        108   memseta.o
      2226         90          0          0          0        444   printfa.o
        44          0          0          0          0         80   uidiv.o
        98          0          0          0          0         92   uldiv.o
        48          0          0          0          0         68   cdrcmple.o
        20          0          0          0          0         68   cfcmple.o
        20          0          0          0          0         68   cfrcmple.o
        56          0          0          0          0         88   d2f.o
       334          0          0          0          0        148   dadd.o
       222          0          0          0          0        100   ddiv.o
       186          0          0          0          0        176   depilogue.o
        62          0          0          0          0         80   dfixi.o
        48          0          0          0          0         68   dfixul.o
        34          0          0          0          0         76   dflti.o
       228          0          0          0          0         96   dmul.o
        46          0          0          0          0         80   dscalb.o
       162          0          0          0          0        100   dsqrt.o
        38          0          0          0          0         68   f2d.o
       176          0          0          0          0        140   fadd.o
       124          0          0          0          0         88   fdiv.o
       110          0          0          0          0        168   fepilogue.o
        50          0          0          0          0         68   ffixi.o
        40          0          0          0          0         68   ffixui.o
        18          0          0          0          0         68   fflti.o
        10          0          0          0          0         68   ffltui.o
       100          0          0          0          0         76   fmul.o

    ----------------------------------------------------------------------
      6740        278        240          4          0       4212   Library Totals
         8          0          0          0          0          0   (incl. Padding)

    ----------------------------------------------------------------------

      Code (inc. data)   RO Data    RW Data    ZI Data      Debug   Library Name

      1876        166        240          0          0        956   m_ws.l
      2724        112          0          4          0       1228   mc_w.l
      2132          0          0          0          0       2028   mf_w.l

    ----------------------------------------------------------------------
      6740        278        240          4          0       4212   Library Totals

    ----------------------------------------------------------------------

==============================================================================


      Code (inc. data)   RO Data    RW Data    ZI Data      Debug   

     31236       1470       3732        200       1440     380756   Grand Totals
     31236       1470       3732        200       1440     380756   ELF Image Totals
     31236       1470       3732        200          0          0   ROM Totals

==============================================================================

    Total RO  Size (Code + RO Data)                34968 (  34.15kB)
    Total RW  Size (RW Data + ZI Data)              1640 (   1.60kB)
    Total ROM Size (Code + RO Data + RW Data)      35168 (  34.34kB)

==============================================================================

