Component: ARM Compiler 5.06 update 1 (build 61) Tool: armlink [4d35a8]

==============================================================================

Section Cross References

    main.o(.text) refers to delay.o(.text) for delay_init
    main.o(.text) refers to usart.o(.text) for uart_init
    main.o(.text) refers to led.o(.text) for LED_Init
    main.o(.text) refers to iic.o(.text) for IIC_Init
    main.o(.text) refers to mpu6050.o(.text) for MPU6050_initialize
    main.o(.text) refers to time.o(.text) for TIM2_Getsample_Int
    system_stm32f10x.o(.text) refers to system_stm32f10x.o(.data) for SystemCoreClock
    startup_stm32f10x_md.o(RESET) refers to startup_stm32f10x_md.o(STACK) for __initial_sp
    startup_stm32f10x_md.o(RESET) refers to startup_stm32f10x_md.o(.text) for Reset_Handler
    startup_stm32f10x_md.o(RESET) refers to stm32f10x_it.o(.text) for NMI_Handler
    startup_stm32f10x_md.o(RESET) refers to time.o(.text) for TIM2_IRQHandler
    startup_stm32f10x_md.o(RESET) refers to usart.o(.text) for USART1_IRQHandler
    startup_stm32f10x_md.o(.text) refers to system_stm32f10x.o(.text) for SystemInit
    startup_stm32f10x_md.o(.text) refers to entry.o(.ARM.Collect$$$$00000000) for __main
    stm32f10x_adc.o(.text) refers to stm32f10x_rcc.o(.text) for RCC_APB2PeriphResetCmd
    stm32f10x_bkp.o(.text) refers to stm32f10x_rcc.o(.text) for RCC_BackupResetCmd
    stm32f10x_can.o(.text) refers to stm32f10x_rcc.o(.text) for RCC_APB1PeriphResetCmd
    stm32f10x_cec.o(.text) refers to stm32f10x_rcc.o(.text) for RCC_APB1PeriphResetCmd
    stm32f10x_dac.o(.text) refers to stm32f10x_rcc.o(.text) for RCC_APB1PeriphResetCmd
    stm32f10x_gpio.o(.text) refers to stm32f10x_rcc.o(.text) for RCC_APB2PeriphResetCmd
    stm32f10x_i2c.o(.text) refers to stm32f10x_rcc.o(.text) for RCC_APB1PeriphResetCmd
    stm32f10x_pwr.o(.text) refers to stm32f10x_rcc.o(.text) for RCC_APB1PeriphResetCmd
    stm32f10x_rcc.o(.text) refers to stm32f10x_rcc.o(.data) for APBAHBPrescTable
    stm32f10x_spi.o(.text) refers to stm32f10x_rcc.o(.text) for RCC_APB2PeriphResetCmd
    stm32f10x_tim.o(.text) refers to stm32f10x_rcc.o(.text) for RCC_APB2PeriphResetCmd
    stm32f10x_usart.o(.text) refers to stm32f10x_rcc.o(.text) for RCC_APB2PeriphResetCmd
    stm32f10x_wwdg.o(.text) refers to stm32f10x_rcc.o(.text) for RCC_APB1PeriphResetCmd
    delay.o(.text) refers to misc.o(.text) for SysTick_CLKSourceConfig
    delay.o(.text) refers to system_stm32f10x.o(.data) for SystemCoreClock
    delay.o(.text) refers to delay.o(.data) for fac_us
    usart.o(.text) refers to stm32f10x_rcc.o(.text) for RCC_APB2PeriphClockCmd
    usart.o(.text) refers to stm32f10x_gpio.o(.text) for GPIO_Init
    usart.o(.text) refers to misc.o(.text) for NVIC_Init
    usart.o(.text) refers to stm32f10x_usart.o(.text) for USART_Init
    usart.o(.text) refers to usart.o(.data) for USART_RX_STA
    usart.o(.text) refers to usart.o(.bss) for USART_RX_BUF
    led.o(.text) refers to stm32f10x_rcc.o(.text) for RCC_APB2PeriphClockCmd
    led.o(.text) refers to stm32f10x_gpio.o(.text) for GPIO_Init
    time.o(.text) refers to stm32f10x_rcc.o(.text) for RCC_APB1PeriphClockCmd
    time.o(.text) refers to stm32f10x_tim.o(.text) for TIM_TimeBaseInit
    time.o(.text) refers to misc.o(.text) for NVIC_Init
    time.o(.text) refers to mpu6050.o(.text) for Read_Temperature
    time.o(.text) refers to printf1.o(i.__0printf$1) for __2printf
    mpu6050.o(.text) refers to inv_mpu.o(.text) for mpu_run_self_test
    mpu6050.o(.text) refers to fflti.o(.text) for __aeabi_i2f
    mpu6050.o(.text) refers to fmul.o(.text) for __aeabi_fmul
    mpu6050.o(.text) refers to ffixi.o(.text) for __aeabi_f2iz
    mpu6050.o(.text) refers to inv_mpu_dmp_motion_driver.o(.text) for dmp_set_gyro_bias
    mpu6050.o(.text) refers to printf1.o(i.__0printf$1) for __2printf
    mpu6050.o(.text) refers to iic.o(.text) for IICwriteBits
    mpu6050.o(.text) refers to fdiv.o(.text) for __aeabi_fdiv
    mpu6050.o(.text) refers to mpu6050.o(.bss) for MPU6050_FIFO
    mpu6050.o(.text) refers to mpu6050.o(.data) for gyro_orientation
    mpu6050.o(.text) refers to fadd.o(.text) for __aeabi_fadd
    mpu6050.o(.text) refers to f2d.o(.text) for __aeabi_f2d
    mpu6050.o(.text) refers to asin.o(i.asin) for asin
    mpu6050.o(.text) refers to dmul.o(.text) for __aeabi_dmul
    mpu6050.o(.text) refers to d2f.o(.text) for __aeabi_d2f
    mpu6050.o(.text) refers to atan2.o(i.atan2) for atan2
    mpu6050.o(.text) refers to cfrcmple.o(.text) for __aeabi_cfrcmple
    mpu6050.o(.text) refers to dadd.o(.text) for __aeabi_dadd
    iic.o(.text) refers to delay.o(.text) for delay_us
    iic.o(.text) refers to stm32f10x_rcc.o(.text) for RCC_APB2PeriphClockCmd
    iic.o(.text) refers to stm32f10x_gpio.o(.text) for GPIO_Init
    inv_mpu.o(.text) refers to iic.o(.text) for i2cWrite
    inv_mpu.o(.text) refers to delay.o(.text) for delay_ms
    inv_mpu.o(.text) refers to inv_mpu.o(.data) for st
[...]
    atan.o(i.atan) refers to dscalb.o(.text) for __ARM_scalbn
    atan.o(i.atan) refers to ddiv.o(.text) for __aeabi_ddiv
    atan.o(i.atan) refers to dmul.o(.text) for __aeabi_dmul
    atan.o(i.atan) refers to poly.o(i.__kernel_poly) for __kernel_poly
    atan.o(i.atan) refers to atan.o(.constdata) for .constdata
    atan.o(.constdata) refers (Special) to iusefp.o(.text) for __I$use$fp
    atan_x.o(i.____softfp_atan$lsc) refers (Special) to iusefp.o(.text) for __I$use$fp
    atan_x.o(i.____softfp_atan$lsc) refers to atan_x.o(i.__atan$lsc) for __atan$lsc
    atan_x.o(i.__atan$lsc) refers (Special) to iusefp.o(.text) for __I$use$fp
    atan_x.o(i.__atan$lsc) refers to dunder.o(i.__mathlib_dbl_infnan) for __mathlib_dbl_infnan
    atan_x.o(i.__atan$lsc) refers to dadd.o(.text) for __aeabi_dadd
    atan_x.o(i.__atan$lsc) refers to dscalb.o(.text) for __ARM_scalbn
    atan_x.o(i.__atan$lsc) refers to ddiv.o(.text) for __aeabi_ddiv
    atan_x.o(i.__atan$lsc) refers to dmul.o(.text) for __aeabi_dmul
    atan_x.o(i.__atan$lsc) refers to poly.o(i.__kernel_poly) for __kernel_poly
    atan_x.o(i.__atan$lsc) refers to atan_x.o(.constdata) for .constdata
    atan_x.o(.constdata) refers (Special) to iusefp.o(.text) for __I$use$fp
    dunder.o(i.__mathlib_dbl_divzero) refers to ddiv.o(.text) for __aeabi_ddiv
    dunder.o(i.__mathlib_dbl_infnan) refers to dscalb.o(.text) for __ARM_scalbn
    dunder.o(i.__mathlib_dbl_infnan2) refers to dadd.o(.text) for __aeabi_dadd
    dunder.o(i.__mathlib_dbl_invalid) refers to ddiv.o(.text) for __aeabi_ddiv
    dunder.o(i.__mathlib_dbl_overflow) refers to dscalb.o(.text) for __ARM_scalbn
    dunder.o(i.__mathlib_dbl_posinfnan) refers to dmul.o(.text) for __aeabi_dmul
    dunder.o(i.__mathlib_dbl_underflow) refers to dscalb.o(.text) for __ARM_scalbn
    fpclassify.o(i.__ARM_fpclassify) refers (Special) to iusefp.o(.text) for __I$use$fp
    poly.o(i.__kernel_poly) refers (Special) to iusefp.o(.text) for __I$use$fp
    poly.o(i.__kernel_poly) refers to dmul.o(.text) for __aeabi_dmul
    poly.o(i.__kernel_poly) refers to dadd.o(.text) for __aeabi_dadd
    qnan.o(.constdata) refers (Special) to iusefp.o(.text) for __I$use$fp
    sqrt.o(i.__softfp_sqrt) refers (Special) to iusefp.o(.text) for __I$use$fp
    sqrt.o(i.__softfp_sqrt) refers to dsqrt.o(.text) for _dsqrt
    sqrt.o(i.__softfp_sqrt) refers to errno.o(i.__set_errno) for __set_errno
    sqrt.o(i.sqrt) refers (Special) to iusefp.o(.text) for __I$use$fp
    sqrt.o(i.sqrt) refers to dsqrt.o(.text) for _dsqrt
    sqrt.o(i.sqrt) refers to errno.o(i.__set_errno) for __set_errno
    sqrt_x.o(i.____softfp_sqrt$lsc) refers (Special) to iusefp.o(.text) for __I$use$fp
    sqrt_x.o(i.____softfp_sqrt$lsc) refers to cdcmple.o(.text) for __aeabi_cdcmple
    sqrt_x.o(i.____softfp_sqrt$lsc) refers to errno.o(i.__set_errno) for __set_errno
    sqrt_x.o(i.____softfp_sqrt$lsc) refers to dsqrt.o(.text) for _dsqrt
    sqrt_x.o(i.__sqrt$lsc) refers (Special) to iusefp.o(.text) for __I$use$fp
    sqrt_x.o(i.__sqrt$lsc) refers to cdcmple.o(.text) for __aeabi_cdcmple
    sqrt_x.o(i.__sqrt$lsc) refers to errno.o(i.__set_errno) for __set_errno
    sqrt_x.o(i.__sqrt$lsc) refers to dsqrt.o(.text) for _dsqrt
    entry2.o(.ARM.Collect$$$$00000001) refers to entry2.o(.ARM.Collect$$$$00002712) for __lit__00000000
    entry2.o(.ARM.Collect$$$$00002712) refers to startup_stm32f10x_md.o(STACK) for __initial_sp
    entry2.o(__vectab_stack_and_reset_area) refers to startup_stm32f10x_md.o(STACK) for __initial_sp
    entry2.o(__vectab_stack_and_reset_area) refers to entry.o(.ARM.Collect$$$$00000000) for __main
    entry5.o(.ARM.Collect$$$$00000004) refers to init.o(.text) for __scatterload
    entry9a.o(.ARM.Collect$$$$0000000B) refers to main.o(.text) for main
    entry9b.o(.ARM.Collect$$$$0000000C) refers to main.o(.text) for main
    uldiv.o(.text) refers to llushr.o(.text) for __aeabi_llsr
    uldiv.o(.text) refers to llshl.o(.text) for __aeabi_llsl
    errno.o(i.__aeabi_errno_addr) refers to errno.o(.data) for .data
    errno.o(i.__read_errno) refers to errno.o(.data) for .data
    errno.o(i.__set_errno) refers to errno.o(.data) for .data
    depilogue.o(.text) refers to llshl.o(.text) for __aeabi_llsl
    depilogue.o(.text) refers to llushr.o(.text) for __aeabi_llsr
    ddiv.o(.text) refers to depilogue.o(.text) for _double_round
    dfixul.o(.text) refers to llushr.o(.text) for __aeabi_llsr
    dfixul.o(.text) refers to llshl.o(.text) for __aeabi_llsl
    init.o(.text) refers to entry5.o(.ARM.Collect$$$$00000004) for __main_after_scatterload
    dsqrt.o(.text) refers to llushr.o(.text) for __aeabi_llsr
    dsqrt.o(.text) refers to depilogue.o(.text) for _double_round


==============================================================================

Removing Unused input sections from the image.

    Removing main.o(.data), (28 bytes).
    Removing core_cm3.o(.emb_text), (32 bytes).
    Removing startup_stm32f10x_md.o(HEAP), (512 bytes).
    Removing stm32f10x_adc.o(.text), (1102 bytes).
    Removing stm32f10x_bkp.o(.text), (196 bytes).
    Removing stm32f10x_can.o(.text), (2544 bytes).
    Removing stm32f10x_cec.o(.text), (288 bytes).
    Removing stm32f10x_crc.o(.text), (72 bytes).
    Removing stm32f10x_dac.o(.text), (396 bytes).
    Removing stm32f10x_dbgmcu.o(.text), (48 bytes).
    Removing stm32f10x_dma.o(.text), (596 bytes).
    Removing stm32f10x_exti.o(.text), (284 bytes).
    Removing stm32f10x_flash.o(.text), (1468 bytes).
    Removing stm32f10x_fsmc.o(.text), (1548 bytes).
    Removing stm32f10x_i2c.o(.text), (1028 bytes).
    Removing stm32f10x_iwdg.o(.text), (64 bytes).
    Removing stm32f10x_pwr.o(.text), (204 bytes).
    Removing stm32f10x_rtc.o(.text), (328 bytes).
    Removing stm32f10x_sdio.o(.text), (468 bytes).
    Removing stm32f10x_spi.o(.text), (780 bytes).
    Removing stm32f10x_wwdg.o(.text), (136 bytes).
    Removing sys.o(.emb_text), (6 bytes).
    Removing sys.o(.text), (12 bytes).
    Removing dfixul.o(.text), (48 bytes).
    Removing cdrcmple.o(.text), (48 bytes).
    Removing cdcmple.o(.text), (48 bytes).

26 unused section(s) (total 12284 bytes) removed from the image.

==============================================================================

Image Symbol Table

    Local Symbols

    Symbol Name                              Value     Ov Type        Size  Object(Section)

    ../clib/microlib/division.c              0x00000000   Number         0  ldiv.o ABSOLUTE
    ../clib/microlib/division.c              0x00000000   Number         0  uidiv.o ABSOLUTE
    ../clib/microlib/division.c              0x00000000   Number         0  uldiv.o ABSOLUTE
    ../clib/microlib/errno.c                 0x00000000   Number         0  errno.o ABSOLUTE
    ../clib/microlib/init/entry.s            0x00000000   Number         0  entry7b.o ABSOLUTE
    ../clib/microlib/init/entry.s            0x00000000   Number         0  entry8a.o ABSOLUTE
    ../clib/microlib/init/entry.s            0x00000000   Number         0  entry8b.o ABSOLUTE
    ../clib/microlib/init/entry.s            0x00000000   Number         0  entry.o ABSOLUTE
    ../clib/microlib/init/entry.s            0x00000000   Number         0  entry10a.o ABSOLUTE
    ../clib/microlib/init/entry.s            0x00000000   Number         0  entry9a.o ABSOLUTE
    ../clib/microlib/init/entry.s            0x00000000   Number         0  entry9b.o ABSOLUTE
    ../clib/microlib/init/entry.s            0x00000000   Number         0  entry10b.o ABSOLUTE
    ../clib/microlib/init/entry.s            0x00000000   Number         0  entry11a.o ABSOLUTE
    ../clib/microlib/init/entry.s            0x00000000   Number         0  entry11b.o ABSOLUTE
    ../clib/microlib/init/entry.s            0x00000000   Number         0  entry2.o ABSOLUTE
    ../clib/microlib/init/entry.s            0x00000000   Number         0  entry5.o ABSOLUTE
    ../clib/microlib/init/entry.s            0x00000000   Number         0  entry7a.o ABSOLUTE
    ../clib/microlib/longlong.c              0x00000000   Number         0  llushr.o ABSOLUTE
    ../clib/microlib/longlong.c              0x00000000   Number         0  llshl.o ABSOLUTE
    ../clib/microlib/longlong.c              0x00000000   Number         0  llsshr.o ABSOLUTE
    ../clib/microlib/printf/printf.c         0x00000000   Number         0  printf5.o ABSOLUTE
    ../clib/microlib/printf/printf.c         0x00000000   Number         0  printfa.o ABSOLUTE
    ../clib/microlib/printf/printf.c         0x00000000   Number         0  printf8.o ABSOLUTE
    ../clib/microlib/printf/printf.c         0x00000000   Number         0  printf7.o ABSOLUTE
    ../clib/microlib/printf/printf.c         0x00000000   Number         0  printf6.o ABSOLUTE
    ../clib/microlib/printf/printf.c         0x00000000   Number         0  printfb.o ABSOLUTE
    ../clib/microlib/printf/printf.c         0x00000000   Number         0  printf0.o ABSOLUTE
    ../clib/microlib/printf/printf.c         0x00000000   Number         0  printf1.o ABSOLUTE
    ../clib/microlib/printf/printf.c         0x00000000   Number         0  printf4.o ABSOLUTE
    ../clib/microlib/printf/printf.c         0x00000000   Number         0  printf2.o ABSOLUTE
    ../clib/microlib/printf/printf.c         0x00000000   Number         0  printf3.o ABSOLUTE
    ../clib/microlib/printf/stubs.s          0x00000000   Number         0  stubs.o ABSOLUTE
    ../clib/microlib/string/memcmp.c         0x00000000   Number         0  memcmp.o ABSOLUTE
    ../clib/microlib/string/memset.c         0x00000000   Number         0  memseta.o ABSOLUTE
    ../clib/microlib/stubs.s                 0x00000000   Number         0  iusefp.o ABSOLUTE
    ../clib/microlib/stubs.s                 0x00000000   Number         0  useno.o ABSOLUTE
    ../fplib/microlib/d2f.c                  0x00000000   Number         0  d2f.o ABSOLUTE
    ../fplib/microlib/f2d.c                  0x00000000   Number         0  f2d.o ABSOLUTE
    ../fplib/microlib/fpadd.c                0x00000000   Number         0  dadd.o ABSOLUTE
    ../fplib/microlib/fpadd.c                0x00000000   Number         0  fadd.o ABSOLUTE
    ../fplib/microlib/fpdiv.c                0x00000000   Number         0  fdiv.o ABSOLUTE
    ../fplib/microlib/fpdiv.c                0x00000000   Number         0  ddiv.o ABSOLUTE
    ../fplib/microlib/fpepilogue.c           0x00000000   Number         0  depilogue.o ABSOLUTE
    ../fplib/microlib/fpepilogue.c           0x00000000   Number         0  fepilogue.o ABSOLUTE
    ../fplib/microlib/fpfix.c                0x00000000   Number         0  ffixui.o ABSOLUTE
    ../fplib/microlib/fpfix.c                0x00000000   Number         0  ffixi.o ABSOLUTE
    ../fplib/microlib/fpfix.c                0x00000000   Number         0  dfixul.o ABSOLUTE
    ../fplib/microlib/fpflt.c                0x00000000   Number         0  fflti.o ABSOLUTE
    ../fplib/microlib/fpflt.c                0x00000000   Number         0  ffltui.o ABSOLUTE
    ../fplib/microlib/fpmul.c                0x00000000   Number         0  fmul.o ABSOLUTE
    ../fplib/microlib/fpmul.c                0x00000000   Number         0  dmul.o ABSOLUTE
    ../fplib/microlib/fpscalb.c              0x00000000   Number         0  dscalb.o ABSOLUTE
    ../fplib/microlib/fpsqrt.c               0x00000000   Number         0  dsqrt.o ABSOLUTE
    ../mathlib/asin.c                        0x00000000   Number         0  asin_x.o ABSOLUTE
    ../mathlib/asin.c                        0x00000000   Number         0  asin.o ABSOLUTE
    ../mathlib/atan.c                        0x00000000   Number         0  atan_x.o ABSOLUTE
    ../mathlib/atan.c                        0x00000000   Number         0  atan.o ABSOLUTE
    ../mathlib/atan2.c                       0x00000000   Number         0  atan2_x.o ABSOLUTE
    ../mathlib/atan2.c                       0x00000000   Number         0  atan2.o ABSOLUTE
    ../mathlib/dunder.c                      0x00000000   Number         0  dunder.o ABSOLUTE
    ../mathlib/fpclassify.c                  0x00000000   Number         0  fpclassify.o ABSOLUTE
    ../mathlib/poly.c                        0x00000000   Number         0  poly.o ABSOLUTE
    ../mathlib/qnan.c                        0x00000000   Number         0  qnan.o ABSOLUTE
    ../mathlib/sqrt.c                        0x00000000   Number         0  sqrt_x.o ABSOLUTE
    ../mathlib/sqrt.c                        0x00000000   Number         0  sqrt.o ABSOLUTE
    ..\CORE\core_cm3.c                       0x00000000   Number         0  core_cm3.o ABSOLUTE
    ..\CORE\startup_stm32f10x_md.s           0x00000000   Number         0  startup_stm32f10x_md.o ABSOLUTE
    ..\HARDWARE\LED\led.c                    0x00000000   Number         0  led.o ABSOLUTE
    ..\HARDWARE\MPU6050\DMP\inv_mpu.c        0x00000000   Number         0  inv_mpu.o ABSOLUTE
    ..\HARDWARE\MPU6050\DMP\inv_mpu_dmp_motion_driver.c 0x00000000   Number         0  inv_mpu_dmp_motion_driver.o ABSOLUTE
    ..\HARDWARE\MPU6050\IIC\IIC.c            0x00000000   Number         0  iic.o ABSOLUTE
    ..\HARDWARE\MPU6050\MPU6050.c            0x00000000   Number         0  mpu6050.o ABSOLUTE
    ..\HARDWARE\TIME23\TIME.c                0x00000000   Number         0  time.o ABSOLUTE
    ..\STM32F10x_FWLib\src\misc.c            0x00000000   Number         0  misc.o ABSOLUTE
    ..\STM32F10x_FWLib\src\stm32f10x_adc.c   0x00000000   Number         0  stm32f10x_adc.o ABSOLUTE
    ..\STM32F10x_FWLib\src\stm32f10x_bkp.c   0x00000000   Number         0  stm32f10x_bkp.o ABSOLUTE
    ..\STM32F10x_FWLib\src\stm32f10x_can.c   0x00000000   Number         0  stm32f10x_can.o ABSOLUTE
    ..\STM32F10x_FWLib\src\stm32f10x_cec.c   0x00000000   Number         0  stm32f10x_cec.o ABSOLUTE
    ..\STM32F10x_FWLib\src\stm32f10x_crc.c   0x00000000   Number         0  stm32f10x_crc.o ABSOLUTE
    ..\STM32F10x_FWLib\src\stm32f10x_dac.c   0x00000000   Number         0  stm32f10x_dac.o ABSOLUTE
    ..\STM32F10x_FWLib\src\stm32f10x_dbgmcu.c 0x00000000   Number         0  stm32f10x_dbgmcu.o ABSOLUTE
    ..\STM32F10x_FWLib\src\stm32f10x_dma.c   0x00000000   Number         0  stm32f10x_dma.o ABSOLUTE
    ..\STM32F10x_FWLib\src\stm32f10x_exti.c  0x00000000   Number         0  stm32f10x_exti.o ABSOLUTE
    ..\STM32F10x_FWLib\src\stm32f10x_flash.c 0x00000000   Number         0  stm32f10x_flash.o ABSOLUTE
    ..\STM32F10x_FWLib\src\stm32f10x_fsmc.c  0x00000000   Number         0  stm32f10x_fsmc.o ABSOLUTE
    ..\STM32F10x_FWLib\src\stm32f10x_gpio.c  0x00000000   Number         0  stm32f10x_gpio.o ABSOLUTE
    ..\STM32F10x_FWLib\src\stm32f10x_i2c.c   0x00000000   Number         0  stm32f10x_i2c.o ABSOLUTE
    ..\STM32F10x_FWLib\src\stm32f10x_iwdg.c  0x00000000   Number         0  stm32f10x_iwdg.o ABSOLUTE
    ..\STM32F10x_FWLib\src\stm32f10x_pwr.c   0x00000000   Number         0  stm32f10x_pwr.o ABSOLUTE
    ..\STM32F10x_FWLib\src\stm32f10x_rcc.c   0x00000000   Number         0  stm32f10x_rcc.o ABSOLUTE
    ..\STM32F10x_FWLib\src\stm32f10x_rtc.c   0x00000000   Number         0  stm32f10x_rtc.o ABSOLUTE
    ..\STM32F10x_FWLib\src\stm32f10x_sdio.c  0x00000000   Number         0  stm32f10x_sdio.o ABSOLUTE
    ..\STM32F10x_FWLib\src\stm32f10x_spi.c   0x00000000   Number         0  stm32f10x_spi.o ABSOLUTE
    ..\STM32F10x_FWLib\src\stm32f10x_tim.c   0x00000000   Number         0  stm32f10x_tim.o ABSOLUTE
    ..\STM32F10x_FWLib\src\stm32f10x_usart.c 0x00000000   Number         0  stm32f10x_usart.o ABSOLUTE
    ..\STM32F10x_FWLib\src\stm32f10x_wwdg.c  0x00000000   Number         0  stm32f10x_wwdg.o ABSOLUTE
    ..\SYSTEM\delay\delay.c                  0x00000000   Number         0  delay.o ABSOLUTE
    ..\SYSTEM\sys\sys.c                      0x00000000   Number         0  sys.o ABSOLUTE
    ..\SYSTEM\usart\usart.c                  0x00000000   Number         0  usart.o ABSOLUTE
    ..\\CORE\\core_cm3.c                     0x00000000   Number         0  core_cm3.o ABSOLUTE
    ..\\SYSTEM\\sys\\sys.c                   0x00000000   Number         0  sys.o ABSOLUTE
    cdcmple.s                                0x00000000   Number         0  cdcmple.o ABSOLUTE
    cdrcmple.s                               0x00000000   Number         0  cdrcmple.o ABSOLUTE
    cfcmple.s                                0x00000000   Number         0  cfcmple.o ABSOLUTE
    cfrcmple.s                               0x00000000   Number         0  cfrcmple.o ABSOLUTE
    dc.s                                     0x00000000   Number         0  dc.o ABSOLUTE
    handlers.s                               0x00000000   Number         0  handlers.o ABSOLUTE
    init.s                                   0x00000000   Number         0  init.o ABSOLUTE
    main.c                                   0x00000000   Number         0  main.o ABSOLUTE
    stm32f10x_it.c                           0x00000000   Number         0  stm32f10x_it.o ABSOLUTE
    system_stm32f10x.c                       0x00000000   Number         0  system_stm32f10x.o ABSOLUTE
    RESET                                    0x08000000   Section      236  startup_stm32f10x_md.o(RESET)
    .ARM.Collect$$$$00000000                 0x080000ec   Section        0  entry.o(.ARM.Collect$$$$00000000)
    .ARM.Collect$$$$00000001                 0x080000ec   Section        4  entry2.o(.ARM.Collect$$$$00000001)
    .ARM.Collect$$$$00000004                 0x080000f0   Section        4  entry5.o(.ARM.Collect$$$$00000004)
    .ARM.Collect$$$$00000008                 0x080000f4   Section        0  entry7b.o(.ARM.Collect$$$$00000008)
    .ARM.Collect$$$$0000000A                 0x080000f4   Section        0  entry8b.o(.ARM.Collect$$$$0000000A)
    .ARM.Collect$$$$0000000B                 0x080000f4   Section        8  entry9a.o(.ARM.Collect$$$$0000000B)
    .ARM.Collect$$$$0000000D                 0x080000fc   Section        0  entry10a.o(.ARM.Collect$$$$0000000D)
    .ARM.Collect$$$$0000000F                 0x080000fc   Section        0  entry11a.o(.ARM.Collect$$$$0000000F)
    .ARM.Collect$$$$00002712                 0x080000fc   Section        4  entry2.o(.ARM.Collect$$$$00002712)
    __lit__00000000                          0x080000fc   Data           4  entry2.o(.ARM.Collect$$$$00002712)
    .text                                    0x08000100   Section        0  main.o(.text)
    .text                                    0x0800012c   Section        0  stm32f10x_it.o(.text)
    .text                                    0x08000148   Section        0  system_stm32f10x.o(.text)
    SetSysClockTo72                          0x08000149   Thumb Code   214  system_stm32f10x.o(.text)
    SetSysClock                              0x0800021f   Thumb Code     8  system_stm32f10x.o(.text)
    .text                                    0x08000328   Section       36  startup_stm32f10x_md.o(.text)
    .text                                    0x0800034c   Section        0  misc.o(.text)
    .text                                    0x08000428   Section        0  stm32f10x_gpio.o(.text)
    .text                                    0x08000784   Section        0  stm32f10x_rcc.o(.text)
    .text                                    0x08000b28   Section        0  stm32f10x_tim.o(.text)
    TI4_Config                               0x08000fcf   Thumb Code   130  stm32f10x_tim.o(.text)
    TI3_Config                               0x08001063   Thumb Code   122  stm32f10x_tim.o(.text)
    TI2_Config                               0x080010f7   Thumb Code   130  stm32f10x_tim.o(.text)
    TI1_Config                               0x0800118b   Thumb Code   108  stm32f10x_tim.o(.text)
    .text                                    0x08001944   Section        0  stm32f10x_usart.o(.text)
    .text                                    0x08001d4c   Section        0  delay.o(.text)
    .text                                    0x08001e20   Section        0  usart.o(.text)
    .text                                    0x08001f60   Section        0  led.o(.text)
    .text                                    0x08001fc0   Section        0  time.o(.text)
    .text                                    0x08002090   Section        0  mpu6050.o(.text)
    inv_row_2_scale                          0x08002091   Thumb Code    78  mpu6050.o(.text)
    inv_orientation_matrix_to_scalar         0x080020df   Thumb Code    40  mpu6050.o(.text)
    run_self_test                            0x08002107   Thumb Code   150  mpu6050.o(.text)
    .text                                    0x08002a10   Section        0  iic.o(.text)
    .text                                    0x08002f48   Section        0  inv_mpu.o(.text)
    set_int_enable                           0x08002f49   Thumb Code   138  inv_mpu.o(.text)
    get_accel_prod_shift                     0x08004191   Thumb Code   168  inv_mpu.o(.text)
    accel_self_test                          0x08004239   Thumb Code   164  inv_mpu.o(.text)
    gyro_self_test                           0x080042dd   Thumb Code   280  inv_mpu.o(.text)
    get_st_biases                            0x080043f5   Thumb Code  1136  inv_mpu.o(.text)
    .text                                    0x08004dd8   Section        0  inv_mpu_dmp_motion_driver.o(.text)
    decode_gesture                           0x0800588d   Thumb Code    94  inv_mpu_dmp_motion_driver.o(.text)
    .text                                    0x08005b48   Section        0  ldiv.o(.text)
    .text                                    0x08005baa   Section        0  memseta.o(.text)
    .text                                    0x08005bce   Section        0  memcmp.o(.text)
    .text                                    0x08005be8   Section        0  fadd.o(.text)
    .text                                    0x08005c98   Section        0  fmul.o(.text)
    .text                                    0x08005cfc   Section        0  fdiv.o(.text)
    .text                                    0x08005d78   Section        0  dadd.o(.text)
    .text                                    0x08005ec6   Section        0  dmul.o(.text)
    .text                                    0x08005faa   Section        0  fflti.o(.text)
    .text                                    0x08005fbc   Section        0  ffltui.o(.text)
    .text                                    0x08005fc6   Section        0  ffixi.o(.text)
    .text                                    0x08005ff8   Section        0  ffixui.o(.text)
    .text                                    0x08006020   Section        0  f2d.o(.text)
    .text                                    0x08006046   Section        0  d2f.o(.text)
    .text                                    0x08006080   Section       20  cfcmple.o(.text)
    .text                                    0x08006094   Section       20  cfrcmple.o(.text)
    .text                                    0x080060a8   Section        0  uidiv.o(.text)
    .text                                    0x080060d4   Section        0  uldiv.o(.text)
    .text                                    0x08006136   Section        0  llshl.o(.text)
    .text                                    0x08006154   Section        0  llsshr.o(.text)
    .text                                    0x08006178   Section        0  fepilogue.o(.text)
    .text                                    0x08006178   Section        0  iusefp.o(.text)
    .text                                    0x080061e6   Section        0  depilogue.o(.text)
    .text                                    0x080062a0   Section        0  ddiv.o(.text)
    .text                                    0x0800637e   Section        0  dscalb.o(.text)
    .text                                    0x080063ac   Section       36  init.o(.text)
    .text                                    0x080063d0   Section        0  llushr.o(.text)
    .text                                    0x080063f0   Section        0  dsqrt.o(.text)
    i.__0printf$1                            0x08006494   Section        0  printf1.o(i.__0printf$1)
    i.__ARM_fpclassify                       0x080064b4   Section        0  fpclassify.o(i.__ARM_fpclassify)
    i.__kernel_poly                          0x080064dc   Section        0  poly.o(i.__kernel_poly)
    i.__mathlib_dbl_infnan                   0x08006586   Section        0  dunder.o(i.__mathlib_dbl_infnan)
    i.__mathlib_dbl_infnan2                  0x0800658c   Section        0  dunder.o(i.__mathlib_dbl_infnan2)
    i.__mathlib_dbl_invalid                  0x08006590   Section        0  dunder.o(i.__mathlib_dbl_invalid)
    i.__mathlib_dbl_underflow                0x0800659c   Section        0  dunder.o(i.__mathlib_dbl_underflow)
    i.__scatterload_copy                     0x080065ac   Section       14  handlers.o(i.__scatterload_copy)
    i.__scatterload_null                     0x080065ba   Section        2  handlers.o(i.__scatterload_null)
    i.__scatterload_zeroinit                 0x080065bc   Section       14  handlers.o(i.__scatterload_zeroinit)
    i.__set_errno                            0x080065cc   Section        0  errno.o(i.__set_errno)
    i._printf_core                           0x080065d8   Section        0  printf1.o(i._printf_core)
    _printf_core                             0x080065d9   Thumb Code   336  printf1.o(i._printf_core)
    i.asin                                   0x0800672c   Section        0  asin.o(i.asin)
    i.atan                                   0x0800699c   Section        0  atan.o(i.atan)
    i.atan2                                  0x08006bbc   Section        0  atan2.o(i.atan2)
    i.sqrt                                   0x08006d3c   Section        0  sqrt.o(i.sqrt)
    .constdata                               0x08006d88   Section       80  inv_mpu.o(.constdata)
    .constdata                               0x08006dd8   Section     3062  inv_mpu_dmp_motion_driver.o(.constdata)
    dmp_memory                               0x08006dd8   Data        3062  inv_mpu_dmp_motion_driver.o(.constdata)
    .constdata                               0x080079d0   Section       80  asin.o(.constdata)
    pS                                       0x080079d0   Data          48  asin.o(.constdata)
    qS                                       0x08007a00   Data          32  asin.o(.constdata)
    .constdata                               0x08007a20   Section      152  atan.o(.constdata)
    atanhi                                   0x08007a20   Data          32  atan.o(.constdata)
    atanlo                                   0x08007a40   Data          32  atan.o(.constdata)
    aTodd                                    0x08007a60   Data          40  atan.o(.constdata)
    aTeven                                   0x08007a88   Data          48  atan.o(.constdata)
    .constdata                               0x08007ab8   Section        8  qnan.o(.constdata)
    .conststring                             0x08007ac0   Section       78  inv_mpu.o(.conststring)
    .data                                    0x20000000   Section       20  system_stm32f10x.o(.data)
    .data                                    0x20000014   Section       20  stm32f10x_rcc.o(.data)
    APBAHBPrescTable                         0x20000014   Data          16  stm32f10x_rcc.o(.data)
    ADCPrescTable                            0x20000024   Data           4  stm32f10x_rcc.o(.data)
    .data                                    0x20000028   Section        4  delay.o(.data)
    fac_us                                   0x20000028   Data           1  delay.o(.data)
    fac_ms                                   0x2000002a   Data           2  delay.o(.data)
    .data                                    0x2000002c   Section        6  usart.o(.data)
    .data                                    0x20000034   Section       48  mpu6050.o(.data)
    gyro_orientation                         0x20000054   Data           9  mpu6050.o(.data)
    .data                                    0x20000064   Section       44  inv_mpu.o(.data)
    st                                       0x20000064   Data          44  inv_mpu.o(.data)
    .data                                    0x20000090   Section        4  errno.o(.data)
    _errno                                   0x20000090   Data           4  errno.o(.data)
    .bss                                     0x20000094   Section      200  usart.o(.bss)
    .bss                                     0x2000015c   Section      146  mpu6050.o(.bss)
    .bss                                     0x200001f0   Section       16  inv_mpu_dmp_motion_driver.o(.bss)
    dmp                                      0x200001f0   Data          16  inv_mpu_dmp_motion_driver.o(.bss)
    STACK                                    0x20000200   Section     1024  startup_stm32f10x_md.o(STACK)

    Global Symbols

    Symbol Name                              Value     Ov Type        Size  Object(Section)

    BuildAttributes$$THM_ISAv4$P$D$K$B$S$PE$A:L22UL41UL21$X:L11$S22US41US21$IEEE1$IW$USESV6$~STKCKD$USESV7$~SHL$OTIME$ROPI$IEEEX$EBA8$MICROLIB$REQ8$PRES8$EABIv2 0x00000000   Number         0  anon$$obj.o ABSOLUTE
    __ARM_use_no_argv                        0x00000000   Number         0  main.o ABSOLUTE
    __use_no_errno                           0x00000000   Number         0  useno.o ABSOLUTE
    __use_no_exception_handling              0x00000000   Number         0  useno.o ABSOLUTE
    __use_no_fp                              0x00000000   Number         0  useno.o ABSOLUTE
    __use_no_heap                            0x00000000   Number         0  useno.o ABSOLUTE
    __use_no_heap_region                     0x00000000   Number         0  useno.o ABSOLUTE
    __use_no_semihosting                     0x00000000   Number         0  useno.o ABSOLUTE
    __use_no_semihosting_swi                 0x00000000   Number         0  useno.o ABSOLUTE
    __use_no_signal_handling                 0x00000000   Number         0  useno.o ABSOLUTE
    _printf_a                                0x00000000   Number         0  stubs.o ABSOLUTE
    _printf_c                                0x00000000   Number         0  stubs.o ABSOLUTE
    _printf_charcount                        0x00000000   Number         0  stubs.o ABSOLUTE
    _printf_d                                0x00000000   Number         0  stubs.o ABSOLUTE
    _printf_e                                0x00000000   Number         0  stubs.o ABSOLUTE
    _printf_f                                0x00000000   Number         0  stubs.o ABSOLUTE
    _printf_flags                            0x00000000   Number         0  stubs.o ABSOLUTE
    _printf_fp_dec                           0x00000000   Number         0  stubs.o ABSOLUTE
    _printf_fp_hex                           0x00000000   Number         0  stubs.o ABSOLUTE
    _printf_g                                0x00000000   Number         0  stubs.o ABSOLUTE
    _printf_i                                0x00000000   Number         0  stubs.o ABSOLUTE
    _printf_int_dec                          0x00000000   Number         0  stubs.o ABSOLUTE
    _printf_l                                0x00000000   Number         0  stubs.o ABSOLUTE
    _printf_lc                               0x00000000   Number         0  stubs.o ABSOLUTE
    _printf_ll                               0x00000000   Number         0  stubs.o ABSOLUTE
    _printf_lld                              0x00000000   Number         0  stubs.o ABSOLUTE
    _printf_lli                              0x00000000   Number         0  stubs.o ABSOLUTE
    _printf_llo                              0x00000000   Number         0  stubs.o ABSOLUTE
    _printf_llu                              0x00000000   Number         0  stubs.o ABSOLUTE
    _printf_llx                              0x00000000   Number         0  stubs.o ABSOLUTE
    _printf_longlong_dec                     0x00000000   Number         0  stubs.o ABSOLUTE
    _printf_longlong_hex                     0x00000000   Number         0  stubs.o ABSOLUTE
    _printf_longlong_oct                     0x00000000   Number         0  stubs.o ABSOLUTE
    _printf_ls                               0x00000000   Number         0  stubs.o ABSOLUTE
    _printf_mbtowc                           0x00000000   Number         0  stubs.o ABSOLUTE
    _printf_n                                0x00000000   Number         0  stubs.o ABSOLUTE
    _printf_o                                0x00000000   Number         0  stubs.o ABSOLUTE
    _printf_p                                0x00000000   Number         0  stubs.o ABSOLUTE
    _printf_percent                          0x00000000   Number         0  stubs.o ABSOLUTE
    _printf_pre_padding                      0x00000000   Number         0  stubs.o ABSOLUTE
    _printf_return_value                     0x00000000   Number         0  stubs.o ABSOLUTE
    _printf_s                                0x00000000   Number         0  stubs.o ABSOLUTE
    _printf_sizespec                         0x00000000   Number         0  stubs.o ABSOLUTE
    _printf_str                              0x00000000   Number         0  stubs.o ABSOLUTE
    _printf_truncate_signed                  0x00000000   Number         0  stubs.o ABSOLUTE
    _printf_truncate_unsigned                0x00000000   Number         0  stubs.o ABSOLUTE
    _printf_u                                0x00000000   Number         0  stubs.o ABSOLUTE
    _printf_wc                               0x00000000   Number         0  stubs.o ABSOLUTE
    _printf_wctomb                           0x00000000   Number         0  stubs.o ABSOLUTE
    _printf_widthprec                        0x00000000   Number         0  stubs.o ABSOLUTE
    _printf_x                                0x00000000   Number         0  stubs.o ABSOLUTE
    __cpp_initialize__aeabi_                  - Undefined Weak Reference
    __cxa_finalize                            - Undefined Weak Reference
    __decompress                              - Undefined Weak Reference
    _clock_init                               - Undefined Weak Reference
    _microlib_exit                            - Undefined Weak Reference
    __Vectors_Size                           0x000000ec   Number         0  startup_stm32f10x_md.o ABSOLUTE
    __Vectors                                0x08000000   Data           4  startup_stm32f10x_md.o(RESET)
    __Vectors_End                            0x080000ec   Data           0  startup_stm32f10x_md.o(RESET)
    __main                                   0x080000ed   Thumb Code     0  entry.o(.ARM.Collect$$$$00000000)
    _main_stk                                0x080000ed   Thumb Code     0  entry2.o(.ARM.Collect$$$$00000001)
    _main_scatterload                        0x080000f1   Thumb Code     0  entry5.o(.ARM.Collect$$$$00000004)
    __main_after_scatterload                 0x080000f5   Thumb Code     0  entry5.o(.ARM.Collect$$$$00000004)
    _main_clock                              0x080000f5   Thumb Code     0  entry7b.o(.ARM.Collect$$$$00000008)
    _main_cpp_init                           0x080000f5   Thumb Code     0  entry8b.o(.ARM.Collect$$$$0000000A)
    _main_init                               0x080000f5   Thumb Code     0  entry9a.o(.ARM.Collect$$$$0000000B)
    __rt_final_cpp                           0x080000fd   Thumb Code     0  entry10a.o(.ARM.Collect$$$$0000000D)
    __rt_final_exit                          0x080000fd   Thumb Code     0  entry11a.o(.ARM.Collect$$$$0000000F)
    main                                     0x08000101   Thumb Code    44  main.o(.text)
    NMI_Handler                              0x0800012d   Thumb Code     2  stm32f10x_it.o(.text)
    HardFault_Handler                        0x0800012f   Thumb Code     4  stm32f10x_it.o(.text)
    MemManage_Handler                        0x08000133   Thumb Code     4  stm32f10x_it.o(.text)
    BusFault_Handler                         0x08000137   Thumb Code     4  stm32f10x_it.o(.text)
    UsageFault_Handler                       0x0800013b   Thumb Code     4  stm32f10x_it.o(.text)
    SVC_Handler                              0x0800013f   Thumb Code     2  stm32f10x_it.o(.text)
    DebugMon_Handler                         0x08000141   Thumb Code     2  stm32f10x_it.o(.text)
    PendSV_Handler                           0x08000143   Thumb Code     2  stm32f10x_it.o(.text)
    SysTick_Handler                          0x08000145   Thumb Code     2  stm32f10x_it.o(.text)
    SystemInit                               0x08000227   Thumb Code    78  system_stm32f10x.o(.text)
    SystemCoreClockUpdate                    0x08000275   Thumb Code   142  system_stm32f10x.o(.text)
    Reset_Handler                            0x08000329   Thumb Code     8  startup_stm32f10x_md.o(.text)
    ADC1_2_IRQHandler                        0x08000343   Thumb Code     0  startup_stm32f10x_md.o(.text)
    CAN1_RX1_IRQHandler                      0x08000343   Thumb Code     0  startup_stm32f10x_md.o(.text)
    CAN1_SCE_IRQHandler                      0x08000343   Thumb Code     0  startup_stm32f10x_md.o(.text)
    DMA1_Channel1_IRQHandler                 0x08000343   Thumb Code     0  startup_stm32f10x_md.o(.text)
    DMA1_Channel2_IRQHandler                 0x08000343   Thumb Code     0  startup_stm32f10x_md.o(.text)
    DMA1_Channel3_IRQHandler                 0x08000343   Thumb Code     0  startup_stm32f10x_md.o(.text)
    DMA1_Channel4_IRQHandler                 0x08000343   Thumb Code     0  startup_stm32f10x_md.o(.text)
    DMA1_Channel5_IRQHandler                 0x08000343   Thumb Code     0  startup_stm32f10x_md.o(.text)
    DMA1_Channel6_IRQHandler                 0x08000343   Thumb Code     0  startup_stm32f10x_md.o(.text)
    DMA1_Channel7_IRQHandler                 0x08000343   Thumb Code     0  startup_stm32f10x_md.o(.text)
    EXTI0_IRQHandler                         0x08000343   Thumb Code     0  startup_stm32f10x_md.o(.text)
    EXTI15_10_IRQHandler                     0x08000343   Thumb Code     0  startup_stm32f10x_md.o(.text)
    EXTI1_IRQHandler                         0x08000343   Thumb Code     0  startup_stm32f10x_md.o(.text)
    EXTI2_IRQHandler                         0x08000343   Thumb Code     0  startup_stm32f10x_md.o(.text)
    EXTI3_IRQHandler                         0x08000343   Thumb Code     0  startup_stm32f10x_md.o(.text)
    EXTI4_IRQHandler                         0x08000343   Thumb Code     0  startup_stm32f10x_md.o(.text)
    EXTI9_5_IRQHandler                       0x08000343   Thumb Code     0  startup_stm32f10x_md.o(.text)
    FLASH_IRQHandler                         0x08000343   Thumb Code     0  startup_stm32f10x_md.o(.text)
    I2C1_ER_IRQHandler                       0x08000343   Thumb Code     0  startup_stm32f10x_md.o(.text)
    I2C1_EV_IRQHandler                       0x08000343   Thumb Code     0  startup_stm32f10x_md.o(.text)
    I2C2_ER_IRQHandler                       0x08000343   Thumb Code     0  startup_stm32f10x_md.o(.text)
    I2C2_EV_IRQHandler                       0x08000343   Thumb Code     0  startup_stm32f10x_md.o(.text)
    PVD_IRQHandler                           0x08000343   Thumb Code     0  startup_stm32f10x_md.o(.text)
    RCC_IRQHandler                           0x08000343   Thumb Code     0  startup_stm32f10x_md.o(.text)
    RTCAlarm_IRQHandler                      0x08000343   Thumb Code     0  startup_stm32f10x_md.o(.text)
    RTC_IRQHandler                           0x08000343   Thumb Code     0  startup_stm32f10x_md.o(.text)
    SPI1_IRQHandler                          0x08000343   Thumb Code     0  startup_stm32f10x_md.o(.text)
    SPI2_IRQHandler                          0x08000343   Thumb Code     0  startup_stm32f10x_md.o(.text)
    TAMPER_IRQHandler                        0x08000343   Thumb Code     0  startup_stm32f10x_md.o(.text)
    TIM1_BRK_IRQHandler                      0x08000343   Thumb Code     0  startup_stm32f10x_md.o(.text)
    TIM1_CC_IRQHandler                       0x08000343   Thumb Code     0  startup_stm32f10x_md.o(.text)
    TIM1_TRG_COM_IRQHandler                  0x08000343   Thumb Code     0  startup_stm32f10x_md.o(.text)
    TIM1_UP_IRQHandler                       0x08000343   Thumb Code     0  startup_stm32f10x_md.o(.text)
    TIM3_IRQHandler                          0x08000343   Thumb Code     0  startup_stm32f10x_md.o(.text)
    TIM4_IRQHandler                          0x08000343   Thumb Code     0  startup_stm32f10x_md.o(.text)
    USART2_IRQHandler                        0x08000343   Thumb Code     0  startup_stm32f10x_md.o(.text)
    USART3_IRQHandler                        0x08000343   Thumb Code     0  startup_stm32f10x_md.o(.text)
    USBWakeUp_IRQHandler                     0x08000343   Thumb Code     0  startup_stm32f10x_md.o(.text)
    USB_HP_CAN1_TX_IRQHandler                0x08000343   Thumb Code     0  startup_stm32f10x_md.o(.text)
    USB_LP_CAN1_RX0_IRQHandler               0x08000343   Thumb Code     0  startup_stm32f10x_md.o(.text)
    WWDG_IRQHandler                          0x08000343   Thumb Code     0  startup_stm32f10x_md.o(.text)
    NVIC_PriorityGroupConfig                 0x0800034d   Thumb Code    10  misc.o(.text)
    NVIC_Init                                0x08000357   Thumb Code   100  misc.o(.text)
    NVIC_SetVectorTable                      0x080003bb   Thumb Code    14  misc.o(.text)
    NVIC_SystemLPConfig                      0x080003c9   Thumb Code    34  misc.o(.text)
    SysTick_CLKSourceConfig                  0x080003eb   Thumb Code    40  misc.o(.text)
    GPIO_DeInit                              0x08000429   Thumb Code   172  stm32f10x_gpio.o(.text)
    GPIO_AFIODeInit                          0x080004d5   Thumb Code    20  stm32f10x_gpio.o(.text)
    GPIO_Init                                0x080004e9   Thumb Code   278  stm32f10x_gpio.o(.text)
    GPIO_StructInit                          0x080005ff   Thumb Code    16  stm32f10x_gpio.o(.text)
    GPIO_ReadInputDataBit                    0x0800060f   Thumb Code    18  stm32f10x_gpio.o(.text)
    GPIO_ReadInputData                       0x08000621   Thumb Code     8  stm32f10x_gpio.o(.text)
    GPIO_ReadOutputDataBit                   0x08000629   Thumb Code    18  stm32f10x_gpio.o(.text)
    GPIO_ReadOutputData                      0x0800063b   Thumb Code     8  stm32f10x_gpio.o(.text)
    GPIO_SetBits                             0x08000643   Thumb Code     4  stm32f10x_gpio.o(.text)
    GPIO_ResetBits                           0x08000647   Thumb Code     4  stm32f10x_gpio.o(.text)
    GPIO_WriteBit                            0x0800064b   Thumb Code    10  stm32f10x_gpio.o(.text)
    GPIO_Write                               0x08000655   Thumb Code     4  stm32f10x_gpio.o(.text)
    GPIO_PinLockConfig                       0x08000659   Thumb Code    18  stm32f10x_gpio.o(.text)
    GPIO_EventOutputConfig                   0x0800066b   Thumb Code    26  stm32f10x_gpio.o(.text)
    GPIO_EventOutputCmd                      0x08000685   Thumb Code     6  stm32f10x_gpio.o(.text)
    GPIO_PinRemapConfig                      0x0800068b   Thumb Code   138  stm32f10x_gpio.o(.text)
    GPIO_EXTILineConfig                      0x08000715   Thumb Code    66  stm32f10x_gpio.o(.text)
    GPIO_ETH_MediaInterfaceConfig            0x08000757   Thumb Code     8  stm32f10x_gpio.o(.text)
    RCC_DeInit                               0x08000785   Thumb Code    64  stm32f10x_rcc.o(.text)
    RCC_HSEConfig                            0x080007c5   Thumb Code    70  stm32f10x_rcc.o(.text)
    RCC_GetFlagStatus                        0x0800080b   Thumb Code    56  stm32f10x_rcc.o(.text)
    RCC_WaitForHSEStartUp                    0x08000843   Thumb Code    56  stm32f10x_rcc.o(.text)
    RCC_AdjustHSICalibrationValue            0x0800087b   Thumb Code    20  stm32f10x_rcc.o(.text)
    RCC_HSICmd                               0x0800088f   Thumb Code     6  stm32f10x_rcc.o(.text)
    RCC_PLLConfig                            0x08000895   Thumb Code    24  stm32f10x_rcc.o(.text)
    RCC_PLLCmd                               0x080008ad   Thumb Code     6  stm32f10x_rcc.o(.text)
    RCC_SYSCLKConfig                         0x080008b3   Thumb Code    18  stm32f10x_rcc.o(.text)
    RCC_GetSYSCLKSource                      0x080008c5   Thumb Code    10  stm32f10x_rcc.o(.text)
    RCC_HCLKConfig                           0x080008cf   Thumb Code    18  stm32f10x_rcc.o(.text)
    RCC_PCLK1Config                          0x080008e1   Thumb Code    18  stm32f10x_rcc.o(.text)
    RCC_PCLK2Config                          0x080008f3   Thumb Code    20  stm32f10x_rcc.o(.text)
    RCC_ITConfig                             0x08000907   Thumb Code    26  stm32f10x_rcc.o(.text)
    RCC_USBCLKConfig                         0x08000921   Thumb Code     8  stm32f10x_rcc.o(.text)
    RCC_ADCCLKConfig                         0x08000929   Thumb Code    18  stm32f10x_rcc.o(.text)
    RCC_LSEConfig                            0x0800093b   Thumb Code    50  stm32f10x_rcc.o(.text)
    RCC_LSICmd                               0x0800096d   Thumb Code     6  stm32f10x_rcc.o(.text)
    RCC_RTCCLKConfig                         0x08000973   Thumb Code    12  stm32f10x_rcc.o(.text)
    RCC_RTCCLKCmd                            0x0800097f   Thumb Code     8  stm32f10x_rcc.o(.text)
    RCC_GetClocksFreq                        0x08000987   Thumb Code   192  stm32f10x_rcc.o(.text)
    RCC_AHBPeriphClockCmd                    0x08000a47   Thumb Code    26  stm32f10x_rcc.o(.text)
    RCC_APB2PeriphClockCmd                   0x08000a61   Thumb Code    26  stm32f10x_rcc.o(.text)
    RCC_APB1PeriphClockCmd                   0x08000a7b   Thumb Code    26  stm32f10x_rcc.o(.text)
    RCC_APB2PeriphResetCmd                   0x08000a95   Thumb Code    26  stm32f10x_rcc.o(.text)
    RCC_APB1PeriphResetCmd                   0x08000aaf   Thumb Code    26  stm32f10x_rcc.o(.text)
    RCC_BackupResetCmd                       0x08000ac9   Thumb Code     8  stm32f10x_rcc.o(.text)
    RCC_ClockSecuritySystemCmd               0x08000ad1   Thumb Code     6  stm32f10x_rcc.o(.text)
    RCC_MCOConfig                            0x08000ad7   Thumb Code     6  stm32f10x_rcc.o(.text)
    RCC_ClearFlag                            0x08000add   Thumb Code    14  stm32f10x_rcc.o(.text)
    RCC_GetITStatus                          0x08000aeb   Thumb Code    20  stm32f10x_rcc.o(.text)
    RCC_ClearITPendingBit                    0x08000aff   Thumb Code     6  stm32f10x_rcc.o(.text)
    TIM_DeInit                               0x08000b29   Thumb Code   424  stm32f10x_tim.o(.text)
    TIM_TimeBaseInit                         0x08000cd1   Thumb Code   122  stm32f10x_tim.o(.text)
    TIM_OC1Init                              0x08000d4b   Thumb Code   132  stm32f10x_tim.o(.text)
    TIM_OC2Init                              0x08000dcf   Thumb Code   154  stm32f10x_tim.o(.text)
    TIM_OC3Init                              0x08000e69   Thumb Code   150  stm32f10x_tim.o(.text)
    TIM_OC4Init                              0x08000eff   Thumb Code   182  stm32f10x_tim.o(.text)
    TIM_SetIC4Prescaler                      0x08000fb5   Thumb Code    26  stm32f10x_tim.o(.text)
    TIM_SetIC3Prescaler                      0x08001051   Thumb Code    18  stm32f10x_tim.o(.text)
    TIM_SetIC2Prescaler                      0x080010dd   Thumb Code    26  stm32f10x_tim.o(.text)
    TIM_SetIC1Prescaler                      0x08001179   Thumb Code    18  stm32f10x_tim.o(.text)
    TIM_ICInit                               0x080011f7   Thumb Code   150  stm32f10x_tim.o(.text)
    TIM_PWMIConfig                           0x0800128d   Thumb Code   124  stm32f10x_tim.o(.text)
    TIM_BDTRConfig                           0x08001309   Thumb Code    32  stm32f10x_tim.o(.text)
    TIM_TimeBaseStructInit                   0x08001329   Thumb Code    18  stm32f10x_tim.o(.text)
    TIM_OCStructInit                         0x0800133b   Thumb Code    20  stm32f10x_tim.o(.text)
    TIM_ICStructInit                         0x0800134f   Thumb Code    18  stm32f10x_tim.o(.text)
    TIM_BDTRStructInit                       0x08001361   Thumb Code    40  stm32f10x_tim.o(.text)
    TIM_Cmd                                  0x08001389   Thumb Code    24  stm32f10x_tim.o(.text)
    TIM_CtrlPWMOutputs                       0x080013a1   Thumb Code    30  stm32f10x_tim.o(.text)
    TIM_ITConfig                             0x080013bf   Thumb Code    18  stm32f10x_tim.o(.text)
    TIM_GenerateEvent                        0x080013d1   Thumb Code     4  stm32f10x_tim.o(.text)
    TIM_DMAConfig                            0x080013d5   Thumb Code    10  stm32f10x_tim.o(.text)
    TIM_DMACmd                               0x080013df   Thumb Code    18  stm32f10x_tim.o(.text)
    TIM_InternalClockConfig                  0x080013f1   Thumb Code    12  stm32f10x_tim.o(.text)
    TIM_SelectInputTrigger                   0x080013fd   Thumb Code    18  stm32f10x_tim.o(.text)
    TIM_ITRxExternalClockConfig              0x0800140f   Thumb Code    24  stm32f10x_tim.o(.text)
    TIM_TIxExternalClockConfig               0x08001427   Thumb Code    62  stm32f10x_tim.o(.text)
    TIM_ETRConfig                            0x08001465   Thumb Code    28  stm32f10x_tim.o(.text)
    TIM_ETRClockMode1Config                  0x08001481   Thumb Code    54  stm32f10x_tim.o(.text)
    TIM_ETRClockMode2Config                  0x080014b7   Thumb Code    32  stm32f10x_tim.o(.text)
    TIM_PrescalerConfig                      0x080014d7   Thumb Code     6  stm32f10x_tim.o(.text)
    TIM_CounterModeConfig                    0x080014dd   Thumb Code    18  stm32f10x_tim.o(.text)
    TIM_EncoderInterfaceConfig               0x080014ef   Thumb Code    66  stm32f10x_tim.o(.text)
    TIM_ForcedOC1Config                      0x08001531   Thumb Code    18  stm32f10x_tim.o(.text)
    TIM_ForcedOC2Config                      0x08001543   Thumb Code    26  stm32f10x_tim.o(.text)
    TIM_ForcedOC3Config                      0x0800155d   Thumb Code    18  stm32f10x_tim.o(.text)
    TIM_ForcedOC4Config                      0x0800156f   Thumb Code    26  stm32f10x_tim.o(.text)
    TIM_ARRPreloadConfig                     0x08001589   Thumb Code    24  stm32f10x_tim.o(.text)
    TIM_SelectCOM                            0x080015a1   Thumb Code    24  stm32f10x_tim.o(.text)
    TIM_SelectCCDMA                          0x080015b9   Thumb Code    24  stm32f10x_tim.o(.text)
    TIM_CCPreloadControl                     0x080015d1   Thumb Code    24  stm32f10x_tim.o(.text)
    TIM_OC1PreloadConfig                     0x080015e9   Thumb Code    18  stm32f10x_tim.o(.text)
    TIM_OC2PreloadConfig                     0x080015fb   Thumb Code    26  stm32f10x_tim.o(.text)
    TIM_OC3PreloadConfig                     0x08001615   Thumb Code    18  stm32f10x_tim.o(.text)
    TIM_OC4PreloadConfig                     0x08001627   Thumb Code    26  stm32f10x_tim.o(.text)
    TIM_OC1FastConfig                        0x08001641   Thumb Code    18  stm32f10x_tim.o(.text)
    TIM_OC2FastConfig                        0x08001653   Thumb Code    26  stm32f10x_tim.o(.text)
    TIM_OC3FastConfig                        0x0800166d   Thumb Code    18  stm32f10x_tim.o(.text)
    TIM_OC4FastConfig                        0x0800167f   Thumb Code    26  stm32f10x_tim.o(.text)
    TIM_ClearOC1Ref                          0x08001699   Thumb Code    18  stm32f10x_tim.o(.text)
    TIM_ClearOC2Ref                          0x080016ab   Thumb Code    24  stm32f10x_tim.o(.text)
    TIM_ClearOC3Ref                          0x080016c3   Thumb Code    18  stm32f10x_tim.o(.text)
    TIM_ClearOC4Ref                          0x080016d5   Thumb Code    24  stm32f10x_tim.o(.text)
    TIM_OC1PolarityConfig                    0x080016ed   Thumb Code    18  stm32f10x_tim.o(.text)
    TIM_OC1NPolarityConfig                   0x080016ff   Thumb Code    18  stm32f10x_tim.o(.text)
    TIM_OC2PolarityConfig                    0x08001711   Thumb Code    26  stm32f10x_tim.o(.text)
    TIM_OC2NPolarityConfig                   0x0800172b   Thumb Code    26  stm32f10x_tim.o(.text)
    TIM_OC3PolarityConfig                    0x08001745   Thumb Code    26  stm32f10x_tim.o(.text)
    TIM_OC3NPolarityConfig                   0x0800175f   Thumb Code    26  stm32f10x_tim.o(.text)
    TIM_OC4PolarityConfig                    0x08001779   Thumb Code    26  stm32f10x_tim.o(.text)
    TIM_CCxCmd                               0x08001793   Thumb Code    30  stm32f10x_tim.o(.text)
    TIM_CCxNCmd                              0x080017b1   Thumb Code    30  stm32f10x_tim.o(.text)
    TIM_SelectOCxM                           0x080017cf   Thumb Code    82  stm32f10x_tim.o(.text)
    TIM_UpdateDisableConfig                  0x08001821   Thumb Code    24  stm32f10x_tim.o(.text)
    TIM_UpdateRequestConfig                  0x08001839   Thumb Code    24  stm32f10x_tim.o(.text)
    TIM_SelectHallSensor                     0x08001851   Thumb Code    24  stm32f10x_tim.o(.text)
    TIM_SelectOnePulseMode                   0x08001869   Thumb Code    18  stm32f10x_tim.o(.text)
    TIM_SelectOutputTrigger                  0x0800187b   Thumb Code    18  stm32f10x_tim.o(.text)
    TIM_SelectSlaveMode                      0x0800188d   Thumb Code    18  stm32f10x_tim.o(.text)
    TIM_SelectMasterSlaveMode                0x0800189f   Thumb Code    18  stm32f10x_tim.o(.text)
    TIM_SetCounter                           0x080018b1   Thumb Code     4  stm32f10x_tim.o(.text)
    TIM_SetAutoreload                        0x080018b5   Thumb Code     4  stm32f10x_tim.o(.text)
    TIM_SetCompare1                          0x080018b9   Thumb Code     4  stm32f10x_tim.o(.text)
    TIM_SetCompare2                          0x080018bd   Thumb Code     4  stm32f10x_tim.o(.text)
    TIM_SetCompare3                          0x080018c1   Thumb Code     4  stm32f10x_tim.o(.text)
    TIM_SetCompare4                          0x080018c5   Thumb Code     6  stm32f10x_tim.o(.text)
    TIM_SetClockDivision                     0x080018cb   Thumb Code    18  stm32f10x_tim.o(.text)
    TIM_GetCapture1                          0x080018dd   Thumb Code     6  stm32f10x_tim.o(.text)
    TIM_GetCapture2                          0x080018e3   Thumb Code     6  stm32f10x_tim.o(.text)
    TIM_GetCapture3                          0x080018e9   Thumb Code     6  stm32f10x_tim.o(.text)
    TIM_GetCapture4                          0x080018ef   Thumb Code     8  stm32f10x_tim.o(.text)
    TIM_GetCounter                           0x080018f7   Thumb Code     6  stm32f10x_tim.o(.text)
    TIM_GetPrescaler                         0x080018fd   Thumb Code     6  stm32f10x_tim.o(.text)
    TIM_GetFlagStatus                        0x08001903   Thumb Code    18  stm32f10x_tim.o(.text)
    TIM_ClearFlag                            0x08001915   Thumb Code     6  stm32f10x_tim.o(.text)
    TIM_GetITStatus                          0x0800191b   Thumb Code    34  stm32f10x_tim.o(.text)
    TIM_ClearITPendingBit                    0x0800193d   Thumb Code     6  stm32f10x_tim.o(.text)
    USART_DeInit                             0x08001945   Thumb Code   134  stm32f10x_usart.o(.text)
    USART_Init                               0x080019cb   Thumb Code   210  stm32f10x_usart.o(.text)
    USART_StructInit                         0x08001a9d   Thumb Code    24  stm32f10x_usart.o(.text)
    USART_ClockInit                          0x08001ab5   Thumb Code    34  stm32f10x_usart.o(.text)
    USART_ClockStructInit                    0x08001ad7   Thumb Code    12  stm32f10x_usart.o(.text)
    USART_Cmd                                0x08001ae3   Thumb Code    24  stm32f10x_usart.o(.text)
    USART_ITConfig                           0x08001afb   Thumb Code    74  stm32f10x_usart.o(.text)
    USART_DMACmd                             0x08001b45   Thumb Code    18  stm32f10x_usart.o(.text)
    USART_SetAddress                         0x08001b57   Thumb Code    18  stm32f10x_usart.o(.text)
    USART_WakeUpConfig                       0x08001b69   Thumb Code    18  stm32f10x_usart.o(.text)
    USART_ReceiverWakeUpCmd                  0x08001b7b   Thumb Code    24  stm32f10x_usart.o(.text)
    USART_LINBreakDetectLengthConfig         0x08001b93   Thumb Code    18  stm32f10x_usart.o(.text)
    USART_LINCmd                             0x08001ba5   Thumb Code    24  stm32f10x_usart.o(.text)
    USART_SendData                           0x08001bbd   Thumb Code     8  stm32f10x_usart.o(.text)
    USART_ReceiveData                        0x08001bc5   Thumb Code    10  stm32f10x_usart.o(.text)
    USART_SendBreak                          0x08001bcf   Thumb Code    10  stm32f10x_usart.o(.text)
    USART_SetGuardTime                       0x08001bd9   Thumb Code    16  stm32f10x_usart.o(.text)
    USART_SetPrescaler                       0x08001be9   Thumb Code    16  stm32f10x_usart.o(.text)
    USART_SmartCardCmd                       0x08001bf9   Thumb Code    24  stm32f10x_usart.o(.text)
    USART_SmartCardNACKCmd                   0x08001c11   Thumb Code    24  stm32f10x_usart.o(.text)
    USART_HalfDuplexCmd                      0x08001c29   Thumb Code    24  stm32f10x_usart.o(.text)
    USART_OverSampling8Cmd                   0x08001c41   Thumb Code    22  stm32f10x_usart.o(.text)
    USART_OneBitMethodCmd                    0x08001c57   Thumb Code    24  stm32f10x_usart.o(.text)
    USART_IrDAConfig                         0x08001c6f   Thumb Code    18  stm32f10x_usart.o(.text)
    USART_IrDACmd                            0x08001c81   Thumb Code    24  stm32f10x_usart.o(.text)
    USART_GetFlagStatus                      0x08001c99   Thumb Code    26  stm32f10x_usart.o(.text)
    USART_ClearFlag                          0x08001cb3   Thumb Code    18  stm32f10x_usart.o(.text)
    USART_GetITStatus                        0x08001cc5   Thumb Code    84  stm32f10x_usart.o(.text)
    USART_ClearITPendingBit                  0x08001d19   Thumb Code    52  stm32f10x_usart.o(.text)
    delay_init                               0x08001d4d   Thumb Code    50  delay.o(.text)
    delay_us                                 0x08001d7f   Thumb Code    72  delay.o(.text)
    delay_ms                                 0x08001dc7   Thumb Code    72  delay.o(.text)
    _sys_exit                                0x08001e21   Thumb Code     6  usart.o(.text)
    fputc                                    0x08001e27   Thumb Code    24  usart.o(.text)
    uart_init                                0x08001e3f   Thumb Code   152  usart.o(.text)
    USART1_IRQHandler                        0x08001ed7   Thumb Code   122  usart.o(.text)
    LED_Init                                 0x08001f61   Thumb Code    84  led.o(.text)
    TIM2_Getsample_Int                       0x08001fc1   Thumb Code    92  time.o(.text)
    TIM2_IRQHandler                          0x0800201d   Thumb Code    72  time.o(.text)
    MPU6050_newValues                        0x0800219d   Thumb Code   494  mpu6050.o(.text)
    MPU6050_setClockSource                   0x0800238b   Thumb Code    20  mpu6050.o(.text)
    MPU6050_setFullScaleGyroRange            0x0800239f   Thumb Code    20  mpu6050.o(.text)
    MPU6050_setFullScaleAccelRange           0x080023b3   Thumb Code    20  mpu6050.o(.text)
    MPU6050_setSleepEnabled                  0x080023c7   Thumb Code    18  mpu6050.o(.text)
    MPU6050_getDeviceID                      0x080023d9   Thumb Code    20  mpu6050.o(.text)
    MPU6050_testConnection                   0x080023ed   Thumb Code    18  mpu6050.o(.text)
    MPU6050_setI2CMasterModeEnabled          0x080023ff   Thumb Code    18  mpu6050.o(.text)
    MPU6050_setI2CBypassEnabled              0x08002411   Thumb Code    18  mpu6050.o(.text)
    MPU6050_initialize                       0x08002423   Thumb Code    40  mpu6050.o(.text)
    DMP_Init                                 0x0800244b   Thumb Code   194  mpu6050.o(.text)
    Read_DMP                                 0x0800250d   Thumb Code   976  mpu6050.o(.text)
    MPU_Get_Gyroscope                        0x080028dd   Thumb Code    80  mpu6050.o(.text)
    MPU_Get_Accelerometer                    0x0800292d   Thumb Code    80  mpu6050.o(.text)
    Read_Temperature                         0x0800297d   Thumb Code   110  mpu6050.o(.text)
    IIC_Delay                                0x08002a11   Thumb Code    10  iic.o(.text)
    IIC_Init                                 0x08002a1b   Thumb Code    50  iic.o(.text)
    IIC_Start                                0x08002a4d   Thumb Code    94  iic.o(.text)
    IIC_Stop                                 0x08002aab   Thumb Code    66  iic.o(.text)
    IIC_Wait_Ack                             0x08002aed   Thumb Code    94  iic.o(.text)
    IIC_Ack                                  0x08002b4b   Thumb Code    70  iic.o(.text)
    IIC_NAck                                 0x08002b91   Thumb Code    70  iic.o(.text)
    IIC_Send_Byte                            0x08002bd7   Thumb Code   102  iic.o(.text)
    IIC_Read_Byte                            0x08002c3d   Thumb Code   100  iic.o(.text)
    i2cWrite                                 0x08002ca1   Thumb Code    96  iic.o(.text)
    i2cRead                                  0x08002d01   Thumb Code   118  iic.o(.text)
    I2C_ReadOneByte                          0x08002d77   Thumb Code    70  iic.o(.text)
    IICreadBytes                             0x08002dbd   Thumb Code   112  iic.o(.text)
    IICwriteBytes                            0x08002e2d   Thumb Code    70  iic.o(.text)
    IICreadByte                              0x08002e73   Thumb Code    22  iic.o(.text)
    IICwriteByte                             0x08002e89   Thumb Code    20  iic.o(.text)
    IICwriteBits                             0x08002e9d   Thumb Code   106  iic.o(.text)
    IICwriteBit                              0x08002f07   Thumb Code    64  iic.o(.text)
    mpu_reg_dump                             0x08002fd3   Thumb Code    72  inv_mpu.o(.text)
    mpu_read_reg                             0x0800301b   Thumb Code    66  inv_mpu.o(.text)
    mpu_set_int_latched                      0x0800305d   Thumb Code   102  inv_mpu.o(.text)
    mpu_set_sensors                          0x080030c3   Thumb Code   202  inv_mpu.o(.text)
    mpu_set_bypass                           0x0800318d   Thumb Code   328  inv_mpu.o(.text)
    mpu_reset_fifo                           0x080032d5   Thumb Code   444  inv_mpu.o(.text)
    mpu_configure_fifo                       0x08003491   Thumb Code   106  inv_mpu.o(.text)
    mpu_set_lpf                              0x080034fb   Thumb Code   126  inv_mpu.o(.text)
    mpu_lp_accel_mode                        0x08003579   Thumb Code   218  inv_mpu.o(.text)
    mpu_set_sample_rate                      0x08003653   Thumb Code   152  inv_mpu.o(.text)
    mpu_set_accel_fsr                        0x080036eb   Thumb Code   132  inv_mpu.o(.text)
    mpu_set_gyro_fsr                         0x0800376f   Thumb Code   132  inv_mpu.o(.text)
    mpu_init                                 0x080037f3   Thumb Code   416  inv_mpu.o(.text)
    myget_ms                                 0x08003993   Thumb Code     2  inv_mpu.o(.text)
    mpu_get_gyro_reg                         0x08003995   Thumb Code   110  inv_mpu.o(.text)
    mpu_get_accel_reg                        0x08003a03   Thumb Code   110  inv_mpu.o(.text)
    mpu_get_temperature                      0x08003a71   Thumb Code   150  inv_mpu.o(.text)
    mpu_set_accel_bias                       0x08003b07   Thumb Code   468  inv_mpu.o(.text)
    mpu_get_gyro_fsr                         0x08003cdb   Thumb Code    64  inv_mpu.o(.text)
    mpu_get_accel_fsr                        0x08003d1b   Thumb Code    72  inv_mpu.o(.text)
    mpu_get_lpf                              0x08003d63   Thumb Code    74  inv_mpu.o(.text)
    mpu_get_sample_rate                      0x08003dad   Thumb Code    26  inv_mpu.o(.text)
    mpu_get_compass_sample_rate              0x08003dc7   Thumb Code    10  inv_mpu.o(.text)
    mpu_set_compass_sample_rate              0x08003dd1   Thumb Code     8  inv_mpu.o(.text)
    mpu_get_gyro_sens                        0x08003dd9   Thumb Code    58  inv_mpu.o(.text)
    mpu_get_accel_sens                       0x08003e13   Thumb Code    78  inv_mpu.o(.text)
    mpu_get_fifo_config                      0x08003e61   Thumb Code    12  inv_mpu.o(.text)
    mpu_get_power_state                      0x08003e6d   Thumb Code    22  inv_mpu.o(.text)
    mpu_get_int_status                       0x08003e83   Thumb Code    64  inv_mpu.o(.text)
    mpu_read_fifo                            0x08003ec3   Thumb Code   520  inv_mpu.o(.text)
    mpu_read_fifo_stream                     0x080040cb   Thumb Code   186  inv_mpu.o(.text)
    mpu_set_int_level                        0x08004185   Thumb Code    12  inv_mpu.o(.text)
    mpu_set_dmp_state                        0x08004865   Thumb Code   138  inv_mpu.o(.text)
    mpu_run_self_test                        0x080048ef   Thumb Code   278  inv_mpu.o(.text)
    mpu_write_mem                            0x08004a05   Thumb Code   122  inv_mpu.o(.text)
    mpu_read_mem                             0x08004a7f   Thumb Code   122  inv_mpu.o(.text)
    mpu_load_firmware                        0x08004af9   Thumb Code   190  inv_mpu.o(.text)
    mpu_get_dmp_state                        0x08004bb7   Thumb Code    14  inv_mpu.o(.text)
    mpu_get_compass_reg                      0x08004bc5   Thumb Code     8  inv_mpu.o(.text)
    mpu_get_compass_fsr                      0x08004bcd   Thumb Code     8  inv_mpu.o(.text)
    mpu_lp_motion_interrupt                  0x08004bd5   Thumb Code   512  inv_mpu.o(.text)
    dmp_load_motion_driver_firmware          0x08004dd9   Thumb Code    20  inv_mpu_dmp_motion_driver.o(.text)
    dmp_set_orientation                      0x08004ded   Thumb Code   290  inv_mpu_dmp_motion_driver.o(.text)
    dmp_set_gyro_bias                        0x08004f0f   Thumb Code   294  inv_mpu_dmp_motion_driver.o(.text)
    dmp_set_accel_bias                       0x08005035   Thumb Code   300  inv_mpu_dmp_motion_driver.o(.text)
    dmp_set_fifo_rate                        0x08005161   Thumb Code   136  inv_mpu_dmp_motion_driver.o(.text)
    dmp_get_fifo_rate                        0x080051e9   Thumb Code    12  inv_mpu_dmp_motion_driver.o(.text)
    dmp_set_tap_thresh                       0x080051f5   Thumb Code   396  inv_mpu_dmp_motion_driver.o(.text)
    dmp_set_tap_axes                         0x08005381   Thumb Code    70  inv_mpu_dmp_motion_driver.o(.text)
    dmp_set_tap_count                        0x080053c7   Thumb Code    38  inv_mpu_dmp_motion_driver.o(.text)
    dmp_set_tap_time                         0x080053ed   Thumb Code    38  inv_mpu_dmp_motion_driver.o(.text)
    dmp_set_tap_time_multi                   0x08005413   Thumb Code    38  inv_mpu_dmp_motion_driver.o(.text)
    dmp_set_shake_reject_thresh              0x08005439   Thumb Code    56  inv_mpu_dmp_motion_driver.o(.text)
    dmp_set_shake_reject_time                0x08005471   Thumb Code    38  inv_mpu_dmp_motion_driver.o(.text)
    dmp_set_shake_reject_timeout             0x08005497   Thumb Code    38  inv_mpu_dmp_motion_driver.o(.text)
    dmp_get_pedometer_step_count             0x080054bd   Thumb Code    66  inv_mpu_dmp_motion_driver.o(.text)
    dmp_set_pedometer_step_count             0x080054ff   Thumb Code    42  inv_mpu_dmp_motion_driver.o(.text)
    dmp_get_pedometer_walk_time              0x08005529   Thumb Code    72  inv_mpu_dmp_motion_driver.o(.text)
    dmp_set_pedometer_walk_time              0x08005571   Thumb Code    48  inv_mpu_dmp_motion_driver.o(.text)
    dmp_enable_6x_lp_quat                    0x080055a1   Thumb Code    84  inv_mpu_dmp_motion_driver.o(.text)
    dmp_enable_lp_quat                       0x080055f5   Thumb Code    60  inv_mpu_dmp_motion_driver.o(.text)
    dmp_enable_gyro_cal                      0x08005631   Thumb Code    62  inv_mpu_dmp_motion_driver.o(.text)
    dmp_enable_feature                       0x0800566f   Thumb Code   530  inv_mpu_dmp_motion_driver.o(.text)
    dmp_get_enabled_features                 0x08005881   Thumb Code    12  inv_mpu_dmp_motion_driver.o(.text)
    dmp_set_interrupt_mode                   0x080058eb   Thumb Code    66  inv_mpu_dmp_motion_driver.o(.text)
    dmp_read_fifo                            0x0800592d   Thumb Code   514  inv_mpu_dmp_motion_driver.o(.text)
    dmp_register_tap_cb                      0x08005b2f   Thumb Code    10  inv_mpu_dmp_motion_driver.o(.text)
    dmp_register_android_orient_cb           0x08005b39   Thumb Code    10  inv_mpu_dmp_motion_driver.o(.text)
    __aeabi_ldivmod                          0x08005b49   Thumb Code    98  ldiv.o(.text)
    __aeabi_memset                           0x08005bab   Thumb Code    14  memseta.o(.text)
    __aeabi_memset4                          0x08005bab   Thumb Code     0  memseta.o(.text)
    __aeabi_memset8                          0x08005bab   Thumb Code     0  memseta.o(.text)
    __aeabi_memclr                           0x08005bb9   Thumb Code     4  memseta.o(.text)
    __aeabi_memclr4                          0x08005bb9   Thumb Code     0  memseta.o(.text)
    __aeabi_memclr8                          0x08005bb9   Thumb Code     0  memseta.o(.text)
    _memset$wrapper                          0x08005bbd   Thumb Code    18  memseta.o(.text)
    memcmp                                   0x08005bcf   Thumb Code    26  memcmp.o(.text)
    __aeabi_fadd                             0x08005be9   Thumb Code   164  fadd.o(.text)
    __aeabi_fsub                             0x08005c8d   Thumb Code     6  fadd.o(.text)
    __aeabi_frsub                            0x08005c93   Thumb Code     6  fadd.o(.text)
    __aeabi_fmul                             0x08005c99   Thumb Code   100  fmul.o(.text)
    __aeabi_fdiv                             0x08005cfd   Thumb Code   124  fdiv.o(.text)
    __aeabi_dadd                             0x08005d79   Thumb Code   322  dadd.o(.text)
    __aeabi_dsub                             0x08005ebb   Thumb Code     6  dadd.o(.text)
    __aeabi_drsub                            0x08005ec1   Thumb Code     6  dadd.o(.text)
    __aeabi_dmul                             0x08005ec7   Thumb Code   228  dmul.o(.text)
    __aeabi_i2f                              0x08005fab   Thumb Code    18  fflti.o(.text)
    __aeabi_ui2f                             0x08005fbd   Thumb Code    10  ffltui.o(.text)
    __aeabi_f2iz                             0x08005fc7   Thumb Code    50  ffixi.o(.text)
    __aeabi_f2uiz                            0x08005ff9   Thumb Code    40  ffixui.o(.text)
    __aeabi_f2d                              0x08006021   Thumb Code    38  f2d.o(.text)
    __aeabi_d2f                              0x08006047   Thumb Code    56  d2f.o(.text)
    __aeabi_cfcmpeq                          0x08006081   Thumb Code     0  cfcmple.o(.text)
    __aeabi_cfcmple                          0x08006081   Thumb Code    20  cfcmple.o(.text)
    __aeabi_cfrcmple                         0x08006095   Thumb Code    20  cfrcmple.o(.text)
    __aeabi_uidiv                            0x080060a9   Thumb Code     0  uidiv.o(.text)
    __aeabi_uidivmod                         0x080060a9   Thumb Code    44  uidiv.o(.text)
    __aeabi_uldivmod                         0x080060d5   Thumb Code    98  uldiv.o(.text)
    __aeabi_llsl                             0x08006137   Thumb Code    30  llshl.o(.text)
    _ll_shift_l                              0x08006137   Thumb Code     0  llshl.o(.text)
    __aeabi_lasr                             0x08006155   Thumb Code    36  llsshr.o(.text)
    _ll_sshift_r                             0x08006155   Thumb Code     0  llsshr.o(.text)
    __I$use$fp                               0x08006179   Thumb Code     0  iusefp.o(.text)
    _float_round                             0x08006179   Thumb Code    18  fepilogue.o(.text)
    _float_epilogue                          0x0800618b   Thumb Code    92  fepilogue.o(.text)
    _double_round                            0x080061e7   Thumb Code    30  depilogue.o(.text)
    _double_epilogue                         0x08006205   Thumb Code   156  depilogue.o(.text)
    __aeabi_ddiv                             0x080062a1   Thumb Code   222  ddiv.o(.text)
    __ARM_scalbn                             0x0800637f   Thumb Code    46  dscalb.o(.text)
    scalbn                                   0x0800637f   Thumb Code     0  dscalb.o(.text)
    __scatterload                            0x080063ad   Thumb Code    28  init.o(.text)
    __scatterload_rt2                        0x080063ad   Thumb Code     0  init.o(.text)
    __aeabi_llsr                             0x080063d1   Thumb Code    32  llushr.o(.text)
    _ll_ushift_r                             0x080063d1   Thumb Code     0  llushr.o(.text)
    _dsqrt                                   0x080063f1   Thumb Code   162  dsqrt.o(.text)
    __0printf$1                              0x08006495   Thumb Code    22  printf1.o(i.__0printf$1)
    __1printf$1                              0x08006495   Thumb Code     0  printf1.o(i.__0printf$1)
    __2printf                                0x08006495   Thumb Code     0  printf1.o(i.__0printf$1)
    __ARM_fpclassify                         0x080064b5   Thumb Code    40  fpclassify.o(i.__ARM_fpclassify)
    __kernel_poly                            0x080064dd   Thumb Code   170  poly.o(i.__kernel_poly)
    __mathlib_dbl_infnan                     0x08006587   Thumb Code     6  dunder.o(i.__mathlib_dbl_infnan)
    __mathlib_dbl_infnan2                    0x0800658d   Thumb Code     4  dunder.o(i.__mathlib_dbl_infnan2)
    __mathlib_dbl_invalid                    0x08006591   Thumb Code    12  dunder.o(i.__mathlib_dbl_invalid)
    __mathlib_dbl_underflow                  0x0800659d   Thumb Code    10  dunder.o(i.__mathlib_dbl_underflow)
    __scatterload_copy                       0x080065ad   Thumb Code    14  handlers.o(i.__scatterload_copy)
    __scatterload_null                       0x080065bb   Thumb Code     2  handlers.o(i.__scatterload_null)
    __scatterload_zeroinit                   0x080065bd   Thumb Code    14  handlers.o(i.__scatterload_zeroinit)
    __set_errno                              0x080065cd   Thumb Code     6  errno.o(i.__set_errno)
    asin                                     0x0800672d   Thumb Code   572  asin.o(i.asin)
    atan                                     0x0800699d   Thumb Code   474  atan.o(i.atan)
    atan2                                    0x08006bbd   Thumb Code   346  atan2.o(i.atan2)
    sqrt                                     0x08006d3d   Thumb Code    76  sqrt.o(i.sqrt)
    hw                                       0x08006d88   Data          12  inv_mpu.o(.constdata)
    reg                                      0x08006d94   Data          27  inv_mpu.o(.constdata)
    test                                     0x08006db0   Data          40  inv_mpu.o(.constdata)
    __mathlib_zero                           0x08007ab8   Data           8  qnan.o(.constdata)
    Region$$Table$$Base                      0x08007b10   Number         0  anon$$obj.o(Region$$Table)
    Region$$Table$$Limit                     0x08007b30   Number         0  anon$$obj.o(Region$$Table)
    SystemCoreClock                          0x20000000   Data           4  system_stm32f10x.o(.data)
    AHBPrescTable                            0x20000004   Data          16  system_stm32f10x.o(.data)
    __stdout                                 0x2000002c   Data           4  usart.o(.data)
    USART_RX_STA                             0x20000030   Data           2  usart.o(.data)
    gyro                                     0x20000034   Data           6  mpu6050.o(.data)
    accel                                    0x2000003a   Data           6  mpu6050.o(.data)
    sensors                                  0x20000040   Data           2  mpu6050.o(.data)
    q0                                       0x20000044   Data           4  mpu6050.o(.data)
    q1                                       0x20000048   Data           4  mpu6050.o(.data)
    q2                                       0x2000004c   Data           4  mpu6050.o(.data)
    q3                                       0x20000050   Data           4  mpu6050.o(.data)
    Gx_offset                                0x2000005e   Data           2  mpu6050.o(.data)
    Gy_offset                                0x20000060   Data           2  mpu6050.o(.data)
    Gz_offset                                0x20000062   Data           2  mpu6050.o(.data)
    USART_RX_BUF                             0x20000094   Data         200  usart.o(.bss)
    buffer                                   0x2000015c   Data          14  mpu6050.o(.bss)
    MPU6050_FIFO                             0x2000016a   Data         132  mpu6050.o(.bss)
    __initial_sp                             0x20000600   Data           0  startup_stm32f10x_md.o(STACK)



==============================================================================

Memory Map of the image

  Image Entry point : 0x080000ed

  Load Region LR_IROM1 (Base: 0x08000000, Size: 0x00007bc4, Max: 0x00010000, ABSOLUTE)

    Execution Region ER_IROM1 (Exec base: 0x08000000, Load base: 0x08000000, Size: 0x00007b30, Max: 0x00010000, ABSOLUTE)

    Exec Addr    Load Addr    Size         Type   Attr      Idx    E Section Name        Object

    0x08000000   0x08000000   0x000000ec   Data   RO          216    RESET               startup_stm32f10x_md.o
    0x080000ec   0x080000ec   0x00000000   Code   RO          689  * .ARM.Collect$$$$00000000  mc_w.l(entry.o)
    0x080000ec   0x080000ec   0x00000004   Code   RO         1022    .ARM.Collect$$$$00000001  mc_w.l(entry2.o)
    0x080000f0   0x080000f0   0x00000004   Code   RO         1025    .ARM.Collect$$$$00000004  mc_w.l(entry5.o)
    0x080000f4   0x080000f4   0x00000000   Code   RO         1027    .ARM.Collect$$$$00000008  mc_w.l(entry7b.o)
    0x080000f4   0x080000f4   0x00000000   Code   RO         1029    .ARM.Collect$$$$0000000A  mc_w.l(entry8b.o)
    0x080000f4   0x080000f4   0x00000008   Code   RO         1030    .ARM.Collect$$$$0000000B  mc_w.l(entry9a.o)
    0x080000fc   0x080000fc   0x00000000   Code   RO         1032    .ARM.Collect$$$$0000000D  mc_w.l(entry10a.o)
    0x080000fc   0x080000fc   0x00000000   Code   RO         1034    .ARM.Collect$$$$0000000F  mc_w.l(entry11a.o)
    0x080000fc   0x080000fc   0x00000004   Code   RO         1023    .ARM.Collect$$$$00002712  mc_w.l(entry2.o)
    0x08000100   0x08000100   0x0000002c   Code   RO            1    .text               main.o
    0x0800012c   0x0800012c   0x0000001a   Code   RO          144    .text               stm32f10x_it.o
    0x08000146   0x08000146   0x00000002   PAD
    0x08000148   0x08000148   0x000001e0   Code   RO          185    .text               system_stm32f10x.o
    0x08000328   0x08000328   0x00000024   Code   RO          217    .text               startup_stm32f10x_md.o
    0x0800034c   0x0800034c   0x000000dc   Code   RO          221    .text               misc.o
    0x08000428   0x08000428   0x0000035c   Code   RO          365    .text               stm32f10x_gpio.o
    0x08000784   0x08000784   0x000003a4   Code   RO          413    .text               stm32f10x_rcc.o
    0x08000b28   0x08000b28   0x00000e1a   Code   RO          463    .text               stm32f10x_tim.o
    0x08001942   0x08001942   0x00000002   PAD
    0x08001944   0x08001944   0x00000408   Code   RO          475    .text               stm32f10x_usart.o
    0x08001d4c   0x08001d4c   0x000000d4   Code   RO          499    .text               delay.o
    0x08001e20   0x08001e20   0x00000140   Code   RO          529    .text               usart.o
    0x08001f60   0x08001f60   0x00000060   Code   RO          552    .text               led.o
    0x08001fc0   0x08001fc0   0x000000d0   Code   RO          564    .text               time.o
    0x08002090   0x08002090   0x00000980   Code   RO          587    .text               mpu6050.o
    0x08002a10   0x08002a10   0x00000536   Code   RO          611    .text               iic.o
    0x08002f46   0x08002f46   0x00000002   PAD
    0x08002f48   0x08002f48   0x00001e90   Code   RO          623    .text               inv_mpu.o
    0x08004dd8   0x08004dd8   0x00000d70   Code   RO          650    .text               inv_mpu_dmp_motion_driver.o
    0x08005b48   0x08005b48   0x00000062   Code   RO          692    .text               mc_w.l(ldiv.o)
    0x08005baa   0x08005baa   0x00000024   Code   RO          694    .text               mc_w.l(memseta.o)
    0x08005bce   0x08005bce   0x0000001a   Code   RO          696    .text               mc_w.l(memcmp.o)
    0x08005be8   0x08005be8   0x000000b0   Code   RO          959    .text               mf_w.l(fadd.o)
    0x08005c98   0x08005c98   0x00000064   Code   RO          961    .text               mf_w.l(fmul.o)
    0x08005cfc   0x08005cfc   0x0000007c   Code   RO          963    .text               mf_w.l(fdiv.o)
    0x08005d78   0x08005d78   0x0000014e   Code   RO          965    .text               mf_w.l(dadd.o)
    0x08005ec6   0x08005ec6   0x000000e4   Code   RO          967    .text               mf_w.l(dmul.o)
    0x08005faa   0x08005faa   0x00000012   Code   RO          969    .text               mf_w.l(fflti.o)
    0x08005fbc   0x08005fbc   0x0000000a   Code   RO          971    .text               mf_w.l(ffltui.o)
    0x08005fc6   0x08005fc6   0x00000032   Code   RO          973    .text               mf_w.l(ffixi.o)
    0x08005ff8   0x08005ff8   0x00000028   Code   RO          975    .text               mf_w.l(ffixui.o)
    0x08006020   0x08006020   0x00000026   Code   RO          977    .text               mf_w.l(f2d.o)
    0x08006046   0x08006046   0x00000038   Code   RO          979    .text               mf_w.l(d2f.o)
    0x0800607e   0x0800607e   0x00000002   PAD
    0x08006080   0x08006080   0x00000014   Code   RO          981    .text               mf_w.l(cfcmple.o)
    0x08006094   0x08006094   0x00000014   Code   RO          983    .text               mf_w.l(cfrcmple.o)
    0x080060a8   0x080060a8   0x0000002c   Code   RO         1036    .text               mc_w.l(uidiv.o)
    0x080060d4   0x080060d4   0x00000062   Code   RO         1038    .text               mc_w.l(uldiv.o)
    0x08006136   0x08006136   0x0000001e   Code   RO         1040    .text               mc_w.l(llshl.o)
    0x08006154   0x08006154   0x00000024   Code   RO         1042    .text               mc_w.l(llsshr.o)
    0x08006178   0x08006178   0x00000000   Code   RO         1051    .text               mc_w.l(iusefp.o)
    0x08006178   0x08006178   0x0000006e   Code   RO         1052    .text               mf_w.l(fepilogue.o)
    0x080061e6   0x080061e6   0x000000ba   Code   RO         1054    .text               mf_w.l(depilogue.o)
    0x080062a0   0x080062a0   0x000000de   Code   RO         1056    .text               mf_w.l(ddiv.o)
    0x0800637e   0x0800637e   0x0000002e   Code   RO         1058    .text               mf_w.l(dscalb.o)
    0x080063ac   0x080063ac   0x00000024   Code   RO         1064    .text               mc_w.l(init.o)
    0x080063d0   0x080063d0   0x00000020   Code   RO         1066    .text               mc_w.l(llushr.o)
    0x080063f0   0x080063f0   0x000000a2   Code   RO         1068    .text               mf_w.l(dsqrt.o)
    0x08006492   0x08006492   0x00000002   PAD
    0x08006494   0x08006494   0x00000020   Code   RO          743    i.__0printf$1       mc_w.l(printf1.o)
    0x080064b4   0x080064b4   0x00000028   Code   RO         1009    i.__ARM_fpclassify  m_ws.l(fpclassify.o)
    0x080064dc   0x080064dc   0x000000aa   Code   RO         1011    i.__kernel_poly     m_ws.l(poly.o)
    0x08006586   0x08006586   0x00000006   Code   RO          996    i.__mathlib_dbl_infnan  m_ws.l(dunder.o)
    0x0800658c   0x0800658c   0x00000004   Code   RO          997    i.__mathlib_dbl_infnan2  m_ws.l(dunder.o)
    0x08006590   0x08006590   0x0000000c   Code   RO          998    i.__mathlib_dbl_invalid  m_ws.l(dunder.o)
    0x0800659c   0x0800659c   0x00000010   Code   RO         1001    i.__mathlib_dbl_underflow  m_ws.l(dunder.o)
    0x080065ac   0x080065ac   0x0000000e   Code   RO         1074    i.__scatterload_copy  mc_w.l(handlers.o)
    0x080065ba   0x080065ba   0x00000002   Code   RO         1075    i.__scatterload_null  mc_w.l(handlers.o)
    0x080065bc   0x080065bc   0x0000000e   Code   RO         1076    i.__scatterload_zeroinit  mc_w.l(handlers.o)
    0x080065ca   0x080065ca   0x00000002   PAD
    0x080065cc   0x080065cc   0x0000000c   Code   RO         1046    i.__set_errno       mc_w.l(errno.o)
    0x080065d8   0x080065d8   0x00000154   Code   RO          750    i._printf_core      mc_w.l(printf1.o)
    0x0800672c   0x0800672c   0x00000270   Code   RO          672    i.asin              m_ws.l(asin.o)
    0x0800699c   0x0800699c   0x00000220   Code   RO          986    i.atan              m_ws.l(atan.o)
    0x08006bbc   0x08006bbc   0x00000180   Code   RO          682    i.atan2             m_ws.l(atan2.o)
    0x08006d3c   0x08006d3c   0x0000004c   Code   RO         1015    i.sqrt              m_ws.l(sqrt.o)
    0x08006d88   0x08006d88   0x00000050   Data   RO          624    .constdata          inv_mpu.o
    0x08006dd8   0x08006dd8   0x00000bf6   Data   RO          652    .constdata          inv_mpu_dmp_motion_driver.o
    0x080079ce   0x080079ce   0x00000002   PAD
    0x080079d0   0x080079d0   0x00000050   Data   RO          673    .constdata          m_ws.l(asin.o)
    0x08007a20   0x08007a20   0x00000098   Data   RO          987    .constdata          m_ws.l(atan.o)
    0x08007ab8   0x08007ab8   0x00000008   Data   RO         1013    .constdata          m_ws.l(qnan.o)
    0x08007ac0   0x08007ac0   0x0000004e   Data   RO          625    .conststring        inv_mpu.o
    0x08007b0e   0x08007b0e   0x00000002   PAD
    0x08007b10   0x08007b10   0x00000020   Data   RO         1072    Region$$Table       anon$$obj.o


    Execution Region RW_IRAM1 (Exec base: 0x20000000, Load base: 0x08007b30, Size: 0x00000600, Max: 0x00005000, ABSOLUTE)

    Exec Addr    Load Addr    Size         Type   Attr      Idx    E Section Name        Object

    0x20000000   0x08007b30   0x00000014   Data   RW          186    .data               system_stm32f10x.o
    0x20000014   0x08007b44   0x00000014   Data   RW          414    .data               stm32f10x_rcc.o
    0x20000028   0x08007b58   0x00000004   Data   RW          500    .data               delay.o
    0x2000002c   0x08007b5c   0x00000006   Data   RW          531    .data               usart.o
    0x20000032   0x08007b62   0x00000002   PAD
    0x20000034   0x08007b64   0x00000030   Data   RW          589    .data               mpu6050.o
    0x20000064   0x08007b94   0x0000002c   Data   RW          626    .data               inv_mpu.o
    0x20000090   0x08007bc0   0x00000004   Data   RW         1047    .data               mc_w.l(errno.o)
    0x20000094        -       0x000000c8   Zero   RW          530    .bss                usart.o
    0x2000015c        -       0x00000092   Zero   RW          588    .bss                mpu6050.o
    0x200001ee   0x08007bc4   0x00000002   PAD
    0x200001f0        -       0x00000010   Zero   RW          651    .bss                inv_mpu_dmp_motion_driver.o
    0x20000200        -       0x00000400   Zero   RW          214    STACK               startup_stm32f10x_md.o


==============================================================================

Image component sizes


      Code (inc. data)   RO Data    RW Data    ZI Data      Debug   Object Name

         0          0          0          0          0         32   core_cm3.o
       212         18          0          4          0       1075   delay.o
      1334         12          0          0          0       5948   iic.o
      7824        172        158         44          0      21891   inv_mpu.o
      3440        126       3062          0         16      15339   inv_mpu_dmp_motion_driver.o
        96         12          0          0          0        523   led.o
        44          0          0          0          0     251919   main.o
       220         22          0          0          0       1833   misc.o
      2432        444          0         48        146      21635   mpu6050.o
        36          8        236          0       1024        808   startup_stm32f10x_md.o
       860         38          0          0          0       5765   stm32f10x_gpio.o
        26          0          0          0          0       1194   stm32f10x_it.o
       932         36          0         20          0       8956   stm32f10x_rcc.o
      3610         88          0          0          0      22872   stm32f10x_tim.o
      1032         22          0          0          0       8488   stm32f10x_usart.o
       480         38          0         20          0       1787   system_stm32f10x.o
       208         44          0          0          0        961   time.o
       320         16          0          6        200       3218   usart.o

    ----------------------------------------------------------------------
     23112       1096       3492        144       1388     374244   Object Totals
         0          0         32          0          0          0   (incl. Generated)
         6          0          4          2          2          0   (incl. Padding)

    ----------------------------------------------------------------------

      Code (inc. data)   RO Data    RW Data    ZI Data      Debug   Library Member Name

       624         52         80          0          0        168   asin.o
       544         70        152          0          0        124   atan.o
       384         38          0          0          0        144   atan2.o
        38          6          0          0          0        272   dunder.o
        40          0          0          0          0         68   fpclassify.o
       170          0          0          0          0         96   poly.o
         0          0          8          0          0          0   qnan.o
        76          0          0          0          0         84   sqrt.o
         0          0          0          0          0          0   entry.o
         0          0          0          0          0          0   entry10a.o
         0          0          0          0          0          0   entry11a.o
         8          4          0          0          0          0   entry2.o
         4          0          0          0          0          0   entry5.o
         0          0          0          0          0          0   entry7b.o
         0          0          0          0          0          0   entry8b.o
         8          4          0          0          0          0   entry9a.o
        12          6          0          4          0         68   errno.o
        30          0          0          0          0          0   handlers.o
        36          8          0          0          0         68   init.o
         0          0          0          0          0          0   iusefp.o
        98          0          0          0          0         84   ldiv.o
        30          0          0          0          0         68   llshl.o
        36          0          0          0          0         68   llsshr.o
        32          0          0          0          0         68   llushr.o
        26          0          0          0          0         80   memcmp.o
        36          0          0          0          0        108   memseta.o
       372         14          0          0          0        184   printf1.o
        44          0          0          0          0         80   uidiv.o
        98          0          0          0          0         92   uldiv.o
        20          0          0          0          0         68   cfcmple.o
        20          0          0          0          0         68   cfrcmple.o
        56          0          0          0          0         88   d2f.o
       334          0          0          0          0        148   dadd.o
       222          0          0          0          0        100   ddiv.o
       186          0          0          0          0        176   depilogue.o
       228          0          0          0          0         96   dmul.o
        46          0          0          0          0         80   dscalb.o
       162          0          0          0          0        100   dsqrt.o
        38          0          0          0          0         68   f2d.o
       176          0          0          0          0        140   fadd.o
       124          0          0          0          0         88   fdiv.o
       110          0          0          0          0        168   fepilogue.o
        50          0          0          0          0         68   ffixi.o
        40          0          0          0          0         68   ffixui.o
        18          0          0          0          0         68   fflti.o
        10          0          0          0          0         68   ffltui.o
       100          0          0          0          0         76   fmul.o

    ----------------------------------------------------------------------
      4692        202        240          4          0       3660   Library Totals
         6          0          0          0          0          0   (incl. Padding)

    ----------------------------------------------------------------------

      Code (inc. data)   RO Data    RW Data    ZI Data      Debug   Library Name

      1876        166        240          0          0        956   m_ws.l
       870         36          0          4          0        968   mc_w.l
      1940          0          0          0          0       1736   mf_w.l

    ----------------------------------------------------------------------
      4692        202        240          4          0       3660   Library Totals

    ----------------------------------------------------------------------

==============================================================================


      Code (inc. data)   RO Data    RW Data    ZI Data      Debug   

     27804       1298       3732        148       1388     374728   Grand Totals
     27804       1298       3732        148       1388     374728   ELF Image Totals
     27804       1298       3732        148          0          0   ROM Totals

==============================================================================

    Total RO  Size (Code + RO Data)                31536 (  30.80kB)
    Total RW  Size (RW Data + ZI Data)              1536 (   1.50kB)
    Total ROM Size (Code + RO Data + RW Data)      31684 (  30.94kB)

==============================================================================

